Component: ARM Compiler 5.06 update 4 (build 422) Tool: armlink [4d35d2]

==============================================================================

Section Cross References

    app.o(.text) refers to strcpy.o(.text) for strcpy
    app.o(.text) refers to timer.o(.text) for Timer_Start
    app.o(.text) refers to os_time.o(.text) for OSTimeDlyHMSM
    app.o(.text) refers to printf1.o(i.__0printf$1) for __2printf
    app.o(.text) refers to stm32f10x_gpio.o(.text) for GPIO_ResetBits
    app.o(.text) refers to usart.o(.bss) for USART_RxBuffer
    app.o(.text) refers to global_variable_struct.o(.data) for counter
    mpu9250.o(.text) refers to memseta.o(.text) for __aeabi_memclr4
    mpu9250.o(.text) refers to iic.o(.text) for IIC_Read
    mpu9250.o(.text) refers to printf1.o(i.__0printf$1) for __2printf
    mpu9250.o(.text) refers to delay.o(.text) for delay_us
    mpu9250.o(.text) refers to fflti.o(.text) for __aeabi_i2f
    mpu9250.o(.text) refers to f2d.o(.text) for __aeabi_f2d
    mpu9250.o(.text) refers to dmul.o(.text) for __aeabi_dmul
    mpu9250.o(.text) refers to ddiv.o(.text) for __aeabi_ddiv
    mpu9250.o(.text) refers to d2f.o(.text) for __aeabi_d2f
    battery.o(.text) refers to stm32f10x_rcc.o(.text) for RCC_AHBPeriphClockCmd
    battery.o(.text) refers to stm32f10x_gpio.o(.text) for GPIO_Init
    battery.o(.text) refers to stm32f10x_dma.o(.text) for DMA_DeInit
    battery.o(.text) refers to stm32f10x_adc.o(.text) for ADC_Init
    battery.o(.text) refers to ffltui.o(.text) for __aeabi_ui2f
    battery.o(.text) refers to f2d.o(.text) for __aeabi_f2d
    battery.o(.text) refers to cdcmple.o(.text) for __aeabi_cdcmple
    battery.o(.text) refers to global_variable_struct.o(.data) for battery
    motor.o(.text) refers to stm32f10x_rcc.o(.text) for RCC_APB1PeriphClockCmd
    motor.o(.text) refers to stm32f10x_gpio.o(.text) for GPIO_Init
    motor.o(.text) refers to stm32f10x_tim.o(.text) for TIM_TimeBaseInit
    motor.o(.text) refers to motor.o(.bss) for TIM_TimeBaseStructure
    motor.o(.text) refers to global_variable_struct.o(.data) for motor_pwm
    bsp.o(.text) refers to system_stm32f10x.o(.text) for SystemInit
    bsp.o(.text) refers to battery.o(.text) for Battery_Init
    bsp.o(.text) refers to debug.o(.text) for Debug_Init
    bsp.o(.text) refers to timer.o(.text) for Timer_Init
    bsp.o(.text) refers to stm32f10x_rcc.o(.text) for RCC_APB2PeriphClockCmd
    bsp.o(.text) refers to stm32f10x_gpio.o(.text) for GPIO_Init
    bsp.o(.text) refers to system_stm32f10x.o(.data) for SystemCoreClock
    main.o(.text) refers to bsp.o(.text) for BSP_Init
    main.o(.text) refers to os_core.o(.text) for OSInit
    main.o(.text) refers to os_task.o(.text) for OSTaskCreate
    main.o(.text) refers to main.o(.bss) for task_LED1_stk
    main.o(.text) refers to app.o(.text) for Task_LED1
    stm32f10x_it.o(.text) refers to os_core.o(.text) for OSIntEnter
    stm32f10x_it.o(.text) refers to stm32f10x_tim.o(.text) for TIM_GetITStatus
    stm32f10x_it.o(.text) refers to global_variable_struct.o(.data) for counter
    iic.o(.text) refers to stm32f10x_rcc.o(.text) for RCC_APB2PeriphClockCmd
    iic.o(.text) refers to stm32f10x_gpio.o(.text) for GPIO_Init
    iic.o(.text) refers to printf1.o(i.__0printf$1) for __2printf
    iic.o(.text) refers to delay.o(.text) for delay_us
    delay.o(.text) refers to dfltui.o(.text) for __aeabi_ui2d
    delay.o(.text) refers to dmul.o(.text) for __aeabi_dmul
    delay.o(.text) refers to dfixui.o(.text) for __aeabi_d2uiz
    kalman.o(.text) refers to fadd.o(.text) for __aeabi_fsub
    kalman.o(.text) refers to fmul.o(.text) for __aeabi_fmul
    kalman.o(.text) refers to fdiv.o(.text) for __aeabi_fdiv
    kalman.o(.text) refers to global_variable_struct.o(.bss) for kalman
    debug.o(.text) refers to stm32f10x_dma.o(.text) for DMA_Cmd
    debug.o(.text) refers to memseta.o(.text) for __aeabi_memclr
    debug.o(.text) refers to usart.o(.text) for usart_Init
    debug.o(.text) refers to dflti.o(.text) for __aeabi_i2d
    debug.o(.text) refers to pow.o(i.pow) for pow
    debug.o(.text) refers to d2f.o(.text) for __aeabi_d2f
    debug.o(.text) refers to fflti.o(.text) for __aeabi_i2f
    debug.o(.text) refers to fmul.o(.text) for __aeabi_fmul
    debug.o(.text) refers to fadd.o(.text) for __aeabi_fadd
    debug.o(.text) refers to ffixi.o(.text) for __aeabi_f2iz
    debug.o(.text) refers to stm32f10x_flash.o(.text) for FLASH_Unlock
    debug.o(.text) refers to ffltui.o(.text) for __aeabi_ui2f
    debug.o(.text) refers to fdiv.o(.text) for __aeabi_fdiv
    debug.o(.text) refers to usart.o(.bss) for USART_RxBuffer
    debug.o(.text) refers to global_variable_struct.o(.bss) for pid_parm
    debug.o(.text) refers to debug.o(.data) for FLASHStatus
    usart.o(.text) refers to stm32f10x_usart.o(.text) for USART_SendData
    usart.o(.text) refers to stm32f10x_rcc.o(.text) for RCC_APB2PeriphClockCmd
    usart.o(.text) refers to stm32f10x_gpio.o(.text) for GPIO_Init
[...]
    ../clib/microlib/init/entry.s            0x00000000   Number         0  entry10a.o ABSOLUTE
    ../clib/microlib/init/entry.s            0x00000000   Number         0  entry.o ABSOLUTE
    ../clib/microlib/init/entry.s            0x00000000   Number         0  entry11b.o ABSOLUTE
    ../clib/microlib/init/entry.s            0x00000000   Number         0  entry10b.o ABSOLUTE
    ../clib/microlib/init/entry.s            0x00000000   Number         0  entry5.o ABSOLUTE
    ../clib/microlib/init/entry.s            0x00000000   Number         0  entry7b.o ABSOLUTE
    ../clib/microlib/longlong.c              0x00000000   Number         0  llsshr.o ABSOLUTE
    ../clib/microlib/longlong.c              0x00000000   Number         0  llshl.o ABSOLUTE
    ../clib/microlib/longlong.c              0x00000000   Number         0  llushr.o ABSOLUTE
    ../clib/microlib/printf/printf.c         0x00000000   Number         0  printf7.o ABSOLUTE
    ../clib/microlib/printf/printf.c         0x00000000   Number         0  printf8.o ABSOLUTE
    ../clib/microlib/printf/printf.c         0x00000000   Number         0  printfb.o ABSOLUTE
    ../clib/microlib/printf/printf.c         0x00000000   Number         0  printf1.o ABSOLUTE
    ../clib/microlib/printf/printf.c         0x00000000   Number         0  printfa.o ABSOLUTE
    ../clib/microlib/printf/printf.c         0x00000000   Number         0  printf0.o ABSOLUTE
    ../clib/microlib/printf/printf.c         0x00000000   Number         0  printf6.o ABSOLUTE
    ../clib/microlib/printf/printf.c         0x00000000   Number         0  printf5.o ABSOLUTE
    ../clib/microlib/printf/printf.c         0x00000000   Number         0  printf4.o ABSOLUTE
    ../clib/microlib/printf/printf.c         0x00000000   Number         0  printf3.o ABSOLUTE
    ../clib/microlib/printf/printf.c         0x00000000   Number         0  printf2.o ABSOLUTE
    ../clib/microlib/printf/stubs.s          0x00000000   Number         0  stubs.o ABSOLUTE
    ../clib/microlib/string/memset.c         0x00000000   Number         0  memseta.o ABSOLUTE
    ../clib/microlib/string/strcpy.c         0x00000000   Number         0  strcpy.o ABSOLUTE
    ../clib/microlib/stubs.s                 0x00000000   Number         0  iusefp.o ABSOLUTE
    ../fplib/microlib/d2f.c                  0x00000000   Number         0  d2f.o ABSOLUTE
    ../fplib/microlib/f2d.c                  0x00000000   Number         0  f2d.o ABSOLUTE
    ../fplib/microlib/fpadd.c                0x00000000   Number         0  fadd.o ABSOLUTE
    ../fplib/microlib/fpadd.c                0x00000000   Number         0  dadd.o ABSOLUTE
    ../fplib/microlib/fpdiv.c                0x00000000   Number         0  fdiv.o ABSOLUTE
    ../fplib/microlib/fpdiv.c                0x00000000   Number         0  ddiv.o ABSOLUTE
    ../fplib/microlib/fpepilogue.c           0x00000000   Number         0  fepilogue.o ABSOLUTE
    ../fplib/microlib/fpepilogue.c           0x00000000   Number         0  depilogue.o ABSOLUTE
    ../fplib/microlib/fpfix.c                0x00000000   Number         0  ffixi.o ABSOLUTE
    ../fplib/microlib/fpfix.c                0x00000000   Number         0  dfixui.o ABSOLUTE
    ../fplib/microlib/fpfix.c                0x00000000   Number         0  dfixul.o ABSOLUTE
    ../fplib/microlib/fpflt.c                0x00000000   Number         0  dfltui.o ABSOLUTE
    ../fplib/microlib/fpflt.c                0x00000000   Number         0  dflti.o ABSOLUTE
    ../fplib/microlib/fpflt.c                0x00000000   Number         0  ffltui.o ABSOLUTE
    ../fplib/microlib/fpflt.c                0x00000000   Number         0  fflti.o ABSOLUTE
    ../fplib/microlib/fpmul.c                0x00000000   Number         0  fmul.o ABSOLUTE
    ../fplib/microlib/fpmul.c                0x00000000   Number         0  dmul.o ABSOLUTE
    ../fplib/microlib/fpscalb.c              0x00000000   Number         0  dscalb.o ABSOLUTE
    ../fplib/microlib/fpsqrt.c               0x00000000   Number         0  dsqrt.o ABSOLUTE
    ../mathlib/dunder.c                      0x00000000   Number         0  dunder.o ABSOLUTE
    ../mathlib/fpclassify.c                  0x00000000   Number         0  fpclassify.o ABSOLUTE
    ../mathlib/poly.c                        0x00000000   Number         0  poly.o ABSOLUTE
    ../mathlib/pow.c                         0x00000000   Number         0  pow_x.o ABSOLUTE
    ../mathlib/pow.c                         0x00000000   Number         0  pow.o ABSOLUTE
    ../mathlib/qnan.c                        0x00000000   Number         0  qnan.o ABSOLUTE
    ../mathlib/sqrt.c                        0x00000000   Number         0  sqrt.o ABSOLUTE
    ../mathlib/sqrt.c                        0x00000000   Number         0  sqrt_x.o ABSOLUTE
    APP\app.c                                0x00000000   Number         0  app.o ABSOLUTE
    APP\battery.c                            0x00000000   Number         0  battery.o ABSOLUTE
    APP\motor.c                              0x00000000   Number         0  motor.o ABSOLUTE
    APP\mpu9250.c                            0x00000000   Number         0  mpu9250.o ABSOLUTE
    BSP\BSP.c                                0x00000000   Number         0  bsp.o ABSOLUTE
    CMSIS\\core_cm3.c                        0x00000000   Number         0  core_cm3.o ABSOLUTE
    CMSIS\core_cm3.c                         0x00000000   Number         0  core_cm3.o ABSOLUTE
    CMSIS\system_stm32f10x.c                 0x00000000   Number         0  system_stm32f10x.o ABSOLUTE
    FWLIB\src\misc.c                         0x00000000   Number         0  misc.o ABSOLUTE
    FWLIB\src\stm32f10x_adc.c                0x00000000   Number         0  stm32f10x_adc.o ABSOLUTE
    FWLIB\src\stm32f10x_bkp.c                0x00000000   Number         0  stm32f10x_bkp.o ABSOLUTE
    FWLIB\src\stm32f10x_can.c                0x00000000   Number         0  stm32f10x_can.o ABSOLUTE
    FWLIB\src\stm32f10x_cec.c                0x00000000   Number         0  stm32f10x_cec.o ABSOLUTE
    FWLIB\src\stm32f10x_crc.c                0x00000000   Number         0  stm32f10x_crc.o ABSOLUTE
    FWLIB\src\stm32f10x_dac.c                0x00000000   Number         0  stm32f10x_dac.o ABSOLUTE
    FWLIB\src\stm32f10x_dbgmcu.c             0x00000000   Number         0  stm32f10x_dbgmcu.o ABSOLUTE
    FWLIB\src\stm32f10x_dma.c                0x00000000   Number         0  stm32f10x_dma.o ABSOLUTE
    FWLIB\src\stm32f10x_exti.c               0x00000000   Number         0  stm32f10x_exti.o ABSOLUTE
    FWLIB\src\stm32f10x_flash.c              0x00000000   Number         0  stm32f10x_flash.o ABSOLUTE
    FWLIB\src\stm32f10x_fsmc.c               0x00000000   Number         0  stm32f10x_fsmc.o ABSOLUTE
    FWLIB\src\stm32f10x_gpio.c               0x00000000   Number         0  stm32f10x_gpio.o ABSOLUTE
    FWLIB\src\stm32f10x_i2c.c                0x00000000   Number         0  stm32f10x_i2c.o ABSOLUTE
    FWLIB\src\stm32f10x_iwdg.c               0x00000000   Number         0  stm32f10x_iwdg.o ABSOLUTE
    FWLIB\src\stm32f10x_pwr.c                0x00000000   Number         0  stm32f10x_pwr.o ABSOLUTE
    FWLIB\src\stm32f10x_rcc.c                0x00000000   Number         0  stm32f10x_rcc.o ABSOLUTE
    FWLIB\src\stm32f10x_rtc.c                0x00000000   Number         0  stm32f10x_rtc.o ABSOLUTE
    FWLIB\src\stm32f10x_sdio.c               0x00000000   Number         0  stm32f10x_sdio.o ABSOLUTE
    FWLIB\src\stm32f10x_spi.c                0x00000000   Number         0  stm32f10x_spi.o ABSOLUTE
    FWLIB\src\stm32f10x_tim.c                0x00000000   Number         0  stm32f10x_tim.o ABSOLUTE
    FWLIB\src\stm32f10x_usart.c              0x00000000   Number         0  stm32f10x_usart.o ABSOLUTE
    FWLIB\src\stm32f10x_wwdg.c               0x00000000   Number         0  stm32f10x_wwdg.o ABSOLUTE
    STARTCODE\startup_stm32f10x_hd.s         0x00000000   Number         0  startup_stm32f10x_hd.o ABSOLUTE
    USER\Global_Variable_Struct.c            0x00000000   Number         0  global_variable_struct.o ABSOLUTE
    USER\main.c                              0x00000000   Number         0  main.o ABSOLUTE
    USER\stm32f10x_it.c                      0x00000000   Number         0  stm32f10x_it.o ABSOLUTE
    cdcmple.s                                0x00000000   Number         0  cdcmple.o ABSOLUTE
    cdrcmple.s                               0x00000000   Number         0  cdrcmple.o ABSOLUTE
    cfcmple.s                                0x00000000   Number         0  cfcmple.o ABSOLUTE
    cfrcmple.s                               0x00000000   Number         0  cfrcmple.o ABSOLUTE
    dc.s                                     0x00000000   Number         0  dc.o ABSOLUTE
    handlers.s                               0x00000000   Number         0  handlers.o ABSOLUTE
    implements\ctrl.c                        0x00000000   Number         0  ctrl.o ABSOLUTE
    implements\debug.c                       0x00000000   Number         0  debug.o ABSOLUTE
    implements\delay.c                       0x00000000   Number         0  delay.o ABSOLUTE
    implements\iic.c                         0x00000000   Number         0  iic.o ABSOLUTE
    implements\kalman.c                      0x00000000   Number         0  kalman.o ABSOLUTE
    implements\timer.c                       0x00000000   Number         0  timer.o ABSOLUTE
    implements\usart.c                       0x00000000   Number         0  usart.o ABSOLUTE
    init.s                                   0x00000000   Number         0  init.o ABSOLUTE
    uCOS_Port\os_cpu_a.asm                   0x00000000   Number         0  os_cpu_a.o ABSOLUTE
    uCOS_Port\os_cpu_c.c                     0x00000000   Number         0  os_cpu_c.o ABSOLUTE
    uCOS_Port\os_dbg.c                       0x00000000   Number         0  os_dbg.o ABSOLUTE
    uCOS_Sources\os_core.c                   0x00000000   Number         0  os_core.o ABSOLUTE
    uCOS_Sources\os_flag.c                   0x00000000   Number         0  os_flag.o ABSOLUTE
    uCOS_Sources\os_mbox.c                   0x00000000   Number         0  os_mbox.o ABSOLUTE
    uCOS_Sources\os_mem.c                    0x00000000   Number         0  os_mem.o ABSOLUTE
    uCOS_Sources\os_mutex.c                  0x00000000   Number         0  os_mutex.o ABSOLUTE
    uCOS_Sources\os_q.c                      0x00000000   Number         0  os_q.o ABSOLUTE
    uCOS_Sources\os_sem.c                    0x00000000   Number         0  os_sem.o ABSOLUTE
    uCOS_Sources\os_task.c                   0x00000000   Number         0  os_task.o ABSOLUTE
    uCOS_Sources\os_time.c                   0x00000000   Number         0  os_time.o ABSOLUTE
    uCOS_Sources\os_tmr.c                    0x00000000   Number         0  os_tmr.o ABSOLUTE
    RESET                                    0x08000000   Section      304  startup_stm32f10x_hd.o(RESET)
    .ARM.Collect$$$$00000000                 0x08000130   Section        0  entry.o(.ARM.Collect$$$$00000000)
    .ARM.Collect$$$$00000001                 0x08000130   Section        4  entry2.o(.ARM.Collect$$$$00000001)
    .ARM.Collect$$$$00000004                 0x08000134   Section        4  entry5.o(.ARM.Collect$$$$00000004)
    .ARM.Collect$$$$00000008                 0x08000138   Section        0  entry7b.o(.ARM.Collect$$$$00000008)
    .ARM.Collect$$$$0000000A                 0x08000138   Section        0  entry8b.o(.ARM.Collect$$$$0000000A)
    .ARM.Collect$$$$0000000B                 0x08000138   Section        8  entry9a.o(.ARM.Collect$$$$0000000B)
    .ARM.Collect$$$$0000000D                 0x08000140   Section        0  entry10a.o(.ARM.Collect$$$$0000000D)
    .ARM.Collect$$$$0000000F                 0x08000140   Section        0  entry11a.o(.ARM.Collect$$$$0000000F)
    .ARM.Collect$$$$00002712                 0x08000140   Section        4  entry2.o(.ARM.Collect$$$$00002712)
    __lit__00000000                          0x08000140   Data           4  entry2.o(.ARM.Collect$$$$00002712)
    .text                                    0x08000144   Section        0  app.o(.text)
    .text                                    0x08000254   Section        0  battery.o(.text)
    ADC1_GPIO_Config                         0x08000255   Thumb Code    42  battery.o(.text)
    Battery_Config                           0x0800027f   Thumb Code   214  battery.o(.text)
    .text                                    0x080003a8   Section        0  bsp.o(.text)
    .text                                    0x08000454   Section        0  main.o(.text)
    .text                                    0x0800047c   Section        0  stm32f10x_it.o(.text)
    .text                                    0x080004c8   Section        0  debug.o(.text)
    .text                                    0x08000774   Section        0  usart.o(.text)
    .text                                    0x080008c4   Section        0  timer.o(.text)
    .text                                    0x08000954   Section       36  startup_stm32f10x_hd.o(.text)
    .text                                    0x08000978   Section        0  system_stm32f10x.o(.text)
    SetSysClockTo72                          0x08000979   Thumb Code   214  system_stm32f10x.o(.text)
    SetSysClock                              0x08000a4f   Thumb Code     8  system_stm32f10x.o(.text)
    .text                                    0x08000b58   Section        0  misc.o(.text)
    .text                                    0x08000c34   Section        0  stm32f10x_adc.o(.text)
    .text                                    0x08001084   Section        0  stm32f10x_dma.o(.text)
    .text                                    0x080012d8   Section        0  stm32f10x_flash.o(.text)
    .text                                    0x08001894   Section        0  stm32f10x_gpio.o(.text)
    .text                                    0x08001bf0   Section        0  stm32f10x_rcc.o(.text)
    .text                                    0x08001f94   Section        0  stm32f10x_tim.o(.text)
    TI4_Config                               0x0800243b   Thumb Code   130  stm32f10x_tim.o(.text)
    TI3_Config                               0x080024cf   Thumb Code   122  stm32f10x_tim.o(.text)
    TI2_Config                               0x08002563   Thumb Code   130  stm32f10x_tim.o(.text)
    TI1_Config                               0x080025f7   Thumb Code   108  stm32f10x_tim.o(.text)
    .text                                    0x08002db0   Section        0  stm32f10x_usart.o(.text)
    .text                                    0x080031b8   Section      164  os_cpu_a.o(.text)
    .text                                    0x0800325c   Section        0  os_cpu_c.o(.text)
    .text                                    0x08003308   Section        0  os_core.o(.text)
    OS_InitTaskStat                          0x080033b1   Thumb Code    52  os_core.o(.text)
    OS_InitTaskIdle                          0x08003405   Thumb Code    52  os_core.o(.text)
    OS_InitEventList                         0x08003439   Thumb Code     2  os_core.o(.text)
    OS_InitTCBList                           0x0800344d   Thumb Code    86  os_core.o(.text)
    OS_InitRdyList                           0x080034a3   Thumb Code    46  os_core.o(.text)
    OS_InitMisc                              0x080034d1   Thumb Code    44  os_core.o(.text)
    OS_SchedNew                              0x0800353d   Thumb Code    26  os_core.o(.text)
    .text                                    0x080039cc   Section        0  os_task.o(.text)
    .text                                    0x0800418c   Section        0  os_time.o(.text)
    .text                                    0x08004374   Section        0  memseta.o(.text)
    .text                                    0x08004398   Section        0  strcpy.o(.text)
    .text                                    0x080043aa   Section        0  fadd.o(.text)
    .text                                    0x0800445a   Section        0  fmul.o(.text)
    .text                                    0x080044be   Section        0  fdiv.o(.text)
    .text                                    0x0800453a   Section        0  dmul.o(.text)
    .text                                    0x0800461e   Section        0  ddiv.o(.text)
    .text                                    0x080046fc   Section        0  fflti.o(.text)
    .text                                    0x0800470e   Section        0  ffltui.o(.text)
    .text                                    0x08004718   Section        0  dflti.o(.text)
    .text                                    0x0800473a   Section        0  ffixi.o(.text)
    .text                                    0x0800476c   Section        0  f2d.o(.text)
    .text                                    0x08004794   Section       48  cdcmple.o(.text)
    .text                                    0x080047c4   Section        0  d2f.o(.text)
    .text                                    0x080047fc   Section        0  uidiv.o(.text)
    .text                                    0x08004828   Section        0  llushr.o(.text)
    .text                                    0x08004848   Section        0  fepilogue.o(.text)
    .text                                    0x08004848   Section        0  iusefp.o(.text)
    .text                                    0x080048b6   Section        0  depilogue.o(.text)
    .text                                    0x08004970   Section        0  dadd.o(.text)
    .text                                    0x08004abe   Section        0  dscalb.o(.text)
    .text                                    0x08004aec   Section       48  cdrcmple.o(.text)
    .text                                    0x08004b1c   Section       36  init.o(.text)
    .text                                    0x08004b40   Section        0  llshl.o(.text)
    .text                                    0x08004b5e   Section        0  llsshr.o(.text)
    .text                                    0x08004b82   Section        0  dsqrt.o(.text)
    i.__0printf$1                            0x08004c24   Section        0  printf1.o(i.__0printf$1)
    i.__ARM_fpclassify                       0x08004c44   Section        0  fpclassify.o(i.__ARM_fpclassify)
    i.__kernel_poly                          0x08004c6c   Section        0  poly.o(i.__kernel_poly)
    i.__mathlib_dbl_divzero                  0x08004d18   Section        0  dunder.o(i.__mathlib_dbl_divzero)
    i.__mathlib_dbl_infnan2                  0x08004d28   Section        0  dunder.o(i.__mathlib_dbl_infnan2)
    i.__mathlib_dbl_invalid                  0x08004d2c   Section        0  dunder.o(i.__mathlib_dbl_invalid)
    i.__mathlib_dbl_overflow                 0x08004d38   Section        0  dunder.o(i.__mathlib_dbl_overflow)
    i.__mathlib_dbl_underflow                0x08004d48   Section        0  dunder.o(i.__mathlib_dbl_underflow)
    i.__scatterload_copy                     0x08004d58   Section       14  handlers.o(i.__scatterload_copy)
    i.__scatterload_null                     0x08004d66   Section        2  handlers.o(i.__scatterload_null)
    i.__scatterload_zeroinit                 0x08004d68   Section       14  handlers.o(i.__scatterload_zeroinit)
    i.__set_errno                            0x08004d78   Section        0  errno.o(i.__set_errno)
    i._printf_core                           0x08004d84   Section        0  printf1.o(i._printf_core)
    _printf_core                             0x08004d85   Thumb Code   336  printf1.o(i._printf_core)
    i.pow                                    0x08004ed8   Section        0  pow.o(i.pow)
    i.sqrt                                   0x080058b0   Section        0  sqrt.o(i.sqrt)
    .constdata                               0x080058fc   Section      256  os_core.o(.constdata)
    .constdata                               0x08005a00   Section      136  pow.o(.constdata)
    bp                                       0x08005a00   Data          16  pow.o(.constdata)
    dp_h                                     0x08005a10   Data          16  pow.o(.constdata)
    dp_l                                     0x08005a20   Data          16  pow.o(.constdata)
    L                                        0x08005a30   Data          48  pow.o(.constdata)
    P                                        0x08005a60   Data          40  pow.o(.constdata)
    .constdata                               0x08005a88   Section        8  qnan.o(.constdata)
    .data                                    0x20000000   Section       16  global_variable_struct.o(.data)
    .data                                    0x20000010   Section        1  debug.o(.data)
    .data                                    0x20000014   Section        8  usart.o(.data)
    .data                                    0x2000001c   Section       20  system_stm32f10x.o(.data)
    .data                                    0x20000030   Section       20  stm32f10x_rcc.o(.data)
    APBAHBPrescTable                         0x20000030   Data          16  stm32f10x_rcc.o(.data)
    ADCPrescTable                            0x20000040   Data           4  stm32f10x_rcc.o(.data)
    .data                                    0x20000044   Section       56  os_core.o(.data)
    .data                                    0x2000007c   Section        4  errno.o(.data)
    _errno                                   0x2000007c   Data           4  errno.o(.data)
    .bss                                     0x20000080   Section      960  main.o(.bss)
    task_LED1_stk                            0x20000080   Data         320  main.o(.bss)
    task_LED2_stk                            0x200001c0   Data         320  main.o(.bss)
    task_LED3_stk                            0x20000300   Data         320  main.o(.bss)
    .bss                                     0x20000440   Section      512  global_variable_struct.o(.bss)
    .bss                                     0x20000640   Section     1164  usart.o(.bss)
    task_LED1_stk                            0x20000640   Data         320  usart.o(.bss)
    task_LED2_stk                            0x20000780   Data         320  usart.o(.bss)
    task_LED3_stk                            0x200008c0   Data         320  usart.o(.bss)
    .bss                                     0x20000acc   Section     2520  os_core.o(.bss)
    STACK                                    0x200014a8   Section     1024  startup_stm32f10x_hd.o(STACK)

    Global Symbols

    Symbol Name                              Value     Ov Type        Size  Object(Section)

    BuildAttributes$$THM_ISAv4$P$D$K$B$S$PE$A:L22UL41UL21$X:L11$S22US41US21$IEEE1$IW$USESV6$~STKCKD$USESV7$~SHL$OTIME$ROPI$IEEEX$EBA8$MICROLIB$REQ8$PRES8$EABIv2 0x00000000   Number         0  anon$$obj.o ABSOLUTE
    __ARM_use_no_argv                        0x00000000   Number         0  main.o ABSOLUTE
    _printf_a                                0x00000000   Number         0  stubs.o ABSOLUTE
    _printf_c                                0x00000000   Number         0  stubs.o ABSOLUTE
    _printf_charcount                        0x00000000   Number         0  stubs.o ABSOLUTE
    _printf_d                                0x00000000   Number         0  stubs.o ABSOLUTE
    _printf_e                                0x00000000   Number         0  stubs.o ABSOLUTE
    _printf_f                                0x00000000   Number         0  stubs.o ABSOLUTE
    _printf_flags                            0x00000000   Number         0  stubs.o ABSOLUTE
    _printf_fp_dec                           0x00000000   Number         0  stubs.o ABSOLUTE
    _printf_fp_hex                           0x00000000   Number         0  stubs.o ABSOLUTE
    _printf_g                                0x00000000   Number         0  stubs.o ABSOLUTE
    _printf_i                                0x00000000   Number         0  stubs.o ABSOLUTE
    _printf_int_dec                          0x00000000   Number         0  stubs.o ABSOLUTE
    _printf_l                                0x00000000   Number         0  stubs.o ABSOLUTE
    _printf_lc                               0x00000000   Number         0  stubs.o ABSOLUTE
    _printf_ll                               0x00000000   Number         0  stubs.o ABSOLUTE
    _printf_lld                              0x00000000   Number         0  stubs.o ABSOLUTE
    _printf_lli                              0x00000000   Number         0  stubs.o ABSOLUTE
    _printf_llo                              0x00000000   Number         0  stubs.o ABSOLUTE
    _printf_llu                              0x00000000   Number         0  stubs.o ABSOLUTE
    _printf_llx                              0x00000000   Number         0  stubs.o ABSOLUTE
    _printf_longlong_dec                     0x00000000   Number         0  stubs.o ABSOLUTE
    _printf_longlong_hex                     0x00000000   Number         0  stubs.o ABSOLUTE
    _printf_longlong_oct                     0x00000000   Number         0  stubs.o ABSOLUTE
    _printf_ls                               0x00000000   Number         0  stubs.o ABSOLUTE
    _printf_mbtowc                           0x00000000   Number         0  stubs.o ABSOLUTE
    _printf_n                                0x00000000   Number         0  stubs.o ABSOLUTE
    _printf_o                                0x00000000   Number         0  stubs.o ABSOLUTE
    _printf_p                                0x00000000   Number         0  stubs.o ABSOLUTE
    _printf_percent                          0x00000000   Number         0  stubs.o ABSOLUTE
    _printf_pre_padding                      0x00000000   Number         0  stubs.o ABSOLUTE
    _printf_return_value                     0x00000000   Number         0  stubs.o ABSOLUTE
    _printf_s                                0x00000000   Number         0  stubs.o ABSOLUTE
    _printf_sizespec                         0x00000000   Number         0  stubs.o ABSOLUTE
    _printf_str                              0x00000000   Number         0  stubs.o ABSOLUTE
    _printf_truncate_signed                  0x00000000   Number         0  stubs.o ABSOLUTE
    _printf_truncate_unsigned                0x00000000   Number         0  stubs.o ABSOLUTE
    _printf_u                                0x00000000   Number         0  stubs.o ABSOLUTE
    _printf_wc                               0x00000000   Number         0  stubs.o ABSOLUTE
    _printf_wctomb                           0x00000000   Number         0  stubs.o ABSOLUTE
    _printf_widthprec                        0x00000000   Number         0  stubs.o ABSOLUTE
    _printf_x                                0x00000000   Number         0  stubs.o ABSOLUTE
    __cpp_initialize__aeabi_                  - Undefined Weak Reference
    __cxa_finalize                            - Undefined Weak Reference
    __decompress                              - Undefined Weak Reference
    _clock_init                               - Undefined Weak Reference
    _microlib_exit                            - Undefined Weak Reference
    __Vectors_Size                           0x00000130   Number         0  startup_stm32f10x_hd.o ABSOLUTE
    __Vectors                                0x08000000   Data           4  startup_stm32f10x_hd.o(RESET)
    __Vectors_End                            0x08000130   Data           0  startup_stm32f10x_hd.o(RESET)
    __main                                   0x08000131   Thumb Code     0  entry.o(.ARM.Collect$$$$00000000)
    _main_stk                                0x08000131   Thumb Code     0  entry2.o(.ARM.Collect$$$$00000001)
    _main_scatterload                        0x08000135   Thumb Code     0  entry5.o(.ARM.Collect$$$$00000004)
    __main_after_scatterload                 0x08000139   Thumb Code     0  entry5.o(.ARM.Collect$$$$00000004)
    _main_clock                              0x08000139   Thumb Code     0  entry7b.o(.ARM.Collect$$$$00000008)
    _main_cpp_init                           0x08000139   Thumb Code     0  entry8b.o(.ARM.Collect$$$$0000000A)
    _main_init                               0x08000139   Thumb Code     0  entry9a.o(.ARM.Collect$$$$0000000B)
    __rt_final_cpp                           0x08000141   Thumb Code     0  entry10a.o(.ARM.Collect$$$$0000000D)
    __rt_final_exit                          0x08000141   Thumb Code     0  entry11a.o(.ARM.Collect$$$$0000000F)
    Task_LED1                                0x08000145   Thumb Code    58  app.o(.text)
    Task_LED2                                0x0800017f   Thumb Code    64  app.o(.text)
    Task_LED3                                0x080001bf   Thumb Code    44  app.o(.text)
    Battery_Init                             0x08000355   Thumb Code    12  battery.o(.text)
    Battery_Read                             0x08000361   Thumb Code    46  battery.o(.text)
    SysTick_init                             0x080003a9   Thumb Code    84  bsp.o(.text)
    BSP_Init                                 0x080003fd   Thumb Code    24  bsp.o(.text)
    LED_Init                                 0x08000415   Thumb Code    48  bsp.o(.text)
    main                                     0x08000455   Thumb Code    30  main.o(.text)
    NMI_Handler                              0x0800047d   Thumb Code     2  stm32f10x_it.o(.text)
    HardFault_Handler                        0x0800047f   Thumb Code     4  stm32f10x_it.o(.text)
    MemManage_Handler                        0x08000483   Thumb Code     4  stm32f10x_it.o(.text)
    BusFault_Handler                         0x08000487   Thumb Code     4  stm32f10x_it.o(.text)
    UsageFault_Handler                       0x0800048b   Thumb Code     4  stm32f10x_it.o(.text)
    SVC_Handler                              0x0800048f   Thumb Code     2  stm32f10x_it.o(.text)
    DebugMon_Handler                         0x08000491   Thumb Code     2  stm32f10x_it.o(.text)
    PendSV_Handler                           0x08000493   Thumb Code     2  stm32f10x_it.o(.text)
    SysTick_Handler                          0x08000495   Thumb Code    16  stm32f10x_it.o(.text)
    TIM2_IRQHandler                          0x080004a5   Thumb Code    32  stm32f10x_it.o(.text)
    Restart_USART_DMA                        0x080004c9   Thumb Code    58  debug.o(.text)
    Debug_Init                               0x08000503   Thumb Code    16  debug.o(.text)
    set_pid                                  0x08000513   Thumb Code   214  debug.o(.text)
    save_pidparm                             0x080005e9   Thumb Code   146  debug.o(.text)
    get_pidparm                              0x0800067b   Thumb Code    76  debug.o(.text)
    clr_pidparm                              0x080006c7   Thumb Code    66  debug.o(.text)
    analyze_data                             0x08000709   Thumb Code    74  debug.o(.text)
    SendChar                                 0x08000775   Thumb Code    30  usart.o(.text)
    GetKey                                   0x08000793   Thumb Code    24  usart.o(.text)
    usart_Init                               0x080007ab   Thumb Code   124  usart.o(.text)
    USART_DMA                                0x08000827   Thumb Code    82  usart.o(.text)
    fputc                                    0x08000879   Thumb Code    14  usart.o(.text)
    fgetc                                    0x08000887   Thumb Code    16  usart.o(.text)
    _ttywrch                                 0x08000897   Thumb Code    12  usart.o(.text)
    ferror                                   0x080008a3   Thumb Code     8  usart.o(.text)
    _sys_exit                                0x080008ab   Thumb Code     4  usart.o(.text)
    TIM2_Mode_Config                         0x080008c5   Thumb Code    70  timer.o(.text)
    NVIC_Configuration                       0x0800090b   Thumb Code    34  timer.o(.text)
    Timer_Init                               0x0800092d   Thumb Code    12  timer.o(.text)
    Timer_Start                              0x08000939   Thumb Code    14  timer.o(.text)
    Timer_End                                0x08000947   Thumb Code    14  timer.o(.text)
    Reset_Handler                            0x08000955   Thumb Code     8  startup_stm32f10x_hd.o(.text)
    ADC1_2_IRQHandler                        0x0800096f   Thumb Code     0  startup_stm32f10x_hd.o(.text)
    ADC3_IRQHandler                          0x0800096f   Thumb Code     0  startup_stm32f10x_hd.o(.text)
    CAN1_RX1_IRQHandler                      0x0800096f   Thumb Code     0  startup_stm32f10x_hd.o(.text)
    CAN1_SCE_IRQHandler                      0x0800096f   Thumb Code     0  startup_stm32f10x_hd.o(.text)
    DMA1_Channel1_IRQHandler                 0x0800096f   Thumb Code     0  startup_stm32f10x_hd.o(.text)
    DMA1_Channel2_IRQHandler                 0x0800096f   Thumb Code     0  startup_stm32f10x_hd.o(.text)
    DMA1_Channel3_IRQHandler                 0x0800096f   Thumb Code     0  startup_stm32f10x_hd.o(.text)
    DMA1_Channel4_IRQHandler                 0x0800096f   Thumb Code     0  startup_stm32f10x_hd.o(.text)
    DMA1_Channel5_IRQHandler                 0x0800096f   Thumb Code     0  startup_stm32f10x_hd.o(.text)
    DMA1_Channel6_IRQHandler                 0x0800096f   Thumb Code     0  startup_stm32f10x_hd.o(.text)
    DMA1_Channel7_IRQHandler                 0x0800096f   Thumb Code     0  startup_stm32f10x_hd.o(.text)
    DMA2_Channel1_IRQHandler                 0x0800096f   Thumb Code     0  startup_stm32f10x_hd.o(.text)
    DMA2_Channel2_IRQHandler                 0x0800096f   Thumb Code     0  startup_stm32f10x_hd.o(.text)
    DMA2_Channel3_IRQHandler                 0x0800096f   Thumb Code     0  startup_stm32f10x_hd.o(.text)
    DMA2_Channel4_5_IRQHandler               0x0800096f   Thumb Code     0  startup_stm32f10x_hd.o(.text)
    EXTI0_IRQHandler                         0x0800096f   Thumb Code     0  startup_stm32f10x_hd.o(.text)
    EXTI15_10_IRQHandler                     0x0800096f   Thumb Code     0  startup_stm32f10x_hd.o(.text)
    EXTI1_IRQHandler                         0x0800096f   Thumb Code     0  startup_stm32f10x_hd.o(.text)
    EXTI2_IRQHandler                         0x0800096f   Thumb Code     0  startup_stm32f10x_hd.o(.text)
    EXTI3_IRQHandler                         0x0800096f   Thumb Code     0  startup_stm32f10x_hd.o(.text)
    EXTI4_IRQHandler                         0x0800096f   Thumb Code     0  startup_stm32f10x_hd.o(.text)
    EXTI9_5_IRQHandler                       0x0800096f   Thumb Code     0  startup_stm32f10x_hd.o(.text)
    FLASH_IRQHandler                         0x0800096f   Thumb Code     0  startup_stm32f10x_hd.o(.text)
    FSMC_IRQHandler                          0x0800096f   Thumb Code     0  startup_stm32f10x_hd.o(.text)
    I2C1_ER_IRQHandler                       0x0800096f   Thumb Code     0  startup_stm32f10x_hd.o(.text)
    I2C1_EV_IRQHandler                       0x0800096f   Thumb Code     0  startup_stm32f10x_hd.o(.text)
    I2C2_ER_IRQHandler                       0x0800096f   Thumb Code     0  startup_stm32f10x_hd.o(.text)
    I2C2_EV_IRQHandler                       0x0800096f   Thumb Code     0  startup_stm32f10x_hd.o(.text)
    PVD_IRQHandler                           0x0800096f   Thumb Code     0  startup_stm32f10x_hd.o(.text)
    RCC_IRQHandler                           0x0800096f   Thumb Code     0  startup_stm32f10x_hd.o(.text)
    RTCAlarm_IRQHandler                      0x0800096f   Thumb Code     0  startup_stm32f10x_hd.o(.text)
    RTC_IRQHandler                           0x0800096f   Thumb Code     0  startup_stm32f10x_hd.o(.text)
    SDIO_IRQHandler                          0x0800096f   Thumb Code     0  startup_stm32f10x_hd.o(.text)
    SPI1_IRQHandler                          0x0800096f   Thumb Code     0  startup_stm32f10x_hd.o(.text)
    SPI2_IRQHandler                          0x0800096f   Thumb Code     0  startup_stm32f10x_hd.o(.text)
    SPI3_IRQHandler                          0x0800096f   Thumb Code     0  startup_stm32f10x_hd.o(.text)
    TAMPER_IRQHandler                        0x0800096f   Thumb Code     0  startup_stm32f10x_hd.o(.text)
    TIM1_BRK_IRQHandler                      0x0800096f   Thumb Code     0  startup_stm32f10x_hd.o(.text)
    TIM1_CC_IRQHandler                       0x0800096f   Thumb Code     0  startup_stm32f10x_hd.o(.text)
    TIM1_TRG_COM_IRQHandler                  0x0800096f   Thumb Code     0  startup_stm32f10x_hd.o(.text)
    TIM1_UP_IRQHandler                       0x0800096f   Thumb Code     0  startup_stm32f10x_hd.o(.text)
    TIM3_IRQHandler                          0x0800096f   Thumb Code     0  startup_stm32f10x_hd.o(.text)
    TIM4_IRQHandler                          0x0800096f   Thumb Code     0  startup_stm32f10x_hd.o(.text)
    TIM5_IRQHandler                          0x0800096f   Thumb Code     0  startup_stm32f10x_hd.o(.text)
    TIM6_IRQHandler                          0x0800096f   Thumb Code     0  startup_stm32f10x_hd.o(.text)
    TIM7_IRQHandler                          0x0800096f   Thumb Code     0  startup_stm32f10x_hd.o(.text)
    TIM8_BRK_IRQHandler                      0x0800096f   Thumb Code     0  startup_stm32f10x_hd.o(.text)
    TIM8_CC_IRQHandler                       0x0800096f   Thumb Code     0  startup_stm32f10x_hd.o(.text)
    TIM8_TRG_COM_IRQHandler                  0x0800096f   Thumb Code     0  startup_stm32f10x_hd.o(.text)
    TIM8_UP_IRQHandler                       0x0800096f   Thumb Code     0  startup_stm32f10x_hd.o(.text)
    UART4_IRQHandler                         0x0800096f   Thumb Code     0  startup_stm32f10x_hd.o(.text)
    UART5_IRQHandler                         0x0800096f   Thumb Code     0  startup_stm32f10x_hd.o(.text)
    USART1_IRQHandler                        0x0800096f   Thumb Code     0  startup_stm32f10x_hd.o(.text)
    USART2_IRQHandler                        0x0800096f   Thumb Code     0  startup_stm32f10x_hd.o(.text)
    USART3_IRQHandler                        0x0800096f   Thumb Code     0  startup_stm32f10x_hd.o(.text)
    USBWakeUp_IRQHandler                     0x0800096f   Thumb Code     0  startup_stm32f10x_hd.o(.text)
    USB_HP_CAN1_TX_IRQHandler                0x0800096f   Thumb Code     0  startup_stm32f10x_hd.o(.text)
    USB_LP_CAN1_RX0_IRQHandler               0x0800096f   Thumb Code     0  startup_stm32f10x_hd.o(.text)
    WWDG_IRQHandler                          0x0800096f   Thumb Code     0  startup_stm32f10x_hd.o(.text)
    SystemInit                               0x08000a57   Thumb Code    78  system_stm32f10x.o(.text)
    SystemCoreClockUpdate                    0x08000aa5   Thumb Code   142  system_stm32f10x.o(.text)
    NVIC_PriorityGroupConfig                 0x08000b59   Thumb Code    10  misc.o(.text)
    NVIC_Init                                0x08000b63   Thumb Code   100  misc.o(.text)
    NVIC_SetVectorTable                      0x08000bc7   Thumb Code    14  misc.o(.text)
    NVIC_SystemLPConfig                      0x08000bd5   Thumb Code    34  misc.o(.text)
    SysTick_CLKSourceConfig                  0x08000bf7   Thumb Code    40  misc.o(.text)
    ADC_DeInit                               0x08000c35   Thumb Code    78  stm32f10x_adc.o(.text)
    ADC_Init                                 0x08000c83   Thumb Code    70  stm32f10x_adc.o(.text)
    ADC_StructInit                           0x08000cc9   Thumb Code    18  stm32f10x_adc.o(.text)
    ADC_Cmd                                  0x08000cdb   Thumb Code    22  stm32f10x_adc.o(.text)
    ADC_DMACmd                               0x08000cf1   Thumb Code    22  stm32f10x_adc.o(.text)
    ADC_ITConfig                             0x08000d07   Thumb Code    24  stm32f10x_adc.o(.text)
    ADC_ResetCalibration                     0x08000d1f   Thumb Code    10  stm32f10x_adc.o(.text)
    ADC_GetResetCalibrationStatus            0x08000d29   Thumb Code    20  stm32f10x_adc.o(.text)
    ADC_StartCalibration                     0x08000d3d   Thumb Code    10  stm32f10x_adc.o(.text)
    ADC_GetCalibrationStatus                 0x08000d47   Thumb Code    20  stm32f10x_adc.o(.text)
    ADC_SoftwareStartConvCmd                 0x08000d5b   Thumb Code    22  stm32f10x_adc.o(.text)
    ADC_GetSoftwareStartConvStatus           0x08000d71   Thumb Code    20  stm32f10x_adc.o(.text)
    ADC_DiscModeChannelCountConfig           0x08000d85   Thumb Code    24  stm32f10x_adc.o(.text)
    ADC_DiscModeCmd                          0x08000d9d   Thumb Code    22  stm32f10x_adc.o(.text)
    ADC_RegularChannelConfig                 0x08000db3   Thumb Code   184  stm32f10x_adc.o(.text)
    ADC_ExternalTrigConvCmd                  0x08000e6b   Thumb Code    22  stm32f10x_adc.o(.text)
    ADC_GetConversionValue                   0x08000e81   Thumb Code     8  stm32f10x_adc.o(.text)
    ADC_GetDualModeConversionValue           0x08000e89   Thumb Code     8  stm32f10x_adc.o(.text)
    ADC_AutoInjectedConvCmd                  0x08000e91   Thumb Code    22  stm32f10x_adc.o(.text)
    ADC_InjectedDiscModeCmd                  0x08000ea7   Thumb Code    22  stm32f10x_adc.o(.text)
    ADC_ExternalTrigInjectedConvConfig       0x08000ebd   Thumb Code    16  stm32f10x_adc.o(.text)
    ADC_ExternalTrigInjectedConvCmd          0x08000ecd   Thumb Code    22  stm32f10x_adc.o(.text)
    ADC_SoftwareStartInjectedConvCmd         0x08000ee3   Thumb Code    22  stm32f10x_adc.o(.text)
    ADC_GetSoftwareStartInjectedConvCmdStatus 0x08000ef9   Thumb Code    20  stm32f10x_adc.o(.text)
    ADC_InjectedChannelConfig                0x08000f0d   Thumb Code   130  stm32f10x_adc.o(.text)
    ADC_InjectedSequencerLengthConfig        0x08000f8f   Thumb Code    24  stm32f10x_adc.o(.text)
    ADC_SetInjectedOffset                    0x08000fa7   Thumb Code    20  stm32f10x_adc.o(.text)
    ADC_GetInjectedConversionValue           0x08000fbb   Thumb Code    28  stm32f10x_adc.o(.text)
    ADC_AnalogWatchdogCmd                    0x08000fd7   Thumb Code    16  stm32f10x_adc.o(.text)
    ADC_AnalogWatchdogThresholdsConfig       0x08000fe7   Thumb Code     6  stm32f10x_adc.o(.text)
    ADC_AnalogWatchdogSingleChannelConfig    0x08000fed   Thumb Code    16  stm32f10x_adc.o(.text)
    ADC_TempSensorVrefintCmd                 0x08000ffd   Thumb Code    64  stm32f10x_adc.o(.text)
    ADC_GetFlagStatus                        0x0800103d   Thumb Code    18  stm32f10x_adc.o(.text)
    ADC_ClearFlag                            0x0800104f   Thumb Code     6  stm32f10x_adc.o(.text)
    ADC_GetITStatus                          0x08001055   Thumb Code    36  stm32f10x_adc.o(.text)
    ADC_ClearITPendingBit                    0x08001079   Thumb Code    10  stm32f10x_adc.o(.text)
    DMA_DeInit                               0x08001085   Thumb Code   324  stm32f10x_dma.o(.text)
    DMA_Init                                 0x080011c9   Thumb Code    60  stm32f10x_dma.o(.text)
    DMA_StructInit                           0x08001205   Thumb Code    26  stm32f10x_dma.o(.text)
    DMA_Cmd                                  0x0800121f   Thumb Code    24  stm32f10x_dma.o(.text)
    DMA_ITConfig                             0x08001237   Thumb Code    18  stm32f10x_dma.o(.text)
    DMA_SetCurrDataCounter                   0x08001249   Thumb Code     4  stm32f10x_dma.o(.text)
    DMA_GetCurrDataCounter                   0x0800124d   Thumb Code     8  stm32f10x_dma.o(.text)
    DMA_GetFlagStatus                        0x08001255   Thumb Code    40  stm32f10x_dma.o(.text)
    DMA_ClearFlag                            0x0800127d   Thumb Code    22  stm32f10x_dma.o(.text)
    DMA_GetITStatus                          0x08001293   Thumb Code    40  stm32f10x_dma.o(.text)
    DMA_ClearITPendingBit                    0x080012bb   Thumb Code    22  stm32f10x_dma.o(.text)
    FLASH_SetLatency                         0x080012d9   Thumb Code    18  stm32f10x_flash.o(.text)
    FLASH_HalfCycleAccessCmd                 0x080012eb   Thumb Code    22  stm32f10x_flash.o(.text)
    FLASH_PrefetchBufferCmd                  0x08001301   Thumb Code    22  stm32f10x_flash.o(.text)
    FLASH_Unlock                             0x08001317   Thumb Code    12  stm32f10x_flash.o(.text)
    FLASH_UnlockBank1                        0x08001323   Thumb Code    12  stm32f10x_flash.o(.text)
    FLASH_Lock                               0x0800132f   Thumb Code    14  stm32f10x_flash.o(.text)
    FLASH_LockBank1                          0x0800133d   Thumb Code    14  stm32f10x_flash.o(.text)
    FLASH_GetBank1Status                     0x0800134b   Thumb Code    48  stm32f10x_flash.o(.text)
    FLASH_WaitForLastOperation               0x0800137b   Thumb Code    38  stm32f10x_flash.o(.text)
    FLASH_ErasePage                          0x080013a1   Thumb Code    72  stm32f10x_flash.o(.text)
    FLASH_EraseAllPages                      0x080013e9   Thumb Code    68  stm32f10x_flash.o(.text)
    FLASH_WaitForLastBank1Operation          0x0800142d   Thumb Code    38  stm32f10x_flash.o(.text)
    FLASH_EraseAllBank1Pages                 0x08001453   Thumb Code    68  stm32f10x_flash.o(.text)
    FLASH_GetReadOutProtectionStatus         0x08001497   Thumb Code    20  stm32f10x_flash.o(.text)
    FLASH_EraseOptionBytes                   0x080014ab   Thumb Code   150  stm32f10x_flash.o(.text)
    FLASH_ProgramWord                        0x08001541   Thumb Code   102  stm32f10x_flash.o(.text)
    FLASH_ProgramHalfWord                    0x080015a7   Thumb Code    60  stm32f10x_flash.o(.text)
    FLASH_ProgramOptionByteData              0x080015e3   Thumb Code    72  stm32f10x_flash.o(.text)
    FLASH_EnableWriteProtection              0x0800162b   Thumb Code   200  stm32f10x_flash.o(.text)
    FLASH_ReadOutProtection                  0x080016f3   Thumb Code   156  stm32f10x_flash.o(.text)
    FLASH_UserOptionByteConfig               0x0800178f   Thumb Code    88  stm32f10x_flash.o(.text)
    FLASH_GetUserOptionByte                  0x080017e7   Thumb Code     8  stm32f10x_flash.o(.text)
    FLASH_GetWriteProtectionOptionByte       0x080017ef   Thumb Code     6  stm32f10x_flash.o(.text)
    FLASH_GetPrefetchBufferStatus            0x080017f5   Thumb Code    20  stm32f10x_flash.o(.text)
    FLASH_ITConfig                           0x08001809   Thumb Code    26  stm32f10x_flash.o(.text)
    FLASH_GetFlagStatus                      0x08001823   Thumb Code    42  stm32f10x_flash.o(.text)
    FLASH_ClearFlag                          0x0800184d   Thumb Code     6  stm32f10x_flash.o(.text)
    FLASH_GetStatus                          0x08001853   Thumb Code    48  stm32f10x_flash.o(.text)
    GPIO_DeInit                              0x08001895   Thumb Code   172  stm32f10x_gpio.o(.text)
    GPIO_AFIODeInit                          0x08001941   Thumb Code    20  stm32f10x_gpio.o(.text)
    GPIO_Init                                0x08001955   Thumb Code   278  stm32f10x_gpio.o(.text)
    GPIO_StructInit                          0x08001a6b   Thumb Code    16  stm32f10x_gpio.o(.text)
    GPIO_ReadInputDataBit                    0x08001a7b   Thumb Code    18  stm32f10x_gpio.o(.text)
    GPIO_ReadInputData                       0x08001a8d   Thumb Code     8  stm32f10x_gpio.o(.text)
    GPIO_ReadOutputDataBit                   0x08001a95   Thumb Code    18  stm32f10x_gpio.o(.text)
    GPIO_ReadOutputData                      0x08001aa7   Thumb Code     8  stm32f10x_gpio.o(.text)
    GPIO_SetBits                             0x08001aaf   Thumb Code     4  stm32f10x_gpio.o(.text)
    GPIO_ResetBits                           0x08001ab3   Thumb Code     4  stm32f10x_gpio.o(.text)
    GPIO_WriteBit                            0x08001ab7   Thumb Code    10  stm32f10x_gpio.o(.text)
    GPIO_Write                               0x08001ac1   Thumb Code     4  stm32f10x_gpio.o(.text)
    GPIO_PinLockConfig                       0x08001ac5   Thumb Code    18  stm32f10x_gpio.o(.text)
    GPIO_EventOutputConfig                   0x08001ad7   Thumb Code    26  stm32f10x_gpio.o(.text)
    GPIO_EventOutputCmd                      0x08001af1   Thumb Code     6  stm32f10x_gpio.o(.text)
    GPIO_PinRemapConfig                      0x08001af7   Thumb Code   138  stm32f10x_gpio.o(.text)
    GPIO_EXTILineConfig                      0x08001b81   Thumb Code    66  stm32f10x_gpio.o(.text)
    GPIO_ETH_MediaInterfaceConfig            0x08001bc3   Thumb Code     8  stm32f10x_gpio.o(.text)
    RCC_DeInit                               0x08001bf1   Thumb Code    64  stm32f10x_rcc.o(.text)
    RCC_HSEConfig                            0x08001c31   Thumb Code    70  stm32f10x_rcc.o(.text)
    RCC_GetFlagStatus                        0x08001c77   Thumb Code    56  stm32f10x_rcc.o(.text)
    RCC_WaitForHSEStartUp                    0x08001caf   Thumb Code    56  stm32f10x_rcc.o(.text)
    RCC_AdjustHSICalibrationValue            0x08001ce7   Thumb Code    20  stm32f10x_rcc.o(.text)
    RCC_HSICmd                               0x08001cfb   Thumb Code     6  stm32f10x_rcc.o(.text)
    RCC_PLLConfig                            0x08001d01   Thumb Code    24  stm32f10x_rcc.o(.text)
    RCC_PLLCmd                               0x08001d19   Thumb Code     6  stm32f10x_rcc.o(.text)
    RCC_SYSCLKConfig                         0x08001d1f   Thumb Code    18  stm32f10x_rcc.o(.text)
    RCC_GetSYSCLKSource                      0x08001d31   Thumb Code    10  stm32f10x_rcc.o(.text)
    RCC_HCLKConfig                           0x08001d3b   Thumb Code    18  stm32f10x_rcc.o(.text)
    RCC_PCLK1Config                          0x08001d4d   Thumb Code    18  stm32f10x_rcc.o(.text)
    RCC_PCLK2Config                          0x08001d5f   Thumb Code    20  stm32f10x_rcc.o(.text)
    RCC_ITConfig                             0x08001d73   Thumb Code    26  stm32f10x_rcc.o(.text)
    RCC_USBCLKConfig                         0x08001d8d   Thumb Code     8  stm32f10x_rcc.o(.text)
    RCC_ADCCLKConfig                         0x08001d95   Thumb Code    18  stm32f10x_rcc.o(.text)
    RCC_LSEConfig                            0x08001da7   Thumb Code    50  stm32f10x_rcc.o(.text)
    RCC_LSICmd                               0x08001dd9   Thumb Code     6  stm32f10x_rcc.o(.text)
    RCC_RTCCLKConfig                         0x08001ddf   Thumb Code    12  stm32f10x_rcc.o(.text)
    RCC_RTCCLKCmd                            0x08001deb   Thumb Code     8  stm32f10x_rcc.o(.text)
    RCC_GetClocksFreq                        0x08001df3   Thumb Code   192  stm32f10x_rcc.o(.text)
    RCC_AHBPeriphClockCmd                    0x08001eb3   Thumb Code    26  stm32f10x_rcc.o(.text)
    RCC_APB2PeriphClockCmd                   0x08001ecd   Thumb Code    26  stm32f10x_rcc.o(.text)
    RCC_APB1PeriphClockCmd                   0x08001ee7   Thumb Code    26  stm32f10x_rcc.o(.text)
    RCC_APB2PeriphResetCmd                   0x08001f01   Thumb Code    26  stm32f10x_rcc.o(.text)
    RCC_APB1PeriphResetCmd                   0x08001f1b   Thumb Code    26  stm32f10x_rcc.o(.text)
    RCC_BackupResetCmd                       0x08001f35   Thumb Code     8  stm32f10x_rcc.o(.text)
    RCC_ClockSecuritySystemCmd               0x08001f3d   Thumb Code     6  stm32f10x_rcc.o(.text)
    RCC_MCOConfig                            0x08001f43   Thumb Code     6  stm32f10x_rcc.o(.text)
    RCC_ClearFlag                            0x08001f49   Thumb Code    14  stm32f10x_rcc.o(.text)
    RCC_GetITStatus                          0x08001f57   Thumb Code    20  stm32f10x_rcc.o(.text)
    RCC_ClearITPendingBit                    0x08001f6b   Thumb Code     6  stm32f10x_rcc.o(.text)
    TIM_DeInit                               0x08001f95   Thumb Code   424  stm32f10x_tim.o(.text)
    TIM_TimeBaseInit                         0x0800213d   Thumb Code   122  stm32f10x_tim.o(.text)
    TIM_OC1Init                              0x080021b7   Thumb Code   132  stm32f10x_tim.o(.text)
    TIM_OC2Init                              0x0800223b   Thumb Code   154  stm32f10x_tim.o(.text)
    TIM_OC3Init                              0x080022d5   Thumb Code   150  stm32f10x_tim.o(.text)
    TIM_OC4Init                              0x0800236b   Thumb Code   182  stm32f10x_tim.o(.text)
    TIM_SetIC4Prescaler                      0x08002421   Thumb Code    26  stm32f10x_tim.o(.text)
    TIM_SetIC3Prescaler                      0x080024bd   Thumb Code    18  stm32f10x_tim.o(.text)
    TIM_SetIC2Prescaler                      0x08002549   Thumb Code    26  stm32f10x_tim.o(.text)
    TIM_SetIC1Prescaler                      0x080025e5   Thumb Code    18  stm32f10x_tim.o(.text)
    TIM_ICInit                               0x08002663   Thumb Code   150  stm32f10x_tim.o(.text)
    TIM_PWMIConfig                           0x080026f9   Thumb Code   124  stm32f10x_tim.o(.text)
    TIM_BDTRConfig                           0x08002775   Thumb Code    32  stm32f10x_tim.o(.text)
    TIM_TimeBaseStructInit                   0x08002795   Thumb Code    18  stm32f10x_tim.o(.text)
    TIM_OCStructInit                         0x080027a7   Thumb Code    20  stm32f10x_tim.o(.text)
    TIM_ICStructInit                         0x080027bb   Thumb Code    18  stm32f10x_tim.o(.text)
    TIM_BDTRStructInit                       0x080027cd   Thumb Code    40  stm32f10x_tim.o(.text)
    TIM_Cmd                                  0x080027f5   Thumb Code    24  stm32f10x_tim.o(.text)
    TIM_CtrlPWMOutputs                       0x0800280d   Thumb Code    30  stm32f10x_tim.o(.text)
    TIM_ITConfig                             0x0800282b   Thumb Code    18  stm32f10x_tim.o(.text)
    TIM_GenerateEvent                        0x0800283d   Thumb Code     4  stm32f10x_tim.o(.text)
    TIM_DMAConfig                            0x08002841   Thumb Code    10  stm32f10x_tim.o(.text)
    TIM_DMACmd                               0x0800284b   Thumb Code    18  stm32f10x_tim.o(.text)
    TIM_InternalClockConfig                  0x0800285d   Thumb Code    12  stm32f10x_tim.o(.text)
    TIM_SelectInputTrigger                   0x08002869   Thumb Code    18  stm32f10x_tim.o(.text)
    TIM_ITRxExternalClockConfig              0x0800287b   Thumb Code    24  stm32f10x_tim.o(.text)
    TIM_TIxExternalClockConfig               0x08002893   Thumb Code    62  stm32f10x_tim.o(.text)
    TIM_ETRConfig                            0x080028d1   Thumb Code    28  stm32f10x_tim.o(.text)
    TIM_ETRClockMode1Config                  0x080028ed   Thumb Code    54  stm32f10x_tim.o(.text)
    TIM_ETRClockMode2Config                  0x08002923   Thumb Code    32  stm32f10x_tim.o(.text)
    TIM_PrescalerConfig                      0x08002943   Thumb Code     6  stm32f10x_tim.o(.text)
    TIM_CounterModeConfig                    0x08002949   Thumb Code    18  stm32f10x_tim.o(.text)
    TIM_EncoderInterfaceConfig               0x0800295b   Thumb Code    66  stm32f10x_tim.o(.text)
    TIM_ForcedOC1Config                      0x0800299d   Thumb Code    18  stm32f10x_tim.o(.text)
    TIM_ForcedOC2Config                      0x080029af   Thumb Code    26  stm32f10x_tim.o(.text)
    TIM_ForcedOC3Config                      0x080029c9   Thumb Code    18  stm32f10x_tim.o(.text)
    TIM_ForcedOC4Config                      0x080029db   Thumb Code    26  stm32f10x_tim.o(.text)
    TIM_ARRPreloadConfig                     0x080029f5   Thumb Code    24  stm32f10x_tim.o(.text)
    TIM_SelectCOM                            0x08002a0d   Thumb Code    24  stm32f10x_tim.o(.text)
    TIM_SelectCCDMA                          0x08002a25   Thumb Code    24  stm32f10x_tim.o(.text)
    TIM_CCPreloadControl                     0x08002a3d   Thumb Code    24  stm32f10x_tim.o(.text)
    TIM_OC1PreloadConfig                     0x08002a55   Thumb Code    18  stm32f10x_tim.o(.text)
    TIM_OC2PreloadConfig                     0x08002a67   Thumb Code    26  stm32f10x_tim.o(.text)
    TIM_OC3PreloadConfig                     0x08002a81   Thumb Code    18  stm32f10x_tim.o(.text)
    TIM_OC4PreloadConfig                     0x08002a93   Thumb Code    26  stm32f10x_tim.o(.text)
    TIM_OC1FastConfig                        0x08002aad   Thumb Code    18  stm32f10x_tim.o(.text)
    TIM_OC2FastConfig                        0x08002abf   Thumb Code    26  stm32f10x_tim.o(.text)
    TIM_OC3FastConfig                        0x08002ad9   Thumb Code    18  stm32f10x_tim.o(.text)
    TIM_OC4FastConfig                        0x08002aeb   Thumb Code    26  stm32f10x_tim.o(.text)
    TIM_ClearOC1Ref                          0x08002b05   Thumb Code    18  stm32f10x_tim.o(.text)
    TIM_ClearOC2Ref                          0x08002b17   Thumb Code    24  stm32f10x_tim.o(.text)
    TIM_ClearOC3Ref                          0x08002b2f   Thumb Code    18  stm32f10x_tim.o(.text)
    TIM_ClearOC4Ref                          0x08002b41   Thumb Code    24  stm32f10x_tim.o(.text)
    TIM_OC1PolarityConfig                    0x08002b59   Thumb Code    18  stm32f10x_tim.o(.text)
    TIM_OC1NPolarityConfig                   0x08002b6b   Thumb Code    18  stm32f10x_tim.o(.text)
    TIM_OC2PolarityConfig                    0x08002b7d   Thumb Code    26  stm32f10x_tim.o(.text)
    TIM_OC2NPolarityConfig                   0x08002b97   Thumb Code    26  stm32f10x_tim.o(.text)
    TIM_OC3PolarityConfig                    0x08002bb1   Thumb Code    26  stm32f10x_tim.o(.text)
    TIM_OC3NPolarityConfig                   0x08002bcb   Thumb Code    26  stm32f10x_tim.o(.text)
    TIM_OC4PolarityConfig                    0x08002be5   Thumb Code    26  stm32f10x_tim.o(.text)
    TIM_CCxCmd                               0x08002bff   Thumb Code    30  stm32f10x_tim.o(.text)
    TIM_CCxNCmd                              0x08002c1d   Thumb Code    30  stm32f10x_tim.o(.text)
    TIM_SelectOCxM                           0x08002c3b   Thumb Code    82  stm32f10x_tim.o(.text)
    TIM_UpdateDisableConfig                  0x08002c8d   Thumb Code    24  stm32f10x_tim.o(.text)
    TIM_UpdateRequestConfig                  0x08002ca5   Thumb Code    24  stm32f10x_tim.o(.text)
    TIM_SelectHallSensor                     0x08002cbd   Thumb Code    24  stm32f10x_tim.o(.text)
    TIM_SelectOnePulseMode                   0x08002cd5   Thumb Code    18  stm32f10x_tim.o(.text)
    TIM_SelectOutputTrigger                  0x08002ce7   Thumb Code    18  stm32f10x_tim.o(.text)
    TIM_SelectSlaveMode                      0x08002cf9   Thumb Code    18  stm32f10x_tim.o(.text)
    TIM_SelectMasterSlaveMode                0x08002d0b   Thumb Code    18  stm32f10x_tim.o(.text)
    TIM_SetCounter                           0x08002d1d   Thumb Code     4  stm32f10x_tim.o(.text)
    TIM_SetAutoreload                        0x08002d21   Thumb Code     4  stm32f10x_tim.o(.text)
    TIM_SetCompare1                          0x08002d25   Thumb Code     4  stm32f10x_tim.o(.text)
    TIM_SetCompare2                          0x08002d29   Thumb Code     4  stm32f10x_tim.o(.text)
    TIM_SetCompare3                          0x08002d2d   Thumb Code     4  stm32f10x_tim.o(.text)
    TIM_SetCompare4                          0x08002d31   Thumb Code     6  stm32f10x_tim.o(.text)
    TIM_SetClockDivision                     0x08002d37   Thumb Code    18  stm32f10x_tim.o(.text)
    TIM_GetCapture1                          0x08002d49   Thumb Code     6  stm32f10x_tim.o(.text)
    TIM_GetCapture2                          0x08002d4f   Thumb Code     6  stm32f10x_tim.o(.text)
    TIM_GetCapture3                          0x08002d55   Thumb Code     6  stm32f10x_tim.o(.text)
    TIM_GetCapture4                          0x08002d5b   Thumb Code     8  stm32f10x_tim.o(.text)
    TIM_GetCounter                           0x08002d63   Thumb Code     6  stm32f10x_tim.o(.text)
    TIM_GetPrescaler                         0x08002d69   Thumb Code     6  stm32f10x_tim.o(.text)
    TIM_GetFlagStatus                        0x08002d6f   Thumb Code    18  stm32f10x_tim.o(.text)
    TIM_ClearFlag                            0x08002d81   Thumb Code     6  stm32f10x_tim.o(.text)
    TIM_GetITStatus                          0x08002d87   Thumb Code    34  stm32f10x_tim.o(.text)
    TIM_ClearITPendingBit                    0x08002da9   Thumb Code     6  stm32f10x_tim.o(.text)
    USART_DeInit                             0x08002db1   Thumb Code   134  stm32f10x_usart.o(.text)
    USART_Init                               0x08002e37   Thumb Code   210  stm32f10x_usart.o(.text)
    USART_StructInit                         0x08002f09   Thumb Code    24  stm32f10x_usart.o(.text)
    USART_ClockInit                          0x08002f21   Thumb Code    34  stm32f10x_usart.o(.text)
    USART_ClockStructInit                    0x08002f43   Thumb Code    12  stm32f10x_usart.o(.text)
    USART_Cmd                                0x08002f4f   Thumb Code    24  stm32f10x_usart.o(.text)
    USART_ITConfig                           0x08002f67   Thumb Code    74  stm32f10x_usart.o(.text)
    USART_DMACmd                             0x08002fb1   Thumb Code    18  stm32f10x_usart.o(.text)
    USART_SetAddress                         0x08002fc3   Thumb Code    18  stm32f10x_usart.o(.text)
    USART_WakeUpConfig                       0x08002fd5   Thumb Code    18  stm32f10x_usart.o(.text)
    USART_ReceiverWakeUpCmd                  0x08002fe7   Thumb Code    24  stm32f10x_usart.o(.text)
    USART_LINBreakDetectLengthConfig         0x08002fff   Thumb Code    18  stm32f10x_usart.o(.text)
    USART_LINCmd                             0x08003011   Thumb Code    24  stm32f10x_usart.o(.text)
    USART_SendData                           0x08003029   Thumb Code     8  stm32f10x_usart.o(.text)
    USART_ReceiveData                        0x08003031   Thumb Code    10  stm32f10x_usart.o(.text)
    USART_SendBreak                          0x0800303b   Thumb Code    10  stm32f10x_usart.o(.text)
    USART_SetGuardTime                       0x08003045   Thumb Code    16  stm32f10x_usart.o(.text)
    USART_SetPrescaler                       0x08003055   Thumb Code    16  stm32f10x_usart.o(.text)
    USART_SmartCardCmd                       0x08003065   Thumb Code    24  stm32f10x_usart.o(.text)
    USART_SmartCardNACKCmd                   0x0800307d   Thumb Code    24  stm32f10x_usart.o(.text)
    USART_HalfDuplexCmd                      0x08003095   Thumb Code    24  stm32f10x_usart.o(.text)
    USART_OverSampling8Cmd                   0x080030ad   Thumb Code    22  stm32f10x_usart.o(.text)
    USART_OneBitMethodCmd                    0x080030c3   Thumb Code    24  stm32f10x_usart.o(.text)
    USART_IrDAConfig                         0x080030db   Thumb Code    18  stm32f10x_usart.o(.text)
    USART_IrDACmd                            0x080030ed   Thumb Code    24  stm32f10x_usart.o(.text)
    USART_GetFlagStatus                      0x08003105   Thumb Code    26  stm32f10x_usart.o(.text)
    USART_ClearFlag                          0x0800311f   Thumb Code    18  stm32f10x_usart.o(.text)
    USART_GetITStatus                        0x08003131   Thumb Code    84  stm32f10x_usart.o(.text)
    USART_ClearITPendingBit                  0x08003185   Thumb Code    52  stm32f10x_usart.o(.text)
    OS_CPU_SR_Save                           0x080031b9   Thumb Code     0  os_cpu_a.o(.text)
    OS_CPU_SR_Restore                        0x080031c1   Thumb Code     0  os_cpu_a.o(.text)
    OSStartHighRdy                           0x080031c7   Thumb Code     0  os_cpu_a.o(.text)
    OSCtxSw                                  0x080031e7   Thumb Code     0  os_cpu_a.o(.text)
    OSIntCtxSw                               0x080031f1   Thumb Code     0  os_cpu_a.o(.text)
    OS_CPU_PendSVHandler                     0x080031fb   Thumb Code     0  os_cpu_a.o(.text)
    OSInitHookBegin                          0x0800325d   Thumb Code     2  os_cpu_c.o(.text)
    OSInitHookEnd                            0x0800325f   Thumb Code     2  os_cpu_c.o(.text)
    OSTaskCreateHook                         0x08003261   Thumb Code     2  os_cpu_c.o(.text)
    OSTaskDelHook                            0x08003263   Thumb Code     2  os_cpu_c.o(.text)
    OSTaskIdleHook                           0x08003265   Thumb Code     2  os_cpu_c.o(.text)
    OSTaskStatHook                           0x08003267   Thumb Code     2  os_cpu_c.o(.text)
    OSTaskStkInit                            0x08003269   Thumb Code   154  os_cpu_c.o(.text)
    OSTaskSwHook                             0x08003303   Thumb Code     2  os_cpu_c.o(.text)
    OSTCBInitHook                            0x08003305   Thumb Code     2  os_cpu_c.o(.text)
    OSTimeTickHook                           0x08003307   Thumb Code     2  os_cpu_c.o(.text)
    OS_TaskStatStkChk                        0x08003309   Thumb Code    54  os_core.o(.text)
    OS_TaskStat                              0x0800333f   Thumb Code   114  os_core.o(.text)
    OS_TaskIdle                              0x080033e5   Thumb Code    32  os_core.o(.text)
    OS_MemClr                                0x0800343b   Thumb Code    18  os_core.o(.text)
    OSInit                                   0x080034fd   Thumb Code    36  os_core.o(.text)
    OSIntEnter                               0x08003521   Thumb Code    28  os_core.o(.text)
    OSIntExit                                0x08003557   Thumb Code   112  os_core.o(.text)
    OSSchedLock                              0x080035c7   Thumb Code    50  os_core.o(.text)
    OS_Sched                                 0x080035f9   Thumb Code    86  os_core.o(.text)
    OSSchedUnlock                            0x0800364f   Thumb Code    84  os_core.o(.text)
    OSStart                                  0x080036a3   Thumb Code    48  os_core.o(.text)
    OSStatInit                               0x080036d3   Thumb Code   198  os_core.o(.text)
    OSTimeTick                               0x08003799   Thumb Code   200  os_core.o(.text)
    OSVersion                                0x08003861   Thumb Code     6  os_core.o(.text)
    OS_Dummy                                 0x08003867   Thumb Code     2  os_core.o(.text)
    OS_MemCopy                               0x08003869   Thumb Code    20  os_core.o(.text)
    OS_StrCopy                               0x0800387d   Thumb Code    28  os_core.o(.text)
    OS_StrLen                                0x08003899   Thumb Code    20  os_core.o(.text)
    OS_TCBInit                               0x080038ad   Thumb Code   252  os_core.o(.text)
    OSTaskChangePrio                         0x080039cd   Thumb Code   270  os_task.o(.text)
    OSTaskCreate                             0x08003adb   Thumb Code   158  os_task.o(.text)
    OS_TaskStkClr                            0x08003b79   Thumb Code    26  os_task.o(.text)
    OSTaskCreateExt                          0x08003b93   Thumb Code   180  os_task.o(.text)
    OSTaskDel                                0x08003c47   Thumb Code   288  os_task.o(.text)
    OSTaskDelReq                             0x08003d67   Thumb Code   154  os_task.o(.text)
    OSTaskNameGet                            0x08003e01   Thumb Code   148  os_task.o(.text)
    OSTaskNameSet                            0x08003e95   Thumb Code   160  os_task.o(.text)
    OSTaskResume                             0x08003f35   Thumb Code   156  os_task.o(.text)
    OSTaskStkChk                             0x08003fd1   Thumb Code   150  os_task.o(.text)
    OSTaskSuspend                            0x08004067   Thumb Code   168  os_task.o(.text)
    OSTaskQuery                              0x0800410f   Thumb Code   100  os_task.o(.text)
    OSTimeDly                                0x0800418d   Thumb Code    96  os_time.o(.text)
    OSTimeDlyHMSM                            0x080041ed   Thumb Code   160  os_time.o(.text)
    OSTimeDlyResume                          0x0800428d   Thumb Code   158  os_time.o(.text)
    OSTimeGet                                0x0800432b   Thumb Code    24  os_time.o(.text)
    OSTimeSet                                0x08004343   Thumb Code    24  os_time.o(.text)
    __aeabi_memset                           0x08004375   Thumb Code    14  memseta.o(.text)
    __aeabi_memset4                          0x08004375   Thumb Code     0  memseta.o(.text)
    __aeabi_memset8                          0x08004375   Thumb Code     0  memseta.o(.text)
    __aeabi_memclr                           0x08004383   Thumb Code     4  memseta.o(.text)
    __aeabi_memclr4                          0x08004383   Thumb Code     0  memseta.o(.text)
    __aeabi_memclr8                          0x08004383   Thumb Code     0  memseta.o(.text)
    _memset$wrapper                          0x08004387   Thumb Code    18  memseta.o(.text)
    strcpy                                   0x08004399   Thumb Code    18  strcpy.o(.text)
    __aeabi_fadd                             0x080043ab   Thumb Code   164  fadd.o(.text)
    __aeabi_fsub                             0x0800444f   Thumb Code     6  fadd.o(.text)
    __aeabi_frsub                            0x08004455   Thumb Code     6  fadd.o(.text)
    __aeabi_fmul                             0x0800445b   Thumb Code   100  fmul.o(.text)
    __aeabi_fdiv                             0x080044bf   Thumb Code   124  fdiv.o(.text)
    __aeabi_dmul                             0x0800453b   Thumb Code   228  dmul.o(.text)
    __aeabi_ddiv                             0x0800461f   Thumb Code   222  ddiv.o(.text)
    __aeabi_i2f                              0x080046fd   Thumb Code    18  fflti.o(.text)
    __aeabi_ui2f                             0x0800470f   Thumb Code    10  ffltui.o(.text)
    __aeabi_i2d                              0x08004719   Thumb Code    34  dflti.o(.text)
    __aeabi_f2iz                             0x0800473b   Thumb Code    50  ffixi.o(.text)
    __aeabi_f2d                              0x0800476d   Thumb Code    38  f2d.o(.text)
    __aeabi_cdcmpeq                          0x08004795   Thumb Code     0  cdcmple.o(.text)
    __aeabi_cdcmple                          0x08004795   Thumb Code    48  cdcmple.o(.text)
    __aeabi_d2f                              0x080047c5   Thumb Code    56  d2f.o(.text)
    __aeabi_uidiv                            0x080047fd   Thumb Code     0  uidiv.o(.text)
    __aeabi_uidivmod                         0x080047fd   Thumb Code    44  uidiv.o(.text)
    __aeabi_llsr                             0x08004829   Thumb Code    32  llushr.o(.text)
    _ll_ushift_r                             0x08004829   Thumb Code     0  llushr.o(.text)
    __I$use$fp                               0x08004849   Thumb Code     0  iusefp.o(.text)
    _float_round                             0x08004849   Thumb Code    18  fepilogue.o(.text)
    _float_epilogue                          0x0800485b   Thumb Code    92  fepilogue.o(.text)
    _double_round                            0x080048b7   Thumb Code    30  depilogue.o(.text)
    _double_epilogue                         0x080048d5   Thumb Code   156  depilogue.o(.text)
    __aeabi_dadd                             0x08004971   Thumb Code   322  dadd.o(.text)
    __aeabi_dsub                             0x08004ab3   Thumb Code     6  dadd.o(.text)
    __aeabi_drsub                            0x08004ab9   Thumb Code     6  dadd.o(.text)
    __ARM_scalbn                             0x08004abf   Thumb Code    46  dscalb.o(.text)
    scalbn                                   0x08004abf   Thumb Code     0  dscalb.o(.text)
    __aeabi_cdrcmple                         0x08004aed   Thumb Code    48  cdrcmple.o(.text)
    __scatterload                            0x08004b1d   Thumb Code    28  init.o(.text)
    __scatterload_rt2                        0x08004b1d   Thumb Code     0  init.o(.text)
    __aeabi_llsl                             0x08004b41   Thumb Code    30  llshl.o(.text)
    _ll_shift_l                              0x08004b41   Thumb Code     0  llshl.o(.text)
    __aeabi_lasr                             0x08004b5f   Thumb Code    36  llsshr.o(.text)
    _ll_sshift_r                             0x08004b5f   Thumb Code     0  llsshr.o(.text)
    _dsqrt                                   0x08004b83   Thumb Code   162  dsqrt.o(.text)
    __0printf$1                              0x08004c25   Thumb Code    22  printf1.o(i.__0printf$1)
    __1printf$1                              0x08004c25   Thumb Code     0  printf1.o(i.__0printf$1)
    __2printf                                0x08004c25   Thumb Code     0  printf1.o(i.__0printf$1)
    __ARM_fpclassify                         0x08004c45   Thumb Code    40  fpclassify.o(i.__ARM_fpclassify)
    __kernel_poly                            0x08004c6d   Thumb Code   170  poly.o(i.__kernel_poly)
    __mathlib_dbl_divzero                    0x08004d19   Thumb Code    12  dunder.o(i.__mathlib_dbl_divzero)
    __mathlib_dbl_infnan2                    0x08004d29   Thumb Code     4  dunder.o(i.__mathlib_dbl_infnan2)
    __mathlib_dbl_invalid                    0x08004d2d   Thumb Code    12  dunder.o(i.__mathlib_dbl_invalid)
    __mathlib_dbl_overflow                   0x08004d39   Thumb Code    14  dunder.o(i.__mathlib_dbl_overflow)
    __mathlib_dbl_underflow                  0x08004d49   Thumb Code    10  dunder.o(i.__mathlib_dbl_underflow)
    __scatterload_copy                       0x08004d59   Thumb Code    14  handlers.o(i.__scatterload_copy)
    __scatterload_null                       0x08004d67   Thumb Code     2  handlers.o(i.__scatterload_null)
    __scatterload_zeroinit                   0x08004d69   Thumb Code    14  handlers.o(i.__scatterload_zeroinit)
    __set_errno                              0x08004d79   Thumb Code     6  errno.o(i.__set_errno)
    pow                                      0x08004ed9   Thumb Code  2512  pow.o(i.pow)
    sqrt                                     0x080058b1   Thumb Code    76  sqrt.o(i.sqrt)
    OSUnMapTbl                               0x080058fc   Data         256  os_core.o(.constdata)
    __mathlib_zero                           0x08005a88   Data           8  qnan.o(.constdata)
    Region$$Table$$Base                      0x08005a90   Number         0  anon$$obj.o(Region$$Table)
    Region$$Table$$Limit                     0x08005ab0   Number         0  anon$$obj.o(Region$$Table)
    battery                                  0x20000000   Data           4  global_variable_struct.o(.data)
    flag                                     0x20000004   Data           1  global_variable_struct.o(.data)
    motor_pwm                                0x20000005   Data           4  global_variable_struct.o(.data)
    counter                                  0x2000000c   Data           4  global_variable_struct.o(.data)
    FLASHStatus                              0x20000010   Data           1  debug.o(.data)
    __stdout                                 0x20000014   Data           4  usart.o(.data)
    __stdin                                  0x20000018   Data           4  usart.o(.data)
    SystemCoreClock                          0x2000001c   Data           4  system_stm32f10x.o(.data)
    AHBPrescTable                            0x20000020   Data          16  system_stm32f10x.o(.data)
    OSCtxSwCtr                               0x20000044   Data           4  os_core.o(.data)
    OSCPUUsage                               0x20000048   Data           1  os_core.o(.data)
    OSIdleCtrMax                             0x2000004c   Data           4  os_core.o(.data)
    OSIdleCtrRun                             0x20000050   Data           4  os_core.o(.data)
    OSStatRdy                                0x20000054   Data           1  os_core.o(.data)
    OSIntNesting                             0x20000055   Data           1  os_core.o(.data)
    OSLockNesting                            0x20000056   Data           1  os_core.o(.data)
    OSPrioCur                                0x20000057   Data           1  os_core.o(.data)
    OSPrioHighRdy                            0x20000058   Data           1  os_core.o(.data)
    OSRdyGrp                                 0x20000059   Data           1  os_core.o(.data)
    OSRdyTbl                                 0x2000005a   Data           4  os_core.o(.data)
    OSRunning                                0x2000005e   Data           1  os_core.o(.data)
    OSTaskCtr                                0x2000005f   Data           1  os_core.o(.data)
    OSIdleCtr                                0x20000060   Data           4  os_core.o(.data)
    OSTCBCur                                 0x20000064   Data           4  os_core.o(.data)
    OSTCBFreeList                            0x20000068   Data           4  os_core.o(.data)
    OSTCBHighRdy                             0x2000006c   Data           4  os_core.o(.data)
    OSTCBList                                0x20000070   Data           4  os_core.o(.data)
    OSTickStepState                          0x20000074   Data           1  os_core.o(.data)
    OSTime                                   0x20000078   Data           4  os_core.o(.data)
    mpu                                      0x20000440   Data          56  global_variable_struct.o(.bss)
    kalman                                   0x20000478   Data         280  global_variable_struct.o(.bss)
    pid_parm                                 0x20000590   Data          40  global_variable_struct.o(.bss)
    pid                                      0x200005b8   Data         120  global_variable_struct.o(.bss)
    move                                     0x20000630   Data          16  global_variable_struct.o(.bss)
    USART_DMA_InitStructure                  0x20000a00   Data          44  usart.o(.bss)
    USART_TxBuffer                           0x20000a2c   Data          80  usart.o(.bss)
    USART_RxBuffer                           0x20000a7c   Data          80  usart.o(.bss)
    OSTaskStatStk                            0x20000acc   Data         512  os_core.o(.bss)
    OSTaskIdleStk                            0x20000ccc   Data         512  os_core.o(.bss)
    OSTCBPrioTbl                             0x20000ecc   Data         128  os_core.o(.bss)
    OSTCBTbl                                 0x20000f4c   Data        1368  os_core.o(.bss)
    __initial_sp                             0x200018a8   Data           0  startup_stm32f10x_hd.o(STACK)



==============================================================================

Memory Map of the image

  Image Entry point : 0x08000131

  Load Region LR_IROM1 (Base: 0x08000000, Size: 0x00005b30, Max: 0x00010000, ABSOLUTE)

    Execution Region ER_IROM1 (Base: 0x08000000, Size: 0x00005ab0, Max: 0x00010000, ABSOLUTE)

    Base Addr    Size         Type   Attr      Idx    E Section Name        Object

    0x08000000   0x00000130   Data   RO          439    RESET               startup_stm32f10x_hd.o
    0x08000130   0x00000000   Code   RO          897  * .ARM.Collect$$$$00000000  mc_w.l(entry.o)
    0x08000130   0x00000004   Code   RO         1224    .ARM.Collect$$$$00000001  mc_w.l(entry2.o)
    0x08000134   0x00000004   Code   RO         1227    .ARM.Collect$$$$00000004  mc_w.l(entry5.o)
    0x08000138   0x00000000   Code   RO         1229    .ARM.Collect$$$$00000008  mc_w.l(entry7b.o)
    0x08000138   0x00000000   Code   RO         1231    .ARM.Collect$$$$0000000A  mc_w.l(entry8b.o)
    0x08000138   0x00000008   Code   RO         1232    .ARM.Collect$$$$0000000B  mc_w.l(entry9a.o)
    0x08000140   0x00000000   Code   RO         1234    .ARM.Collect$$$$0000000D  mc_w.l(entry10a.o)
    0x08000140   0x00000000   Code   RO         1236    .ARM.Collect$$$$0000000F  mc_w.l(entry11a.o)
    0x08000140   0x00000004   Code   RO         1225    .ARM.Collect$$$$00002712  mc_w.l(entry2.o)
    0x08000144   0x00000110   Code   RO            1    .text               app.o
    0x08000254   0x00000154   Code   RO          197    .text               battery.o
    0x080003a8   0x000000ac   Code   RO          234    .text               bsp.o
    0x08000454   0x00000028   Code   RO          252    .text               main.o
    0x0800047c   0x0000004c   Code   RO          282    .text               stm32f10x_it.o
    0x080004c8   0x000002ac   Code   RO          352    .text               debug.o
    0x08000774   0x00000150   Code   RO          372    .text               usart.o
    0x080008c4   0x00000090   Code   RO          420    .text               timer.o
    0x08000954   0x00000024   Code   RO          440    .text               startup_stm32f10x_hd.o
    0x08000978   0x000001e0   Code   RO          455    .text               system_stm32f10x.o
    0x08000b58   0x000000dc   Code   RO          492    .text               misc.o
    0x08000c34   0x0000044e   Code   RO          504    .text               stm32f10x_adc.o
    0x08001082   0x00000002   PAD
    0x08001084   0x00000254   Code   RO          588    .text               stm32f10x_dma.o
    0x080012d8   0x000005bc   Code   RO          612    .text               stm32f10x_flash.o
    0x08001894   0x0000035c   Code   RO          636    .text               stm32f10x_gpio.o
    0x08001bf0   0x000003a4   Code   RO          684    .text               stm32f10x_rcc.o
    0x08001f94   0x00000e1a   Code   RO          734    .text               stm32f10x_tim.o
    0x08002dae   0x00000002   PAD
    0x08002db0   0x00000408   Code   RO          746    .text               stm32f10x_usart.o
    0x080031b8   0x000000a4   Code   RO          770    .text               os_cpu_a.o
    0x0800325c   0x000000ac   Code   RO          773    .text               os_cpu_c.o
    0x08003308   0x000006c4   Code   RO          801    .text               os_core.o
    0x080039cc   0x000007c0   Code   RO          857    .text               os_task.o
    0x0800418c   0x000001e8   Code   RO          869    .text               os_time.o
    0x08004374   0x00000024   Code   RO          900    .text               mc_w.l(memseta.o)
    0x08004398   0x00000012   Code   RO          902    .text               mc_w.l(strcpy.o)
    0x080043aa   0x000000b0   Code   RO         1165    .text               mf_w.l(fadd.o)
    0x0800445a   0x00000064   Code   RO         1167    .text               mf_w.l(fmul.o)
    0x080044be   0x0000007c   Code   RO         1169    .text               mf_w.l(fdiv.o)
    0x0800453a   0x000000e4   Code   RO         1171    .text               mf_w.l(dmul.o)
    0x0800461e   0x000000de   Code   RO         1173    .text               mf_w.l(ddiv.o)
    0x080046fc   0x00000012   Code   RO         1175    .text               mf_w.l(fflti.o)
    0x0800470e   0x0000000a   Code   RO         1177    .text               mf_w.l(ffltui.o)
    0x08004718   0x00000022   Code   RO         1179    .text               mf_w.l(dflti.o)
    0x0800473a   0x00000032   Code   RO         1183    .text               mf_w.l(ffixi.o)
    0x0800476c   0x00000026   Code   RO         1187    .text               mf_w.l(f2d.o)
    0x08004792   0x00000002   PAD
    0x08004794   0x00000030   Code   RO         1189    .text               mf_w.l(cdcmple.o)
    0x080047c4   0x00000038   Code   RO         1191    .text               mf_w.l(d2f.o)
    0x080047fc   0x0000002c   Code   RO         1238    .text               mc_w.l(uidiv.o)
    0x08004828   0x00000020   Code   RO         1242    .text               mc_w.l(llushr.o)
    0x08004848   0x00000000   Code   RO         1251    .text               mc_w.l(iusefp.o)
    0x08004848   0x0000006e   Code   RO         1252    .text               mf_w.l(fepilogue.o)
    0x080048b6   0x000000ba   Code   RO         1254    .text               mf_w.l(depilogue.o)
    0x08004970   0x0000014e   Code   RO         1256    .text               mf_w.l(dadd.o)
    0x08004abe   0x0000002e   Code   RO         1258    .text               mf_w.l(dscalb.o)
    0x08004aec   0x00000030   Code   RO         1262    .text               mf_w.l(cdrcmple.o)
    0x08004b1c   0x00000024   Code   RO         1264    .text               mc_w.l(init.o)
    0x08004b40   0x0000001e   Code   RO         1266    .text               mc_w.l(llshl.o)
    0x08004b5e   0x00000024   Code   RO         1268    .text               mc_w.l(llsshr.o)
    0x08004b82   0x000000a2   Code   RO         1270    .text               mf_w.l(dsqrt.o)
    0x08004c24   0x00000020   Code   RO          949    i.__0printf$1       mc_w.l(printf1.o)
    0x08004c44   0x00000028   Code   RO         1211    i.__ARM_fpclassify  m_ws.l(fpclassify.o)
    0x08004c6c   0x000000aa   Code   RO         1213    i.__kernel_poly     m_ws.l(poly.o)
    0x08004d16   0x00000002   PAD
    0x08004d18   0x00000010   Code   RO         1197    i.__mathlib_dbl_divzero  m_ws.l(dunder.o)
    0x08004d28   0x00000004   Code   RO         1199    i.__mathlib_dbl_infnan2  m_ws.l(dunder.o)
    0x08004d2c   0x0000000c   Code   RO         1200    i.__mathlib_dbl_invalid  m_ws.l(dunder.o)
    0x08004d38   0x0000000e   Code   RO         1201    i.__mathlib_dbl_overflow  m_ws.l(dunder.o)
    0x08004d46   0x00000002   PAD
    0x08004d48   0x00000010   Code   RO         1203    i.__mathlib_dbl_underflow  m_ws.l(dunder.o)
    0x08004d58   0x0000000e   Code   RO         1274    i.__scatterload_copy  mc_w.l(handlers.o)
    0x08004d66   0x00000002   Code   RO         1275    i.__scatterload_null  mc_w.l(handlers.o)
    0x08004d68   0x0000000e   Code   RO         1276    i.__scatterload_zeroinit  mc_w.l(handlers.o)
    0x08004d76   0x00000002   PAD
    0x08004d78   0x0000000c   Code   RO         1246    i.__set_errno       mc_w.l(errno.o)
    0x08004d84   0x00000154   Code   RO          956    i._printf_core      mc_w.l(printf1.o)
    0x08004ed8   0x000009d8   Code   RO          888    i.pow               m_ws.l(pow.o)
    0x080058b0   0x0000004c   Code   RO         1217    i.sqrt              m_ws.l(sqrt.o)
    0x080058fc   0x00000100   Data   RO          803    .constdata          os_core.o
    0x080059fc   0x00000004   PAD
    0x08005a00   0x00000088   Data   RO          889    .constdata          m_ws.l(pow.o)
    0x08005a88   0x00000008   Data   RO         1215    .constdata          m_ws.l(qnan.o)
    0x08005a90   0x00000020   Data   RO         1272    Region$$Table       anon$$obj.o


    Execution Region RW_IRAM1 (Base: 0x20000000, Size: 0x000018a8, Max: 0x00005000, ABSOLUTE)

    Base Addr    Size         Type   Attr      Idx    E Section Name        Object

    0x20000000   0x00000010   Data   RW          271    .data               global_variable_struct.o
    0x20000010   0x00000001   Data   RW          354    .data               debug.o
    0x20000011   0x00000003   PAD
    0x20000014   0x00000008   Data   RW          374    .data               usart.o
    0x2000001c   0x00000014   Data   RW          456    .data               system_stm32f10x.o
    0x20000030   0x00000014   Data   RW          685    .data               stm32f10x_rcc.o
    0x20000044   0x00000038   Data   RW          804    .data               os_core.o
    0x2000007c   0x00000004   Data   RW         1247    .data               mc_w.l(errno.o)
    0x20000080   0x000003c0   Zero   RW          253    .bss                main.o
    0x20000440   0x00000200   Zero   RW          270    .bss                global_variable_struct.o
    0x20000640   0x0000048c   Zero   RW          373    .bss                usart.o
    0x20000acc   0x000009d8   Zero   RW          802    .bss                os_core.o
    0x200014a4   0x00000004   PAD
    0x200014a8   0x00000400   Zero   RW          437    STACK               startup_stm32f10x_hd.o


==============================================================================

Image component sizes


      Code (inc. data)   RO Data    RW Data    ZI Data      Debug   Object Name

       272        106          0          0          0     285605   app.o
       340         26          0          0          0       1060   battery.o
       172         16          0          0          0      15964   bsp.o
       684         34          0          1          0       2383   debug.o
         0          0          0         16        512       1678   global_variable_struct.o
        40         10          0          0        960        651   main.o
       220         22          0          0          0       1697   misc.o
      1732        172        256         56       2520      13754   os_core.o
       164         32          0          0          0        296   os_cpu_a.o
       172          0          0          0          0      10302   os_cpu_c.o
      1984         68          0          0          0       7009   os_task.o
       488         26          0          0          0       1930   os_time.o
        36          8        304          0       1024        812   startup_stm32f10x_hd.o
      1102         26          0          0          0      10937   stm32f10x_adc.o
       596          8          0          0          0       4262   stm32f10x_dma.o
      1468         34          0          0          0       8106   stm32f10x_flash.o
       860         38          0          0          0       5629   stm32f10x_gpio.o
        76          4          0          0          0       1402   stm32f10x_it.o
       932         36          0         20          0       8776   stm32f10x_rcc.o
      3610         88          0          0          0      22740   stm32f10x_tim.o
      1032         22          0          0          0       8356   stm32f10x_usart.o
       480         38          0         20          0       1715   system_stm32f10x.o
       144          0          0          0          0        999   timer.o
       336         22          0          8       1164       3989   usart.o

    ----------------------------------------------------------------------
     16944        836        596        124       6184     420052   Object Totals
         0          0         32          0          0          0   (incl. Generated)
         4          0          4          3          4          0   (incl. Padding)

    ----------------------------------------------------------------------

      Code (inc. data)   RO Data    RW Data    ZI Data      Debug   Library Member Name

        62         10          0          0          0        340   dunder.o
        40          0          0          0          0         68   fpclassify.o
       170          0          0          0          0         96   poly.o
      2520        190        136          0          0        324   pow.o
         0          0          8          0          0          0   qnan.o
        76          0          0          0          0         84   sqrt.o
         0          0          0          0          0          0   entry.o
         0          0          0          0          0          0   entry10a.o
         0          0          0          0          0          0   entry11a.o
         8          4          0          0          0          0   entry2.o
         4          0          0          0          0          0   entry5.o
         0          0          0          0          0          0   entry7b.o
         0          0          0          0          0          0   entry8b.o
         8          4          0          0          0          0   entry9a.o
        12          6          0          4          0         68   errno.o
        30          0          0          0          0          0   handlers.o
        36          8          0          0          0         68   init.o
         0          0          0          0          0          0   iusefp.o
        30          0          0          0          0         68   llshl.o
        36          0          0          0          0         68   llsshr.o
        32          0          0          0          0         68   llushr.o
        36          0          0          0          0        108   memseta.o
       372         14          0          0          0        184   printf1.o
        18          0          0          0          0         68   strcpy.o
        44          0          0          0          0         80   uidiv.o
        48          0          0          0          0         68   cdcmple.o
        48          0          0          0          0         68   cdrcmple.o
        56          0          0          0          0         88   d2f.o
       334          0          0          0          0        148   dadd.o
       222          0          0          0          0        100   ddiv.o
       186          0          0          0          0        176   depilogue.o
        34          0          0          0          0         76   dflti.o
       228          0          0          0          0         96   dmul.o
        46          0          0          0          0         80   dscalb.o
       162          0          0          0          0        100   dsqrt.o
        38          0          0          0          0         68   f2d.o
       176          0          0          0          0        140   fadd.o
       124          0          0          0          0         88   fdiv.o
       110          0          0          0          0        168   fepilogue.o
        50          0          0          0          0         68   ffixi.o
        18          0          0          0          0         68   fflti.o
        10          0          0          0          0         68   ffltui.o
       100          0          0          0          0         76   fmul.o

    ----------------------------------------------------------------------
      5532        236        144          4          0       3436   Library Totals
         8          0          0          0          0          0   (incl. Padding)

    ----------------------------------------------------------------------

      Code (inc. data)   RO Data    RW Data    ZI Data      Debug   Library Name

      2868        200        144          0          0        912   m_ws.l
       666         36          0          4          0        780   mc_w.l
      1990          0          0          0          0       1744   mf_w.l

    ----------------------------------------------------------------------
      5532        236        144          4          0       3436   Library Totals

    ----------------------------------------------------------------------

==============================================================================


      Code (inc. data)   RO Data    RW Data    ZI Data      Debug   

     22476       1072        740        128       6184     419584   Grand Totals
     22476       1072        740        128       6184     419584   ELF Image Totals
     22476       1072        740        128          0          0   ROM Totals

==============================================================================

    Total RO  Size (Code + RO Data)                23216 (  22.67kB)
    Total RW  Size (RW Data + ZI Data)              6312 (   6.16kB)
    Total ROM Size (Code + RO Data + RW Data)      23344 (  22.80kB)

==============================================================================

