Component: ARM Compiler 5.06 update 4 (build 422) Tool: armlink [4d35d2]

==============================================================================

Section Cross References

    app.o(.text) refers to os_time.o(.text) for OSTimeDlyHMSM
    app.o(.text) refers to delay.o(.text) for delay_us
    app.o(.text) refers to stm32f10x_gpio.o(.text) for GPIO_ResetBits
    app.o(.text) refers to printf1.o(i.__0printf$1) for __2printf
    mpu9250.o(.text) refers to memseta.o(.text) for __aeabi_memclr4
    mpu9250.o(.text) refers to iic.o(.text) for IIC_Read
    mpu9250.o(.text) refers to printf1.o(i.__0printf$1) for __2printf
    mpu9250.o(.text) refers to delay.o(.text) for delay_us
    mpu9250.o(.text) refers to fflti.o(.text) for __aeabi_i2f
    mpu9250.o(.text) refers to f2d.o(.text) for __aeabi_f2d
    mpu9250.o(.text) refers to dmul.o(.text) for __aeabi_dmul
    mpu9250.o(.text) refers to ddiv.o(.text) for __aeabi_ddiv
    mpu9250.o(.text) refers to d2f.o(.text) for __aeabi_d2f
    battery.o(.text) refers to stm32f10x_rcc.o(.text) for RCC_AHBPeriphClockCmd
    battery.o(.text) refers to stm32f10x_gpio.o(.text) for GPIO_Init
    battery.o(.text) refers to stm32f10x_dma.o(.text) for DMA_DeInit
    battery.o(.text) refers to stm32f10x_adc.o(.text) for ADC_Init
    battery.o(.text) refers to ffltui.o(.text) for __aeabi_ui2f
    battery.o(.text) refers to f2d.o(.text) for __aeabi_f2d
    battery.o(.text) refers to cdcmple.o(.text) for __aeabi_cdcmple
    battery.o(.text) refers to global_variable_struct.o(.data) for battery
    motor.o(.text) refers to stm32f10x_rcc.o(.text) for RCC_APB1PeriphClockCmd
    motor.o(.text) refers to stm32f10x_gpio.o(.text) for GPIO_Init
    motor.o(.text) refers to stm32f10x_tim.o(.text) for TIM_TimeBaseInit
    motor.o(.text) refers to motor.o(.bss) for TIM_TimeBaseStructure
    motor.o(.text) refers to global_variable_struct.o(.data) for motor_pwm
    bsp.o(.text) refers to system_stm32f10x.o(.text) for SystemInit
    bsp.o(.text) refers to battery.o(.text) for Battery_Init
    bsp.o(.text) refers to debug.o(.text) for Debug_Init
    bsp.o(.text) refers to stm32f10x_rcc.o(.text) for RCC_APB2PeriphClockCmd
    bsp.o(.text) refers to stm32f10x_gpio.o(.text) for GPIO_Init
    bsp.o(.text) refers to system_stm32f10x.o(.data) for SystemCoreClock
    main.o(.text) refers to bsp.o(.text) for BSP_Init
    main.o(.text) refers to os_core.o(.text) for OSInit
    main.o(.text) refers to os_task.o(.text) for OSTaskCreate
    main.o(.text) refers to main.o(.bss) for task_LED1_stk
    main.o(.text) refers to app.o(.text) for Task_LED1
    stm32f10x_it.o(.text) refers to os_core.o(.text) for OSIntEnter
    iic.o(.text) refers to stm32f10x_rcc.o(.text) for RCC_APB2PeriphClockCmd
    iic.o(.text) refers to stm32f10x_gpio.o(.text) for GPIO_Init
    iic.o(.text) refers to printf1.o(i.__0printf$1) for __2printf
    iic.o(.text) refers to delay.o(.text) for delay_us
    delay.o(.text) refers to dfltui.o(.text) for __aeabi_ui2d
    delay.o(.text) refers to dmul.o(.text) for __aeabi_dmul
    delay.o(.text) refers to dfixui.o(.text) for __aeabi_d2uiz
    kalman.o(.text) refers to fadd.o(.text) for __aeabi_fsub
    kalman.o(.text) refers to fmul.o(.text) for __aeabi_fmul
    kalman.o(.text) refers to fdiv.o(.text) for __aeabi_fdiv
    kalman.o(.text) refers to global_variable_struct.o(.bss) for kalman
    debug.o(.text) refers to stm32f10x_dma.o(.text) for DMA_Cmd
    debug.o(.text) refers to memseta.o(.text) for __aeabi_memclr
    debug.o(.text) refers to usart.o(.text) for usart_Init
    debug.o(.text) refers to dflti.o(.text) for __aeabi_i2d
    debug.o(.text) refers to pow.o(i.pow) for pow
    debug.o(.text) refers to dmul.o(.text) for __aeabi_dmul
    debug.o(.text) refers to f2d.o(.text) for __aeabi_f2d
    debug.o(.text) refers to dadd.o(.text) for __aeabi_dadd
    debug.o(.text) refers to d2f.o(.text) for __aeabi_d2f
    debug.o(.text) refers to usart.o(.bss) for USART_RxBuffer
    debug.o(.text) refers to global_variable_struct.o(.bss) for pid
    usart.o(.text) refers to stm32f10x_usart.o(.text) for USART_SendData
    usart.o(.text) refers to stm32f10x_rcc.o(.text) for RCC_APB2PeriphClockCmd
    usart.o(.text) refers to stm32f10x_gpio.o(.text) for GPIO_Init
    usart.o(.text) refers to stm32f10x_dma.o(.text) for DMA_DeInit
    usart.o(.text) refers to usart.o(.bss) for USART_DMA_InitStructure
    startup_stm32f10x_hd.o(RESET) refers to startup_stm32f10x_hd.o(STACK) for __initial_sp
    startup_stm32f10x_hd.o(RESET) refers to startup_stm32f10x_hd.o(.text) for Reset_Handler
    startup_stm32f10x_hd.o(RESET) refers to stm32f10x_it.o(.text) for NMI_Handler
    startup_stm32f10x_hd.o(RESET) refers to os_cpu_a.o(.text) for OS_CPU_PendSVHandler
    startup_stm32f10x_hd.o(.text) refers to system_stm32f10x.o(.text) for SystemInit
    startup_stm32f10x_hd.o(.text) refers to entry.o(.ARM.Collect$$$$00000000) for __main
    system_stm32f10x.o(.text) refers to system_stm32f10x.o(.data) for SystemCoreClock
[...]
    printf6.o(i.__0snprintf$6) refers to printf6.o(i._snputc) for _snputc
    printf6.o(i.__0sprintf$6) refers to printf6.o(i._printf_core) for _printf_core
    printf6.o(i.__0sprintf$6) refers to printf6.o(i._sputc) for _sputc
    printf6.o(i.__0vfprintf$6) refers to printf6.o(i._printf_core) for _printf_core
    printf6.o(i.__0vfprintf$6) refers to usart.o(.text) for fputc
    printf6.o(i.__0vprintf$6) refers to printf6.o(i._printf_core) for _printf_core
    printf6.o(i.__0vprintf$6) refers to usart.o(.text) for fputc
    printf6.o(i.__0vprintf$6) refers to usart.o(.data) for __stdout
    printf6.o(i.__0vsnprintf$6) refers to printf6.o(i._printf_core) for _printf_core
    printf6.o(i.__0vsnprintf$6) refers to printf6.o(i._snputc) for _snputc
    printf6.o(i.__0vsprintf$6) refers to printf6.o(i._printf_core) for _printf_core
    printf6.o(i.__0vsprintf$6) refers to printf6.o(i._sputc) for _sputc
    printf6.o(i._printf_core) refers to printf6.o(i._printf_pre_padding) for _printf_pre_padding
    printf6.o(i._printf_core) refers to uidiv.o(.text) for __aeabi_uidivmod
    printf6.o(i._printf_core) refers to printf6.o(i._printf_post_padding) for _printf_post_padding
    printf7.o(i.__0fprintf$7) refers to printf7.o(i._printf_core) for _printf_core
    printf7.o(i.__0fprintf$7) refers to usart.o(.text) for fputc
    printf7.o(i.__0printf$7) refers to printf7.o(i._printf_core) for _printf_core
    printf7.o(i.__0printf$7) refers to usart.o(.text) for fputc
    printf7.o(i.__0printf$7) refers to usart.o(.data) for __stdout
    printf7.o(i.__0snprintf$7) refers to printf7.o(i._printf_core) for _printf_core
    printf7.o(i.__0snprintf$7) refers to printf7.o(i._snputc) for _snputc
    printf7.o(i.__0sprintf$7) refers to printf7.o(i._printf_core) for _printf_core
    printf7.o(i.__0sprintf$7) refers to printf7.o(i._sputc) for _sputc
    printf7.o(i.__0vfprintf$7) refers to printf7.o(i._printf_core) for _printf_core
    printf7.o(i.__0vfprintf$7) refers to usart.o(.text) for fputc
    printf7.o(i.__0vprintf$7) refers to printf7.o(i._printf_core) for _printf_core
    printf7.o(i.__0vprintf$7) refers to usart.o(.text) for fputc
    printf7.o(i.__0vprintf$7) refers to usart.o(.data) for __stdout
    printf7.o(i.__0vsnprintf$7) refers to printf7.o(i._printf_core) for _printf_core
    printf7.o(i.__0vsnprintf$7) refers to printf7.o(i._snputc) for _snputc
    printf7.o(i.__0vsprintf$7) refers to printf7.o(i._printf_core) for _printf_core
    printf7.o(i.__0vsprintf$7) refers to printf7.o(i._sputc) for _sputc
    printf7.o(i._printf_core) refers to printf7.o(i._printf_pre_padding) for _printf_pre_padding
    printf7.o(i._printf_core) refers to uldiv.o(.text) for __aeabi_uldivmod
    printf7.o(i._printf_core) refers to printf7.o(i._printf_post_padding) for _printf_post_padding
    printf8.o(i.__0fprintf$8) refers to printf8.o(i._printf_core) for _printf_core
    printf8.o(i.__0fprintf$8) refers to usart.o(.text) for fputc
    printf8.o(i.__0printf$8) refers to printf8.o(i._printf_core) for _printf_core
    printf8.o(i.__0printf$8) refers to usart.o(.text) for fputc
    printf8.o(i.__0printf$8) refers to usart.o(.data) for __stdout
    printf8.o(i.__0snprintf$8) refers to printf8.o(i._printf_core) for _printf_core
    printf8.o(i.__0snprintf$8) refers to printf8.o(i._snputc) for _snputc
    printf8.o(i.__0sprintf$8) refers to printf8.o(i._printf_core) for _printf_core
    printf8.o(i.__0sprintf$8) refers to printf8.o(i._sputc) for _sputc
    printf8.o(i.__0vfprintf$8) refers to printf8.o(i._printf_core) for _printf_core
    printf8.o(i.__0vfprintf$8) refers to usart.o(.text) for fputc
    printf8.o(i.__0vprintf$8) refers to printf8.o(i._printf_core) for _printf_core
    printf8.o(i.__0vprintf$8) refers to usart.o(.text) for fputc
    printf8.o(i.__0vprintf$8) refers to usart.o(.data) for __stdout
    printf8.o(i.__0vsnprintf$8) refers to printf8.o(i._printf_core) for _printf_core
    printf8.o(i.__0vsnprintf$8) refers to printf8.o(i._snputc) for _snputc
    printf8.o(i.__0vsprintf$8) refers to printf8.o(i._printf_core) for _printf_core
    printf8.o(i.__0vsprintf$8) refers to printf8.o(i._sputc) for _sputc
    printf8.o(i._printf_core) refers to printf8.o(i._printf_pre_padding) for _printf_pre_padding
    printf8.o(i._printf_core) refers to uldiv.o(.text) for __aeabi_uldivmod
    printf8.o(i._printf_core) refers to printf8.o(i._printf_post_padding) for _printf_post_padding
    printfa.o(i.__0fprintf) refers (Special) to iusefp.o(.text) for __I$use$fp
    printfa.o(i.__0fprintf) refers to printfa.o(i._printf_core) for _printf_core
    printfa.o(i.__0fprintf) refers to usart.o(.text) for fputc
    printfa.o(i.__0printf) refers (Special) to iusefp.o(.text) for __I$use$fp
    printfa.o(i.__0printf) refers to printfa.o(i._printf_core) for _printf_core
    printfa.o(i.__0printf) refers to usart.o(.text) for fputc
    printfa.o(i.__0printf) refers to usart.o(.data) for __stdout
    printfa.o(i.__0snprintf) refers (Special) to iusefp.o(.text) for __I$use$fp
    printfa.o(i.__0snprintf) refers to printfa.o(i._printf_core) for _printf_core
    printfa.o(i.__0snprintf) refers to printfa.o(i._snputc) for _snputc
    printfa.o(i.__0sprintf) refers (Special) to iusefp.o(.text) for __I$use$fp
    printfa.o(i.__0sprintf) refers to printfa.o(i._printf_core) for _printf_core
    printfa.o(i.__0sprintf) refers to printfa.o(i._sputc) for _sputc
    printfa.o(i.__0vfprintf) refers (Special) to iusefp.o(.text) for __I$use$fp
    printfa.o(i.__0vfprintf) refers to printfa.o(i._printf_core) for _printf_core
    printfa.o(i.__0vfprintf) refers to usart.o(.text) for fputc
    printfa.o(i.__0vprintf) refers (Special) to iusefp.o(.text) for __I$use$fp
    printfa.o(i.__0vprintf) refers to printfa.o(i._printf_core) for _printf_core
    printfa.o(i.__0vprintf) refers to usart.o(.text) for fputc
    printfa.o(i.__0vprintf) refers to usart.o(.data) for __stdout
    printfa.o(i.__0vsnprintf) refers (Special) to iusefp.o(.text) for __I$use$fp
    printfa.o(i.__0vsnprintf) refers to printfa.o(i._printf_core) for _printf_core
    printfa.o(i.__0vsnprintf) refers to printfa.o(i._snputc) for _snputc
    printfa.o(i.__0vsprintf) refers (Special) to iusefp.o(.text) for __I$use$fp
    printfa.o(i.__0vsprintf) refers to printfa.o(i._printf_core) for _printf_core
    printfa.o(i.__0vsprintf) refers to printfa.o(i._sputc) for _sputc
    printfa.o(i._fp_digits) refers (Special) to iusefp.o(.text) for __I$use$fp
    printfa.o(i._fp_digits) refers to dmul.o(.text) for __aeabi_dmul
    printfa.o(i._fp_digits) refers to ddiv.o(.text) for __aeabi_ddiv
    printfa.o(i._fp_digits) refers to cdrcmple.o(.text) for __aeabi_cdrcmple
    printfa.o(i._fp_digits) refers to dadd.o(.text) for __aeabi_dadd
    printfa.o(i._fp_digits) refers to dfixul.o(.text) for __aeabi_d2ulz
    printfa.o(i._fp_digits) refers to uldiv.o(.text) for __aeabi_uldivmod
    printfa.o(i._printf_core) refers (Special) to iusefp.o(.text) for __I$use$fp
    printfa.o(i._printf_core) refers to printfa.o(i._printf_pre_padding) for _printf_pre_padding
    printfa.o(i._printf_core) refers to uldiv.o(.text) for __aeabi_uldivmod
    printfa.o(i._printf_core) refers to printfa.o(i._printf_post_padding) for _printf_post_padding
    printfa.o(i._printf_core) refers to printfa.o(i._fp_digits) for _fp_digits
    printfa.o(i._printf_core) refers to uidiv.o(.text) for __aeabi_uidivmod
    printfa.o(i._printf_post_padding) refers (Special) to iusefp.o(.text) for __I$use$fp
    printfa.o(i._printf_pre_padding) refers (Special) to iusefp.o(.text) for __I$use$fp
    printfa.o(i._snputc) refers (Special) to iusefp.o(.text) for __I$use$fp
    printfa.o(i._sputc) refers (Special) to iusefp.o(.text) for __I$use$fp
    fadd.o(.text) refers (Special) to iusefp.o(.text) for __I$use$fp
    fadd.o(.text) refers to fepilogue.o(.text) for _float_epilogue
    fmul.o(.text) refers (Special) to iusefp.o(.text) for __I$use$fp
    fdiv.o(.text) refers (Special) to iusefp.o(.text) for __I$use$fp
    fdiv.o(.text) refers to fepilogue.o(.text) for _float_round
    dadd.o(.text) refers (Special) to iusefp.o(.text) for __I$use$fp
    dadd.o(.text) refers to llshl.o(.text) for __aeabi_llsl
    dadd.o(.text) refers to llsshr.o(.text) for __aeabi_lasr
    dadd.o(.text) refers to depilogue.o(.text) for _double_epilogue
    dmul.o(.text) refers (Special) to iusefp.o(.text) for __I$use$fp
    dmul.o(.text) refers to depilogue.o(.text) for _double_epilogue
    ddiv.o(.text) refers (Special) to iusefp.o(.text) for __I$use$fp
    ddiv.o(.text) refers to depilogue.o(.text) for _double_round
    fflti.o(.text) refers (Special) to iusefp.o(.text) for __I$use$fp
    fflti.o(.text) refers to fepilogue.o(.text) for _float_epilogue
    ffltui.o(.text) refers (Special) to iusefp.o(.text) for __I$use$fp
    ffltui.o(.text) refers to fepilogue.o(.text) for _float_epilogue
    dflti.o(.text) refers (Special) to iusefp.o(.text) for __I$use$fp
    dflti.o(.text) refers to depilogue.o(.text) for _double_epilogue
    dfltui.o(.text) refers (Special) to iusefp.o(.text) for __I$use$fp
    dfltui.o(.text) refers to depilogue.o(.text) for _double_epilogue
    dfixui.o(.text) refers (Special) to iusefp.o(.text) for __I$use$fp
    dfixui.o(.text) refers to llushr.o(.text) for __aeabi_llsr
    f2d.o(.text) refers (Special) to iusefp.o(.text) for __I$use$fp
    cdcmple.o(.text) refers (Special) to iusefp.o(.text) for __I$use$fp
    d2f.o(.text) refers (Special) to iusefp.o(.text) for __I$use$fp
    d2f.o(.text) refers to fepilogue.o(.text) for _float_round
    dunder.o(i.__mathlib_dbl_divzero) refers to ddiv.o(.text) for __aeabi_ddiv
    dunder.o(i.__mathlib_dbl_infnan) refers to dscalb.o(.text) for __ARM_scalbn
    dunder.o(i.__mathlib_dbl_infnan2) refers to dadd.o(.text) for __aeabi_dadd
    dunder.o(i.__mathlib_dbl_invalid) refers to ddiv.o(.text) for __aeabi_ddiv
    dunder.o(i.__mathlib_dbl_overflow) refers to dscalb.o(.text) for __ARM_scalbn
    dunder.o(i.__mathlib_dbl_posinfnan) refers to dmul.o(.text) for __aeabi_dmul
    dunder.o(i.__mathlib_dbl_underflow) refers to dscalb.o(.text) for __ARM_scalbn
    fpclassify.o(i.__ARM_fpclassify) refers (Special) to iusefp.o(.text) for __I$use$fp
    poly.o(i.__kernel_poly) refers (Special) to iusefp.o(.text) for __I$use$fp
    poly.o(i.__kernel_poly) refers to dmul.o(.text) for __aeabi_dmul
    poly.o(i.__kernel_poly) refers to dadd.o(.text) for __aeabi_dadd
    qnan.o(.constdata) refers (Special) to iusefp.o(.text) for __I$use$fp
    sqrt.o(i.__softfp_sqrt) refers (Special) to iusefp.o(.text) for __I$use$fp
    sqrt.o(i.__softfp_sqrt) refers to dsqrt.o(.text) for _dsqrt
    sqrt.o(i.__softfp_sqrt) refers to errno.o(i.__set_errno) for __set_errno
    sqrt.o(i.sqrt) refers (Special) to iusefp.o(.text) for __I$use$fp
    sqrt.o(i.sqrt) refers to dsqrt.o(.text) for _dsqrt
    sqrt.o(i.sqrt) refers to errno.o(i.__set_errno) for __set_errno
    sqrt_x.o(i.____softfp_sqrt$lsc) refers (Special) to iusefp.o(.text) for __I$use$fp
    sqrt_x.o(i.____softfp_sqrt$lsc) refers to cdcmple.o(.text) for __aeabi_cdcmple
    sqrt_x.o(i.____softfp_sqrt$lsc) refers to errno.o(i.__set_errno) for __set_errno
    sqrt_x.o(i.____softfp_sqrt$lsc) refers to dsqrt.o(.text) for _dsqrt
    sqrt_x.o(i.__sqrt$lsc) refers (Special) to iusefp.o(.text) for __I$use$fp
    sqrt_x.o(i.__sqrt$lsc) refers to cdcmple.o(.text) for __aeabi_cdcmple
    sqrt_x.o(i.__sqrt$lsc) refers to errno.o(i.__set_errno) for __set_errno
    sqrt_x.o(i.__sqrt$lsc) refers to dsqrt.o(.text) for _dsqrt
    entry2.o(.ARM.Collect$$$$00000001) refers to entry2.o(.ARM.Collect$$$$00002712) for __lit__00000000
    entry2.o(.ARM.Collect$$$$00002712) refers to startup_stm32f10x_hd.o(STACK) for __initial_sp
    entry2.o(__vectab_stack_and_reset_area) refers to startup_stm32f10x_hd.o(STACK) for __initial_sp
    entry2.o(__vectab_stack_and_reset_area) refers to entry.o(.ARM.Collect$$$$00000000) for __main
    entry5.o(.ARM.Collect$$$$00000004) refers to init.o(.text) for __scatterload
    entry9a.o(.ARM.Collect$$$$0000000B) refers to main.o(.text) for main
    entry9b.o(.ARM.Collect$$$$0000000C) refers to main.o(.text) for main
    uldiv.o(.text) refers to llushr.o(.text) for __aeabi_llsr
    uldiv.o(.text) refers to llshl.o(.text) for __aeabi_llsl
    errno.o(i.__aeabi_errno_addr) refers to errno.o(.data) for .data
    errno.o(i.__read_errno) refers to errno.o(.data) for .data
    errno.o(i.__set_errno) refers to errno.o(.data) for .data
    depilogue.o(.text) refers to llshl.o(.text) for __aeabi_llsl
    depilogue.o(.text) refers to llushr.o(.text) for __aeabi_llsr
    dfixul.o(.text) refers to llushr.o(.text) for __aeabi_llsr
    dfixul.o(.text) refers to llshl.o(.text) for __aeabi_llsl
    init.o(.text) refers to entry5.o(.ARM.Collect$$$$00000004) for __main_after_scatterload
    dsqrt.o(.text) refers to llushr.o(.text) for __aeabi_llsr
    dsqrt.o(.text) refers to depilogue.o(.text) for _double_round


==============================================================================

Removing Unused input sections from the image.

    Removing app.o(.bss), (1032 bytes).
    Removing app.o(.data), (12 bytes).
    Removing mpu9250.o(.text), (404 bytes).
    Removing mpu9250.o(.bss), (960 bytes).
    Removing battery.o(.bss), (960 bytes).
    Removing motor.o(.text), (408 bytes).
    Removing motor.o(.bss), (986 bytes).
    Removing bsp.o(.bss), (960 bytes).
    Removing stm32f10x_it.o(.bss), (960 bytes).
    Removing iic.o(.text), (1188 bytes).
    Removing iic.o(.bss), (960 bytes).
    Removing delay.o(.bss), (960 bytes).
    Removing kalman.o(.text), (2316 bytes).
    Removing kalman.o(.bss), (960 bytes).
    Removing debug.o(.bss), (960 bytes).
    Removing startup_stm32f10x_hd.o(HEAP), (512 bytes).
    Removing core_cm3.o(.emb_text), (32 bytes).
    Removing misc.o(.text), (220 bytes).
    Removing stm32f10x_bkp.o(.text), (196 bytes).
    Removing stm32f10x_can.o(.text), (2544 bytes).
    Removing stm32f10x_cec.o(.text), (288 bytes).
    Removing stm32f10x_crc.o(.text), (72 bytes).
    Removing stm32f10x_dac.o(.text), (396 bytes).
    Removing stm32f10x_dbgmcu.o(.text), (48 bytes).
    Removing stm32f10x_exti.o(.text), (284 bytes).
    Removing stm32f10x_flash.o(.text), (1468 bytes).
    Removing stm32f10x_fsmc.o(.text), (1548 bytes).
    Removing stm32f10x_i2c.o(.text), (1028 bytes).
    Removing stm32f10x_iwdg.o(.text), (64 bytes).
    Removing stm32f10x_pwr.o(.text), (204 bytes).
    Removing stm32f10x_rtc.o(.text), (328 bytes).
    Removing stm32f10x_sdio.o(.text), (468 bytes).
    Removing stm32f10x_spi.o(.text), (780 bytes).
    Removing stm32f10x_tim.o(.text), (3610 bytes).
    Removing stm32f10x_wwdg.o(.text), (136 bytes).
    Removing os_dbg.o(.constdata), (2 bytes).
    Removing fadd.o(.text), (176 bytes).
    Removing fmul.o(.text), (100 bytes).
    Removing fdiv.o(.text), (124 bytes).
    Removing fflti.o(.text), (18 bytes).
    Removing dfixul.o(.text), (48 bytes).

41 unused section(s) (total 28720 bytes) removed from the image.

==============================================================================

Image Symbol Table

    Local Symbols

    Symbol Name                              Value     Ov Type        Size  Object(Section)

    ../clib/microlib/division.c              0x00000000   Number         0  uidiv.o ABSOLUTE
    ../clib/microlib/division.c              0x00000000   Number         0  uldiv.o ABSOLUTE
    ../clib/microlib/errno.c                 0x00000000   Number         0  errno.o ABSOLUTE
    ../clib/microlib/init/entry.s            0x00000000   Number         0  entry.o ABSOLUTE
    ../clib/microlib/init/entry.s            0x00000000   Number         0  entry2.o ABSOLUTE
    ../clib/microlib/init/entry.s            0x00000000   Number         0  entry9b.o ABSOLUTE
    ../clib/microlib/init/entry.s            0x00000000   Number         0  entry10b.o ABSOLUTE
    ../clib/microlib/init/entry.s            0x00000000   Number         0  entry11a.o ABSOLUTE
    ../clib/microlib/init/entry.s            0x00000000   Number         0  entry5.o ABSOLUTE
    ../clib/microlib/init/entry.s            0x00000000   Number         0  entry11b.o ABSOLUTE
    ../clib/microlib/init/entry.s            0x00000000   Number         0  entry7a.o ABSOLUTE
    ../clib/microlib/init/entry.s            0x00000000   Number         0  entry7b.o ABSOLUTE
    ../clib/microlib/init/entry.s            0x00000000   Number         0  entry8a.o ABSOLUTE
    ../clib/microlib/init/entry.s            0x00000000   Number         0  entry8b.o ABSOLUTE
    ../clib/microlib/init/entry.s            0x00000000   Number         0  entry9a.o ABSOLUTE
    ../clib/microlib/init/entry.s            0x00000000   Number         0  entry10a.o ABSOLUTE
    ../clib/microlib/longlong.c              0x00000000   Number         0  llushr.o ABSOLUTE
    ../clib/microlib/longlong.c              0x00000000   Number         0  llsshr.o ABSOLUTE
    ../clib/microlib/longlong.c              0x00000000   Number         0  llshl.o ABSOLUTE
    ../clib/microlib/printf/printf.c         0x00000000   Number         0  printf5.o ABSOLUTE
    ../clib/microlib/printf/printf.c         0x00000000   Number         0  printf4.o ABSOLUTE
    ../clib/microlib/printf/printf.c         0x00000000   Number         0  printf0.o ABSOLUTE
    ../clib/microlib/printf/printf.c         0x00000000   Number         0  printf3.o ABSOLUTE
    ../clib/microlib/printf/printf.c         0x00000000   Number         0  printf2.o ABSOLUTE
    ../clib/microlib/printf/printf.c         0x00000000   Number         0  printf6.o ABSOLUTE
    ../clib/microlib/printf/printf.c         0x00000000   Number         0  printf1.o ABSOLUTE
    ../clib/microlib/printf/printf.c         0x00000000   Number         0  printfa.o ABSOLUTE
    ../clib/microlib/printf/printf.c         0x00000000   Number         0  printfb.o ABSOLUTE
    ../clib/microlib/printf/printf.c         0x00000000   Number         0  printf8.o ABSOLUTE
    ../clib/microlib/printf/printf.c         0x00000000   Number         0  printf7.o ABSOLUTE
    ../clib/microlib/printf/stubs.s          0x00000000   Number         0  stubs.o ABSOLUTE
    ../clib/microlib/string/memset.c         0x00000000   Number         0  memseta.o ABSOLUTE
    ../clib/microlib/stubs.s                 0x00000000   Number         0  iusefp.o ABSOLUTE
    ../fplib/microlib/d2f.c                  0x00000000   Number         0  d2f.o ABSOLUTE
    ../fplib/microlib/f2d.c                  0x00000000   Number         0  f2d.o ABSOLUTE
    ../fplib/microlib/fpadd.c                0x00000000   Number         0  dadd.o ABSOLUTE
    ../fplib/microlib/fpadd.c                0x00000000   Number         0  fadd.o ABSOLUTE
    ../fplib/microlib/fpdiv.c                0x00000000   Number         0  fdiv.o ABSOLUTE
    ../fplib/microlib/fpdiv.c                0x00000000   Number         0  ddiv.o ABSOLUTE
    ../fplib/microlib/fpepilogue.c           0x00000000   Number         0  fepilogue.o ABSOLUTE
    ../fplib/microlib/fpepilogue.c           0x00000000   Number         0  depilogue.o ABSOLUTE
    ../fplib/microlib/fpfix.c                0x00000000   Number         0  dfixul.o ABSOLUTE
    ../fplib/microlib/fpfix.c                0x00000000   Number         0  dfixui.o ABSOLUTE
    ../fplib/microlib/fpflt.c                0x00000000   Number         0  dflti.o ABSOLUTE
    ../fplib/microlib/fpflt.c                0x00000000   Number         0  ffltui.o ABSOLUTE
    ../fplib/microlib/fpflt.c                0x00000000   Number         0  fflti.o ABSOLUTE
    ../fplib/microlib/fpflt.c                0x00000000   Number         0  dfltui.o ABSOLUTE
    ../fplib/microlib/fpmul.c                0x00000000   Number         0  fmul.o ABSOLUTE
    ../fplib/microlib/fpmul.c                0x00000000   Number         0  dmul.o ABSOLUTE
    ../fplib/microlib/fpscalb.c              0x00000000   Number         0  dscalb.o ABSOLUTE
    ../fplib/microlib/fpsqrt.c               0x00000000   Number         0  dsqrt.o ABSOLUTE
    ../mathlib/dunder.c                      0x00000000   Number         0  dunder.o ABSOLUTE
    ../mathlib/fpclassify.c                  0x00000000   Number         0  fpclassify.o ABSOLUTE
    ../mathlib/poly.c                        0x00000000   Number         0  poly.o ABSOLUTE
    ../mathlib/pow.c                         0x00000000   Number         0  pow.o ABSOLUTE
    ../mathlib/pow.c                         0x00000000   Number         0  pow_x.o ABSOLUTE
    ../mathlib/qnan.c                        0x00000000   Number         0  qnan.o ABSOLUTE
    ../mathlib/sqrt.c                        0x00000000   Number         0  sqrt.o ABSOLUTE
    ../mathlib/sqrt.c                        0x00000000   Number         0  sqrt_x.o ABSOLUTE
    APP\app.c                                0x00000000   Number         0  app.o ABSOLUTE
    APP\battery.c                            0x00000000   Number         0  battery.o ABSOLUTE
    APP\motor.c                              0x00000000   Number         0  motor.o ABSOLUTE
    APP\mpu9250.c                            0x00000000   Number         0  mpu9250.o ABSOLUTE
    BSP\BSP.c                                0x00000000   Number         0  bsp.o ABSOLUTE
    CMSIS\\core_cm3.c                        0x00000000   Number         0  core_cm3.o ABSOLUTE
    CMSIS\core_cm3.c                         0x00000000   Number         0  core_cm3.o ABSOLUTE
    CMSIS\system_stm32f10x.c                 0x00000000   Number         0  system_stm32f10x.o ABSOLUTE
    FWLIB\src\misc.c                         0x00000000   Number         0  misc.o ABSOLUTE
    FWLIB\src\stm32f10x_adc.c                0x00000000   Number         0  stm32f10x_adc.o ABSOLUTE
    FWLIB\src\stm32f10x_bkp.c                0x00000000   Number         0  stm32f10x_bkp.o ABSOLUTE
    FWLIB\src\stm32f10x_can.c                0x00000000   Number         0  stm32f10x_can.o ABSOLUTE
    FWLIB\src\stm32f10x_cec.c                0x00000000   Number         0  stm32f10x_cec.o ABSOLUTE
    FWLIB\src\stm32f10x_crc.c                0x00000000   Number         0  stm32f10x_crc.o ABSOLUTE
    FWLIB\src\stm32f10x_dac.c                0x00000000   Number         0  stm32f10x_dac.o ABSOLUTE
    FWLIB\src\stm32f10x_dbgmcu.c             0x00000000   Number         0  stm32f10x_dbgmcu.o ABSOLUTE
    FWLIB\src\stm32f10x_dma.c                0x00000000   Number         0  stm32f10x_dma.o ABSOLUTE
    FWLIB\src\stm32f10x_exti.c               0x00000000   Number         0  stm32f10x_exti.o ABSOLUTE
    FWLIB\src\stm32f10x_flash.c              0x00000000   Number         0  stm32f10x_flash.o ABSOLUTE
    FWLIB\src\stm32f10x_fsmc.c               0x00000000   Number         0  stm32f10x_fsmc.o ABSOLUTE
    FWLIB\src\stm32f10x_gpio.c               0x00000000   Number         0  stm32f10x_gpio.o ABSOLUTE
    FWLIB\src\stm32f10x_i2c.c                0x00000000   Number         0  stm32f10x_i2c.o ABSOLUTE
    FWLIB\src\stm32f10x_iwdg.c               0x00000000   Number         0  stm32f10x_iwdg.o ABSOLUTE
    FWLIB\src\stm32f10x_pwr.c                0x00000000   Number         0  stm32f10x_pwr.o ABSOLUTE
    FWLIB\src\stm32f10x_rcc.c                0x00000000   Number         0  stm32f10x_rcc.o ABSOLUTE
    FWLIB\src\stm32f10x_rtc.c                0x00000000   Number         0  stm32f10x_rtc.o ABSOLUTE
    FWLIB\src\stm32f10x_sdio.c               0x00000000   Number         0  stm32f10x_sdio.o ABSOLUTE
    FWLIB\src\stm32f10x_spi.c                0x00000000   Number         0  stm32f10x_spi.o ABSOLUTE
    FWLIB\src\stm32f10x_tim.c                0x00000000   Number         0  stm32f10x_tim.o ABSOLUTE
    FWLIB\src\stm32f10x_usart.c              0x00000000   Number         0  stm32f10x_usart.o ABSOLUTE
    FWLIB\src\stm32f10x_wwdg.c               0x00000000   Number         0  stm32f10x_wwdg.o ABSOLUTE
    STARTCODE\startup_stm32f10x_hd.s         0x00000000   Number         0  startup_stm32f10x_hd.o ABSOLUTE
    USER\Global_Variable_Struct.c            0x00000000   Number         0  global_variable_struct.o ABSOLUTE
    USER\main.c                              0x00000000   Number         0  main.o ABSOLUTE
    USER\stm32f10x_it.c                      0x00000000   Number         0  stm32f10x_it.o ABSOLUTE
    cdcmple.s                                0x00000000   Number         0  cdcmple.o ABSOLUTE
    cdrcmple.s                               0x00000000   Number         0  cdrcmple.o ABSOLUTE
    dc.s                                     0x00000000   Number         0  dc.o ABSOLUTE
    handlers.s                               0x00000000   Number         0  handlers.o ABSOLUTE
    implements\debug.c                       0x00000000   Number         0  debug.o ABSOLUTE
    implements\delay.c                       0x00000000   Number         0  delay.o ABSOLUTE
    implements\iic.c                         0x00000000   Number         0  iic.o ABSOLUTE
    implements\kalman.c                      0x00000000   Number         0  kalman.o ABSOLUTE
    implements\usart.c                       0x00000000   Number         0  usart.o ABSOLUTE
    init.s                                   0x00000000   Number         0  init.o ABSOLUTE
    uCOS_Port\os_cpu_a.asm                   0x00000000   Number         0  os_cpu_a.o ABSOLUTE
    uCOS_Port\os_cpu_c.c                     0x00000000   Number         0  os_cpu_c.o ABSOLUTE
    uCOS_Port\os_dbg.c                       0x00000000   Number         0  os_dbg.o ABSOLUTE
    uCOS_Sources\os_core.c                   0x00000000   Number         0  os_core.o ABSOLUTE
    uCOS_Sources\os_flag.c                   0x00000000   Number         0  os_flag.o ABSOLUTE
    uCOS_Sources\os_mbox.c                   0x00000000   Number         0  os_mbox.o ABSOLUTE
    uCOS_Sources\os_mem.c                    0x00000000   Number         0  os_mem.o ABSOLUTE
    uCOS_Sources\os_mutex.c                  0x00000000   Number         0  os_mutex.o ABSOLUTE
    uCOS_Sources\os_q.c                      0x00000000   Number         0  os_q.o ABSOLUTE
    uCOS_Sources\os_sem.c                    0x00000000   Number         0  os_sem.o ABSOLUTE
    uCOS_Sources\os_task.c                   0x00000000   Number         0  os_task.o ABSOLUTE
    uCOS_Sources\os_time.c                   0x00000000   Number         0  os_time.o ABSOLUTE
    uCOS_Sources\os_tmr.c                    0x00000000   Number         0  os_tmr.o ABSOLUTE
    RESET                                    0x08000000   Section      304  startup_stm32f10x_hd.o(RESET)
    .ARM.Collect$$$$00000000                 0x08000130   Section        0  entry.o(.ARM.Collect$$$$00000000)
    .ARM.Collect$$$$00000001                 0x08000130   Section        4  entry2.o(.ARM.Collect$$$$00000001)
    .ARM.Collect$$$$00000004                 0x08000134   Section        4  entry5.o(.ARM.Collect$$$$00000004)
    .ARM.Collect$$$$00000008                 0x08000138   Section        0  entry7b.o(.ARM.Collect$$$$00000008)
    .ARM.Collect$$$$0000000A                 0x08000138   Section        0  entry8b.o(.ARM.Collect$$$$0000000A)
    .ARM.Collect$$$$0000000B                 0x08000138   Section        8  entry9a.o(.ARM.Collect$$$$0000000B)
    .ARM.Collect$$$$0000000D                 0x08000140   Section        0  entry10a.o(.ARM.Collect$$$$0000000D)
    .ARM.Collect$$$$0000000F                 0x08000140   Section        0  entry11a.o(.ARM.Collect$$$$0000000F)
    .ARM.Collect$$$$00002712                 0x08000140   Section        4  entry2.o(.ARM.Collect$$$$00002712)
    __lit__00000000                          0x08000140   Data           4  entry2.o(.ARM.Collect$$$$00002712)
    .text                                    0x08000144   Section        0  app.o(.text)
    .text                                    0x080001ec   Section        0  battery.o(.text)
    ADC1_GPIO_Config                         0x080001ed   Thumb Code    42  battery.o(.text)
    Battery_Config                           0x08000217   Thumb Code   214  battery.o(.text)
    .text                                    0x08000340   Section        0  bsp.o(.text)
    .text                                    0x080003e8   Section        0  main.o(.text)
    .text                                    0x08000410   Section        0  stm32f10x_it.o(.text)
    .text                                    0x08000438   Section        0  delay.o(.text)
    .text                                    0x08000468   Section        0  debug.o(.text)
    .text                                    0x080006d4   Section        0  usart.o(.text)
    .text                                    0x08000824   Section       36  startup_stm32f10x_hd.o(.text)
    .text                                    0x08000848   Section        0  system_stm32f10x.o(.text)
    SetSysClockTo72                          0x08000849   Thumb Code   214  system_stm32f10x.o(.text)
    SetSysClock                              0x0800091f   Thumb Code     8  system_stm32f10x.o(.text)
    .text                                    0x08000a28   Section        0  stm32f10x_adc.o(.text)
    .text                                    0x08000e78   Section        0  stm32f10x_dma.o(.text)
    .text                                    0x080010cc   Section        0  stm32f10x_gpio.o(.text)
    .text                                    0x08001428   Section        0  stm32f10x_rcc.o(.text)
    .text                                    0x080017cc   Section        0  stm32f10x_usart.o(.text)
    .text                                    0x08001bd4   Section      164  os_cpu_a.o(.text)
    .text                                    0x08001c78   Section        0  os_cpu_c.o(.text)
    .text                                    0x08001d24   Section        0  os_core.o(.text)
    OS_InitTaskStat                          0x08001dcd   Thumb Code    52  os_core.o(.text)
    OS_InitTaskIdle                          0x08001e21   Thumb Code    52  os_core.o(.text)
    OS_InitEventList                         0x08001e55   Thumb Code     2  os_core.o(.text)
    OS_InitTCBList                           0x08001e69   Thumb Code    86  os_core.o(.text)
    OS_InitRdyList                           0x08001ebf   Thumb Code    46  os_core.o(.text)
    OS_InitMisc                              0x08001eed   Thumb Code    44  os_core.o(.text)
    OS_SchedNew                              0x08001f59   Thumb Code    26  os_core.o(.text)
    .text                                    0x080023e8   Section        0  os_task.o(.text)
    .text                                    0x08002ba8   Section        0  os_time.o(.text)
    .text                                    0x08002d90   Section        0  memseta.o(.text)
    .text                                    0x08002db4   Section        0  dadd.o(.text)
    .text                                    0x08002f02   Section        0  dmul.o(.text)
    .text                                    0x08002fe6   Section        0  ddiv.o(.text)
    .text                                    0x080030c4   Section        0  ffltui.o(.text)
    .text                                    0x080030ce   Section        0  dflti.o(.text)
    .text                                    0x080030f0   Section        0  dfltui.o(.text)
    .text                                    0x0800310a   Section        0  dfixui.o(.text)
    .text                                    0x0800313c   Section        0  f2d.o(.text)
    .text                                    0x08003164   Section       48  cdcmple.o(.text)
    .text                                    0x08003194   Section        0  d2f.o(.text)
    .text                                    0x080031cc   Section        0  uidiv.o(.text)
    .text                                    0x080031f8   Section        0  llshl.o(.text)
    .text                                    0x08003216   Section        0  llushr.o(.text)
    .text                                    0x08003236   Section        0  llsshr.o(.text)
    .text                                    0x0800325a   Section        0  iusefp.o(.text)
    .text                                    0x0800325a   Section        0  fepilogue.o(.text)
    .text                                    0x080032c8   Section        0  depilogue.o(.text)
    .text                                    0x08003382   Section        0  dscalb.o(.text)
    .text                                    0x080033b0   Section       48  cdrcmple.o(.text)
    .text                                    0x080033e0   Section       36  init.o(.text)
    .text                                    0x08003404   Section        0  dsqrt.o(.text)
    i.__0printf$1                            0x080034a8   Section        0  printf1.o(i.__0printf$1)
    i.__ARM_fpclassify                       0x080034c8   Section        0  fpclassify.o(i.__ARM_fpclassify)
    i.__kernel_poly                          0x080034f0   Section        0  poly.o(i.__kernel_poly)
    i.__mathlib_dbl_divzero                  0x0800359c   Section        0  dunder.o(i.__mathlib_dbl_divzero)
    i.__mathlib_dbl_infnan2                  0x080035ac   Section        0  dunder.o(i.__mathlib_dbl_infnan2)
    i.__mathlib_dbl_invalid                  0x080035b0   Section        0  dunder.o(i.__mathlib_dbl_invalid)
    i.__mathlib_dbl_overflow                 0x080035bc   Section        0  dunder.o(i.__mathlib_dbl_overflow)
    i.__mathlib_dbl_underflow                0x080035cc   Section        0  dunder.o(i.__mathlib_dbl_underflow)
    i.__scatterload_copy                     0x080035dc   Section       14  handlers.o(i.__scatterload_copy)
    i.__scatterload_null                     0x080035ea   Section        2  handlers.o(i.__scatterload_null)
    i.__scatterload_zeroinit                 0x080035ec   Section       14  handlers.o(i.__scatterload_zeroinit)
    i.__set_errno                            0x080035fc   Section        0  errno.o(i.__set_errno)
    i._printf_core                           0x08003608   Section        0  printf1.o(i._printf_core)
    _printf_core                             0x08003609   Thumb Code   336  printf1.o(i._printf_core)
    i.pow                                    0x0800375c   Section        0  pow.o(i.pow)
    i.sqrt                                   0x08004134   Section        0  sqrt.o(i.sqrt)
    .constdata                               0x08004180   Section      256  os_core.o(.constdata)
    .constdata                               0x08004280   Section      136  pow.o(.constdata)
    bp                                       0x08004280   Data          16  pow.o(.constdata)
    dp_h                                     0x08004290   Data          16  pow.o(.constdata)
    dp_l                                     0x080042a0   Data          16  pow.o(.constdata)
    L                                        0x080042b0   Data          48  pow.o(.constdata)
    P                                        0x080042e0   Data          40  pow.o(.constdata)
    .constdata                               0x08004308   Section        8  qnan.o(.constdata)
    .data                                    0x20000000   Section        9  global_variable_struct.o(.data)
    .data                                    0x2000000c   Section        8  usart.o(.data)
    .data                                    0x20000014   Section       20  system_stm32f10x.o(.data)
    .data                                    0x20000028   Section       20  stm32f10x_rcc.o(.data)
    APBAHBPrescTable                         0x20000028   Data          16  stm32f10x_rcc.o(.data)
    ADCPrescTable                            0x20000038   Data           4  stm32f10x_rcc.o(.data)
    .data                                    0x2000003c   Section       56  os_core.o(.data)
    .data                                    0x20000074   Section        4  errno.o(.data)
    _errno                                   0x20000074   Data           4  errno.o(.data)
    .bss                                     0x20000078   Section      960  main.o(.bss)
    task_LED1_stk                            0x20000078   Data         320  main.o(.bss)
    task_LED2_stk                            0x200001b8   Data         320  main.o(.bss)
    task_LED3_stk                            0x200002f8   Data         320  main.o(.bss)
    .bss                                     0x20000438   Section      376  global_variable_struct.o(.bss)
    .bss                                     0x200005b0   Section     1164  usart.o(.bss)
    task_LED1_stk                            0x200005b0   Data         320  usart.o(.bss)
    task_LED2_stk                            0x200006f0   Data         320  usart.o(.bss)
    task_LED3_stk                            0x20000830   Data         320  usart.o(.bss)
    .bss                                     0x20000a3c   Section     2520  os_core.o(.bss)
    STACK                                    0x20001418   Section     1024  startup_stm32f10x_hd.o(STACK)

    Global Symbols

    Symbol Name                              Value     Ov Type        Size  Object(Section)

    BuildAttributes$$THM_ISAv4$P$D$K$B$S$PE$A:L22UL41UL21$X:L11$S22US41US21$IEEE1$IW$USESV6$~STKCKD$USESV7$~SHL$OTIME$ROPI$IEEEX$EBA8$MICROLIB$REQ8$PRES8$EABIv2 0x00000000   Number         0  anon$$obj.o ABSOLUTE
    __ARM_use_no_argv                        0x00000000   Number         0  main.o ABSOLUTE
    _printf_a                                0x00000000   Number         0  stubs.o ABSOLUTE
    _printf_c                                0x00000000   Number         0  stubs.o ABSOLUTE
    _printf_charcount                        0x00000000   Number         0  stubs.o ABSOLUTE
    _printf_d                                0x00000000   Number         0  stubs.o ABSOLUTE
    _printf_e                                0x00000000   Number         0  stubs.o ABSOLUTE
    _printf_f                                0x00000000   Number         0  stubs.o ABSOLUTE
    _printf_flags                            0x00000000   Number         0  stubs.o ABSOLUTE
    _printf_fp_dec                           0x00000000   Number         0  stubs.o ABSOLUTE
    _printf_fp_hex                           0x00000000   Number         0  stubs.o ABSOLUTE
    _printf_g                                0x00000000   Number         0  stubs.o ABSOLUTE
    _printf_i                                0x00000000   Number         0  stubs.o ABSOLUTE
    _printf_int_dec                          0x00000000   Number         0  stubs.o ABSOLUTE
    _printf_l                                0x00000000   Number         0  stubs.o ABSOLUTE
    _printf_lc                               0x00000000   Number         0  stubs.o ABSOLUTE
    _printf_ll                               0x00000000   Number         0  stubs.o ABSOLUTE
    _printf_lld                              0x00000000   Number         0  stubs.o ABSOLUTE
    _printf_lli                              0x00000000   Number         0  stubs.o ABSOLUTE
    _printf_llo                              0x00000000   Number         0  stubs.o ABSOLUTE
    _printf_llu                              0x00000000   Number         0  stubs.o ABSOLUTE
    _printf_llx                              0x00000000   Number         0  stubs.o ABSOLUTE
    _printf_longlong_dec                     0x00000000   Number         0  stubs.o ABSOLUTE
    _printf_longlong_hex                     0x00000000   Number         0  stubs.o ABSOLUTE
    _printf_longlong_oct                     0x00000000   Number         0  stubs.o ABSOLUTE
    _printf_ls                               0x00000000   Number         0  stubs.o ABSOLUTE
    _printf_mbtowc                           0x00000000   Number         0  stubs.o ABSOLUTE
    _printf_n                                0x00000000   Number         0  stubs.o ABSOLUTE
    _printf_o                                0x00000000   Number         0  stubs.o ABSOLUTE
    _printf_p                                0x00000000   Number         0  stubs.o ABSOLUTE
    _printf_percent                          0x00000000   Number         0  stubs.o ABSOLUTE
    _printf_pre_padding                      0x00000000   Number         0  stubs.o ABSOLUTE
    _printf_return_value                     0x00000000   Number         0  stubs.o ABSOLUTE
    _printf_s                                0x00000000   Number         0  stubs.o ABSOLUTE
    _printf_sizespec                         0x00000000   Number         0  stubs.o ABSOLUTE
    _printf_str                              0x00000000   Number         0  stubs.o ABSOLUTE
    _printf_truncate_signed                  0x00000000   Number         0  stubs.o ABSOLUTE
    _printf_truncate_unsigned                0x00000000   Number         0  stubs.o ABSOLUTE
    _printf_u                                0x00000000   Number         0  stubs.o ABSOLUTE
    _printf_wc                               0x00000000   Number         0  stubs.o ABSOLUTE
    _printf_wctomb                           0x00000000   Number         0  stubs.o ABSOLUTE
    _printf_widthprec                        0x00000000   Number         0  stubs.o ABSOLUTE
    _printf_x                                0x00000000   Number         0  stubs.o ABSOLUTE
    __cpp_initialize__aeabi_                  - Undefined Weak Reference
    __cxa_finalize                            - Undefined Weak Reference
    __decompress                              - Undefined Weak Reference
    _clock_init                               - Undefined Weak Reference
    _microlib_exit                            - Undefined Weak Reference
    __Vectors_Size                           0x00000130   Number         0  startup_stm32f10x_hd.o ABSOLUTE
    __Vectors                                0x08000000   Data           4  startup_stm32f10x_hd.o(RESET)
    __Vectors_End                            0x08000130   Data           0  startup_stm32f10x_hd.o(RESET)
    __main                                   0x08000131   Thumb Code     0  entry.o(.ARM.Collect$$$$00000000)
    _main_stk                                0x08000131   Thumb Code     0  entry2.o(.ARM.Collect$$$$00000001)
    _main_scatterload                        0x08000135   Thumb Code     0  entry5.o(.ARM.Collect$$$$00000004)
    __main_after_scatterload                 0x08000139   Thumb Code     0  entry5.o(.ARM.Collect$$$$00000004)
    _main_clock                              0x08000139   Thumb Code     0  entry7b.o(.ARM.Collect$$$$00000008)
    _main_cpp_init                           0x08000139   Thumb Code     0  entry8b.o(.ARM.Collect$$$$0000000A)
    _main_init                               0x08000139   Thumb Code     0  entry9a.o(.ARM.Collect$$$$0000000B)
    __rt_final_cpp                           0x08000141   Thumb Code     0  entry10a.o(.ARM.Collect$$$$0000000D)
    __rt_final_exit                          0x08000141   Thumb Code     0  entry11a.o(.ARM.Collect$$$$0000000F)
    Task_LED1                                0x08000145   Thumb Code    22  app.o(.text)
    Task_LED2                                0x0800015b   Thumb Code    64  app.o(.text)
    Task_LED3                                0x0800019b   Thumb Code    44  app.o(.text)
    Battery_Init                             0x080002ed   Thumb Code    12  battery.o(.text)
    Battery_Read                             0x080002f9   Thumb Code    46  battery.o(.text)
    SysTick_init                             0x08000341   Thumb Code    84  bsp.o(.text)
    BSP_Init                                 0x08000395   Thumb Code    20  bsp.o(.text)
    LED_Init                                 0x080003a9   Thumb Code    48  bsp.o(.text)
    main                                     0x080003e9   Thumb Code    30  main.o(.text)
    NMI_Handler                              0x08000411   Thumb Code     2  stm32f10x_it.o(.text)
    HardFault_Handler                        0x08000413   Thumb Code     4  stm32f10x_it.o(.text)
    MemManage_Handler                        0x08000417   Thumb Code     4  stm32f10x_it.o(.text)
    BusFault_Handler                         0x0800041b   Thumb Code     4  stm32f10x_it.o(.text)
    UsageFault_Handler                       0x0800041f   Thumb Code     4  stm32f10x_it.o(.text)
    SVC_Handler                              0x08000423   Thumb Code     2  stm32f10x_it.o(.text)
    DebugMon_Handler                         0x08000425   Thumb Code     2  stm32f10x_it.o(.text)
    PendSV_Handler                           0x08000427   Thumb Code     2  stm32f10x_it.o(.text)
    SysTick_Handler                          0x08000429   Thumb Code    16  stm32f10x_it.o(.text)
    delay_us                                 0x08000439   Thumb Code    42  delay.o(.text)
    Restart_USART_DMA                        0x08000469   Thumb Code    58  debug.o(.text)
    Debug_Init                               0x080004a3   Thumb Code    16  debug.o(.text)
    set_pid                                  0x080004b3   Thumb Code   254  debug.o(.text)
    save_pidparm                             0x080005b1   Thumb Code    84  debug.o(.text)
    get_pidparm                              0x08000605   Thumb Code    92  debug.o(.text)
    clr_pidparm                              0x08000661   Thumb Code    22  debug.o(.text)
    recieve_data                             0x08000677   Thumb Code    70  debug.o(.text)
    SendChar                                 0x080006d5   Thumb Code    30  usart.o(.text)
    GetKey                                   0x080006f3   Thumb Code    24  usart.o(.text)
    usart_Init                               0x0800070b   Thumb Code   124  usart.o(.text)
    USART_DMA                                0x08000787   Thumb Code    82  usart.o(.text)
    fputc                                    0x080007d9   Thumb Code    14  usart.o(.text)
    fgetc                                    0x080007e7   Thumb Code    16  usart.o(.text)
    _ttywrch                                 0x080007f7   Thumb Code    12  usart.o(.text)
    ferror                                   0x08000803   Thumb Code     8  usart.o(.text)
    _sys_exit                                0x0800080b   Thumb Code     4  usart.o(.text)
    Reset_Handler                            0x08000825   Thumb Code     8  startup_stm32f10x_hd.o(.text)
    ADC1_2_IRQHandler                        0x0800083f   Thumb Code     0  startup_stm32f10x_hd.o(.text)
    ADC3_IRQHandler                          0x0800083f   Thumb Code     0  startup_stm32f10x_hd.o(.text)
    CAN1_RX1_IRQHandler                      0x0800083f   Thumb Code     0  startup_stm32f10x_hd.o(.text)
    CAN1_SCE_IRQHandler                      0x0800083f   Thumb Code     0  startup_stm32f10x_hd.o(.text)
    DMA1_Channel1_IRQHandler                 0x0800083f   Thumb Code     0  startup_stm32f10x_hd.o(.text)
    DMA1_Channel2_IRQHandler                 0x0800083f   Thumb Code     0  startup_stm32f10x_hd.o(.text)
    DMA1_Channel3_IRQHandler                 0x0800083f   Thumb Code     0  startup_stm32f10x_hd.o(.text)
    DMA1_Channel4_IRQHandler                 0x0800083f   Thumb Code     0  startup_stm32f10x_hd.o(.text)
    DMA1_Channel5_IRQHandler                 0x0800083f   Thumb Code     0  startup_stm32f10x_hd.o(.text)
    DMA1_Channel6_IRQHandler                 0x0800083f   Thumb Code     0  startup_stm32f10x_hd.o(.text)
    DMA1_Channel7_IRQHandler                 0x0800083f   Thumb Code     0  startup_stm32f10x_hd.o(.text)
    DMA2_Channel1_IRQHandler                 0x0800083f   Thumb Code     0  startup_stm32f10x_hd.o(.text)
    DMA2_Channel2_IRQHandler                 0x0800083f   Thumb Code     0  startup_stm32f10x_hd.o(.text)
    DMA2_Channel3_IRQHandler                 0x0800083f   Thumb Code     0  startup_stm32f10x_hd.o(.text)
    DMA2_Channel4_5_IRQHandler               0x0800083f   Thumb Code     0  startup_stm32f10x_hd.o(.text)
    EXTI0_IRQHandler                         0x0800083f   Thumb Code     0  startup_stm32f10x_hd.o(.text)
    EXTI15_10_IRQHandler                     0x0800083f   Thumb Code     0  startup_stm32f10x_hd.o(.text)
    EXTI1_IRQHandler                         0x0800083f   Thumb Code     0  startup_stm32f10x_hd.o(.text)
    EXTI2_IRQHandler                         0x0800083f   Thumb Code     0  startup_stm32f10x_hd.o(.text)
    EXTI3_IRQHandler                         0x0800083f   Thumb Code     0  startup_stm32f10x_hd.o(.text)
    EXTI4_IRQHandler                         0x0800083f   Thumb Code     0  startup_stm32f10x_hd.o(.text)
    EXTI9_5_IRQHandler                       0x0800083f   Thumb Code     0  startup_stm32f10x_hd.o(.text)
    FLASH_IRQHandler                         0x0800083f   Thumb Code     0  startup_stm32f10x_hd.o(.text)
    FSMC_IRQHandler                          0x0800083f   Thumb Code     0  startup_stm32f10x_hd.o(.text)
    I2C1_ER_IRQHandler                       0x0800083f   Thumb Code     0  startup_stm32f10x_hd.o(.text)
    I2C1_EV_IRQHandler                       0x0800083f   Thumb Code     0  startup_stm32f10x_hd.o(.text)
    I2C2_ER_IRQHandler                       0x0800083f   Thumb Code     0  startup_stm32f10x_hd.o(.text)
    I2C2_EV_IRQHandler                       0x0800083f   Thumb Code     0  startup_stm32f10x_hd.o(.text)
    PVD_IRQHandler                           0x0800083f   Thumb Code     0  startup_stm32f10x_hd.o(.text)
    RCC_IRQHandler                           0x0800083f   Thumb Code     0  startup_stm32f10x_hd.o(.text)
    RTCAlarm_IRQHandler                      0x0800083f   Thumb Code     0  startup_stm32f10x_hd.o(.text)
    RTC_IRQHandler                           0x0800083f   Thumb Code     0  startup_stm32f10x_hd.o(.text)
    SDIO_IRQHandler                          0x0800083f   Thumb Code     0  startup_stm32f10x_hd.o(.text)
    SPI1_IRQHandler                          0x0800083f   Thumb Code     0  startup_stm32f10x_hd.o(.text)
    SPI2_IRQHandler                          0x0800083f   Thumb Code     0  startup_stm32f10x_hd.o(.text)
    SPI3_IRQHandler                          0x0800083f   Thumb Code     0  startup_stm32f10x_hd.o(.text)
    TAMPER_IRQHandler                        0x0800083f   Thumb Code     0  startup_stm32f10x_hd.o(.text)
    TIM1_BRK_IRQHandler                      0x0800083f   Thumb Code     0  startup_stm32f10x_hd.o(.text)
    TIM1_CC_IRQHandler                       0x0800083f   Thumb Code     0  startup_stm32f10x_hd.o(.text)
    TIM1_TRG_COM_IRQHandler                  0x0800083f   Thumb Code     0  startup_stm32f10x_hd.o(.text)
    TIM1_UP_IRQHandler                       0x0800083f   Thumb Code     0  startup_stm32f10x_hd.o(.text)
    TIM2_IRQHandler                          0x0800083f   Thumb Code     0  startup_stm32f10x_hd.o(.text)
    TIM3_IRQHandler                          0x0800083f   Thumb Code     0  startup_stm32f10x_hd.o(.text)
    TIM4_IRQHandler                          0x0800083f   Thumb Code     0  startup_stm32f10x_hd.o(.text)
    TIM5_IRQHandler                          0x0800083f   Thumb Code     0  startup_stm32f10x_hd.o(.text)
    TIM6_IRQHandler                          0x0800083f   Thumb Code     0  startup_stm32f10x_hd.o(.text)
    TIM7_IRQHandler                          0x0800083f   Thumb Code     0  startup_stm32f10x_hd.o(.text)
    TIM8_BRK_IRQHandler                      0x0800083f   Thumb Code     0  startup_stm32f10x_hd.o(.text)
    TIM8_CC_IRQHandler                       0x0800083f   Thumb Code     0  startup_stm32f10x_hd.o(.text)
    TIM8_TRG_COM_IRQHandler                  0x0800083f   Thumb Code     0  startup_stm32f10x_hd.o(.text)
    TIM8_UP_IRQHandler                       0x0800083f   Thumb Code     0  startup_stm32f10x_hd.o(.text)
    UART4_IRQHandler                         0x0800083f   Thumb Code     0  startup_stm32f10x_hd.o(.text)
    UART5_IRQHandler                         0x0800083f   Thumb Code     0  startup_stm32f10x_hd.o(.text)
    USART1_IRQHandler                        0x0800083f   Thumb Code     0  startup_stm32f10x_hd.o(.text)
    USART2_IRQHandler                        0x0800083f   Thumb Code     0  startup_stm32f10x_hd.o(.text)
    USART3_IRQHandler                        0x0800083f   Thumb Code     0  startup_stm32f10x_hd.o(.text)
    USBWakeUp_IRQHandler                     0x0800083f   Thumb Code     0  startup_stm32f10x_hd.o(.text)
    USB_HP_CAN1_TX_IRQHandler                0x0800083f   Thumb Code     0  startup_stm32f10x_hd.o(.text)
    USB_LP_CAN1_RX0_IRQHandler               0x0800083f   Thumb Code     0  startup_stm32f10x_hd.o(.text)
    WWDG_IRQHandler                          0x0800083f   Thumb Code     0  startup_stm32f10x_hd.o(.text)
    SystemInit                               0x08000927   Thumb Code    78  system_stm32f10x.o(.text)
    SystemCoreClockUpdate                    0x08000975   Thumb Code   142  system_stm32f10x.o(.text)
    ADC_DeInit                               0x08000a29   Thumb Code    78  stm32f10x_adc.o(.text)
    ADC_Init                                 0x08000a77   Thumb Code    70  stm32f10x_adc.o(.text)
    ADC_StructInit                           0x08000abd   Thumb Code    18  stm32f10x_adc.o(.text)
    ADC_Cmd                                  0x08000acf   Thumb Code    22  stm32f10x_adc.o(.text)
    ADC_DMACmd                               0x08000ae5   Thumb Code    22  stm32f10x_adc.o(.text)
    ADC_ITConfig                             0x08000afb   Thumb Code    24  stm32f10x_adc.o(.text)
    ADC_ResetCalibration                     0x08000b13   Thumb Code    10  stm32f10x_adc.o(.text)
    ADC_GetResetCalibrationStatus            0x08000b1d   Thumb Code    20  stm32f10x_adc.o(.text)
    ADC_StartCalibration                     0x08000b31   Thumb Code    10  stm32f10x_adc.o(.text)
    ADC_GetCalibrationStatus                 0x08000b3b   Thumb Code    20  stm32f10x_adc.o(.text)
    ADC_SoftwareStartConvCmd                 0x08000b4f   Thumb Code    22  stm32f10x_adc.o(.text)
    ADC_GetSoftwareStartConvStatus           0x08000b65   Thumb Code    20  stm32f10x_adc.o(.text)
    ADC_DiscModeChannelCountConfig           0x08000b79   Thumb Code    24  stm32f10x_adc.o(.text)
    ADC_DiscModeCmd                          0x08000b91   Thumb Code    22  stm32f10x_adc.o(.text)
    ADC_RegularChannelConfig                 0x08000ba7   Thumb Code   184  stm32f10x_adc.o(.text)
    ADC_ExternalTrigConvCmd                  0x08000c5f   Thumb Code    22  stm32f10x_adc.o(.text)
    ADC_GetConversionValue                   0x08000c75   Thumb Code     8  stm32f10x_adc.o(.text)
    ADC_GetDualModeConversionValue           0x08000c7d   Thumb Code     8  stm32f10x_adc.o(.text)
    ADC_AutoInjectedConvCmd                  0x08000c85   Thumb Code    22  stm32f10x_adc.o(.text)
    ADC_InjectedDiscModeCmd                  0x08000c9b   Thumb Code    22  stm32f10x_adc.o(.text)
    ADC_ExternalTrigInjectedConvConfig       0x08000cb1   Thumb Code    16  stm32f10x_adc.o(.text)
    ADC_ExternalTrigInjectedConvCmd          0x08000cc1   Thumb Code    22  stm32f10x_adc.o(.text)
    ADC_SoftwareStartInjectedConvCmd         0x08000cd7   Thumb Code    22  stm32f10x_adc.o(.text)
    ADC_GetSoftwareStartInjectedConvCmdStatus 0x08000ced   Thumb Code    20  stm32f10x_adc.o(.text)
    ADC_InjectedChannelConfig                0x08000d01   Thumb Code   130  stm32f10x_adc.o(.text)
    ADC_InjectedSequencerLengthConfig        0x08000d83   Thumb Code    24  stm32f10x_adc.o(.text)
    ADC_SetInjectedOffset                    0x08000d9b   Thumb Code    20  stm32f10x_adc.o(.text)
    ADC_GetInjectedConversionValue           0x08000daf   Thumb Code    28  stm32f10x_adc.o(.text)
    ADC_AnalogWatchdogCmd                    0x08000dcb   Thumb Code    16  stm32f10x_adc.o(.text)
    ADC_AnalogWatchdogThresholdsConfig       0x08000ddb   Thumb Code     6  stm32f10x_adc.o(.text)
    ADC_AnalogWatchdogSingleChannelConfig    0x08000de1   Thumb Code    16  stm32f10x_adc.o(.text)
    ADC_TempSensorVrefintCmd                 0x08000df1   Thumb Code    64  stm32f10x_adc.o(.text)
    ADC_GetFlagStatus                        0x08000e31   Thumb Code    18  stm32f10x_adc.o(.text)
    ADC_ClearFlag                            0x08000e43   Thumb Code     6  stm32f10x_adc.o(.text)
    ADC_GetITStatus                          0x08000e49   Thumb Code    36  stm32f10x_adc.o(.text)
    ADC_ClearITPendingBit                    0x08000e6d   Thumb Code    10  stm32f10x_adc.o(.text)
    DMA_DeInit                               0x08000e79   Thumb Code   324  stm32f10x_dma.o(.text)
    DMA_Init                                 0x08000fbd   Thumb Code    60  stm32f10x_dma.o(.text)
    DMA_StructInit                           0x08000ff9   Thumb Code    26  stm32f10x_dma.o(.text)
    DMA_Cmd                                  0x08001013   Thumb Code    24  stm32f10x_dma.o(.text)
    DMA_ITConfig                             0x0800102b   Thumb Code    18  stm32f10x_dma.o(.text)
    DMA_SetCurrDataCounter                   0x0800103d   Thumb Code     4  stm32f10x_dma.o(.text)
    DMA_GetCurrDataCounter                   0x08001041   Thumb Code     8  stm32f10x_dma.o(.text)
    DMA_GetFlagStatus                        0x08001049   Thumb Code    40  stm32f10x_dma.o(.text)
    DMA_ClearFlag                            0x08001071   Thumb Code    22  stm32f10x_dma.o(.text)
    DMA_GetITStatus                          0x08001087   Thumb Code    40  stm32f10x_dma.o(.text)
    DMA_ClearITPendingBit                    0x080010af   Thumb Code    22  stm32f10x_dma.o(.text)
    GPIO_DeInit                              0x080010cd   Thumb Code   172  stm32f10x_gpio.o(.text)
    GPIO_AFIODeInit                          0x08001179   Thumb Code    20  stm32f10x_gpio.o(.text)
    GPIO_Init                                0x0800118d   Thumb Code   278  stm32f10x_gpio.o(.text)
    GPIO_StructInit                          0x080012a3   Thumb Code    16  stm32f10x_gpio.o(.text)
    GPIO_ReadInputDataBit                    0x080012b3   Thumb Code    18  stm32f10x_gpio.o(.text)
    GPIO_ReadInputData                       0x080012c5   Thumb Code     8  stm32f10x_gpio.o(.text)
    GPIO_ReadOutputDataBit                   0x080012cd   Thumb Code    18  stm32f10x_gpio.o(.text)
    GPIO_ReadOutputData                      0x080012df   Thumb Code     8  stm32f10x_gpio.o(.text)
    GPIO_SetBits                             0x080012e7   Thumb Code     4  stm32f10x_gpio.o(.text)
    GPIO_ResetBits                           0x080012eb   Thumb Code     4  stm32f10x_gpio.o(.text)
    GPIO_WriteBit                            0x080012ef   Thumb Code    10  stm32f10x_gpio.o(.text)
    GPIO_Write                               0x080012f9   Thumb Code     4  stm32f10x_gpio.o(.text)
    GPIO_PinLockConfig                       0x080012fd   Thumb Code    18  stm32f10x_gpio.o(.text)
    GPIO_EventOutputConfig                   0x0800130f   Thumb Code    26  stm32f10x_gpio.o(.text)
    GPIO_EventOutputCmd                      0x08001329   Thumb Code     6  stm32f10x_gpio.o(.text)
    GPIO_PinRemapConfig                      0x0800132f   Thumb Code   138  stm32f10x_gpio.o(.text)
    GPIO_EXTILineConfig                      0x080013b9   Thumb Code    66  stm32f10x_gpio.o(.text)
    GPIO_ETH_MediaInterfaceConfig            0x080013fb   Thumb Code     8  stm32f10x_gpio.o(.text)
    RCC_DeInit                               0x08001429   Thumb Code    64  stm32f10x_rcc.o(.text)
    RCC_HSEConfig                            0x08001469   Thumb Code    70  stm32f10x_rcc.o(.text)
    RCC_GetFlagStatus                        0x080014af   Thumb Code    56  stm32f10x_rcc.o(.text)
    RCC_WaitForHSEStartUp                    0x080014e7   Thumb Code    56  stm32f10x_rcc.o(.text)
    RCC_AdjustHSICalibrationValue            0x0800151f   Thumb Code    20  stm32f10x_rcc.o(.text)
    RCC_HSICmd                               0x08001533   Thumb Code     6  stm32f10x_rcc.o(.text)
    RCC_PLLConfig                            0x08001539   Thumb Code    24  stm32f10x_rcc.o(.text)
    RCC_PLLCmd                               0x08001551   Thumb Code     6  stm32f10x_rcc.o(.text)
    RCC_SYSCLKConfig                         0x08001557   Thumb Code    18  stm32f10x_rcc.o(.text)
    RCC_GetSYSCLKSource                      0x08001569   Thumb Code    10  stm32f10x_rcc.o(.text)
    RCC_HCLKConfig                           0x08001573   Thumb Code    18  stm32f10x_rcc.o(.text)
    RCC_PCLK1Config                          0x08001585   Thumb Code    18  stm32f10x_rcc.o(.text)
    RCC_PCLK2Config                          0x08001597   Thumb Code    20  stm32f10x_rcc.o(.text)
    RCC_ITConfig                             0x080015ab   Thumb Code    26  stm32f10x_rcc.o(.text)
    RCC_USBCLKConfig                         0x080015c5   Thumb Code     8  stm32f10x_rcc.o(.text)
    RCC_ADCCLKConfig                         0x080015cd   Thumb Code    18  stm32f10x_rcc.o(.text)
    RCC_LSEConfig                            0x080015df   Thumb Code    50  stm32f10x_rcc.o(.text)
    RCC_LSICmd                               0x08001611   Thumb Code     6  stm32f10x_rcc.o(.text)
    RCC_RTCCLKConfig                         0x08001617   Thumb Code    12  stm32f10x_rcc.o(.text)
    RCC_RTCCLKCmd                            0x08001623   Thumb Code     8  stm32f10x_rcc.o(.text)
    RCC_GetClocksFreq                        0x0800162b   Thumb Code   192  stm32f10x_rcc.o(.text)
    RCC_AHBPeriphClockCmd                    0x080016eb   Thumb Code    26  stm32f10x_rcc.o(.text)
    RCC_APB2PeriphClockCmd                   0x08001705   Thumb Code    26  stm32f10x_rcc.o(.text)
    RCC_APB1PeriphClockCmd                   0x0800171f   Thumb Code    26  stm32f10x_rcc.o(.text)
    RCC_APB2PeriphResetCmd                   0x08001739   Thumb Code    26  stm32f10x_rcc.o(.text)
    RCC_APB1PeriphResetCmd                   0x08001753   Thumb Code    26  stm32f10x_rcc.o(.text)
    RCC_BackupResetCmd                       0x0800176d   Thumb Code     8  stm32f10x_rcc.o(.text)
    RCC_ClockSecuritySystemCmd               0x08001775   Thumb Code     6  stm32f10x_rcc.o(.text)
    RCC_MCOConfig                            0x0800177b   Thumb Code     6  stm32f10x_rcc.o(.text)
    RCC_ClearFlag                            0x08001781   Thumb Code    14  stm32f10x_rcc.o(.text)
    RCC_GetITStatus                          0x0800178f   Thumb Code    20  stm32f10x_rcc.o(.text)
    RCC_ClearITPendingBit                    0x080017a3   Thumb Code     6  stm32f10x_rcc.o(.text)
    USART_DeInit                             0x080017cd   Thumb Code   134  stm32f10x_usart.o(.text)
    USART_Init                               0x08001853   Thumb Code   210  stm32f10x_usart.o(.text)
    USART_StructInit                         0x08001925   Thumb Code    24  stm32f10x_usart.o(.text)
    USART_ClockInit                          0x0800193d   Thumb Code    34  stm32f10x_usart.o(.text)
    USART_ClockStructInit                    0x0800195f   Thumb Code    12  stm32f10x_usart.o(.text)
    USART_Cmd                                0x0800196b   Thumb Code    24  stm32f10x_usart.o(.text)
    USART_ITConfig                           0x08001983   Thumb Code    74  stm32f10x_usart.o(.text)
    USART_DMACmd                             0x080019cd   Thumb Code    18  stm32f10x_usart.o(.text)
    USART_SetAddress                         0x080019df   Thumb Code    18  stm32f10x_usart.o(.text)
    USART_WakeUpConfig                       0x080019f1   Thumb Code    18  stm32f10x_usart.o(.text)
    USART_ReceiverWakeUpCmd                  0x08001a03   Thumb Code    24  stm32f10x_usart.o(.text)
    USART_LINBreakDetectLengthConfig         0x08001a1b   Thumb Code    18  stm32f10x_usart.o(.text)
    USART_LINCmd                             0x08001a2d   Thumb Code    24  stm32f10x_usart.o(.text)
    USART_SendData                           0x08001a45   Thumb Code     8  stm32f10x_usart.o(.text)
    USART_ReceiveData                        0x08001a4d   Thumb Code    10  stm32f10x_usart.o(.text)
    USART_SendBreak                          0x08001a57   Thumb Code    10  stm32f10x_usart.o(.text)
    USART_SetGuardTime                       0x08001a61   Thumb Code    16  stm32f10x_usart.o(.text)
    USART_SetPrescaler                       0x08001a71   Thumb Code    16  stm32f10x_usart.o(.text)
    USART_SmartCardCmd                       0x08001a81   Thumb Code    24  stm32f10x_usart.o(.text)
    USART_SmartCardNACKCmd                   0x08001a99   Thumb Code    24  stm32f10x_usart.o(.text)
    USART_HalfDuplexCmd                      0x08001ab1   Thumb Code    24  stm32f10x_usart.o(.text)
    USART_OverSampling8Cmd                   0x08001ac9   Thumb Code    22  stm32f10x_usart.o(.text)
    USART_OneBitMethodCmd                    0x08001adf   Thumb Code    24  stm32f10x_usart.o(.text)
    USART_IrDAConfig                         0x08001af7   Thumb Code    18  stm32f10x_usart.o(.text)
    USART_IrDACmd                            0x08001b09   Thumb Code    24  stm32f10x_usart.o(.text)
    USART_GetFlagStatus                      0x08001b21   Thumb Code    26  stm32f10x_usart.o(.text)
    USART_ClearFlag                          0x08001b3b   Thumb Code    18  stm32f10x_usart.o(.text)
    USART_GetITStatus                        0x08001b4d   Thumb Code    84  stm32f10x_usart.o(.text)
    USART_ClearITPendingBit                  0x08001ba1   Thumb Code    52  stm32f10x_usart.o(.text)
    OS_CPU_SR_Save                           0x08001bd5   Thumb Code     0  os_cpu_a.o(.text)
    OS_CPU_SR_Restore                        0x08001bdd   Thumb Code     0  os_cpu_a.o(.text)
    OSStartHighRdy                           0x08001be3   Thumb Code     0  os_cpu_a.o(.text)
    OSCtxSw                                  0x08001c03   Thumb Code     0  os_cpu_a.o(.text)
    OSIntCtxSw                               0x08001c0d   Thumb Code     0  os_cpu_a.o(.text)
    OS_CPU_PendSVHandler                     0x08001c17   Thumb Code     0  os_cpu_a.o(.text)
    OSInitHookBegin                          0x08001c79   Thumb Code     2  os_cpu_c.o(.text)
    OSInitHookEnd                            0x08001c7b   Thumb Code     2  os_cpu_c.o(.text)
    OSTaskCreateHook                         0x08001c7d   Thumb Code     2  os_cpu_c.o(.text)
    OSTaskDelHook                            0x08001c7f   Thumb Code     2  os_cpu_c.o(.text)
    OSTaskIdleHook                           0x08001c81   Thumb Code     2  os_cpu_c.o(.text)
    OSTaskStatHook                           0x08001c83   Thumb Code     2  os_cpu_c.o(.text)
    OSTaskStkInit                            0x08001c85   Thumb Code   154  os_cpu_c.o(.text)
    OSTaskSwHook                             0x08001d1f   Thumb Code     2  os_cpu_c.o(.text)
    OSTCBInitHook                            0x08001d21   Thumb Code     2  os_cpu_c.o(.text)
    OSTimeTickHook                           0x08001d23   Thumb Code     2  os_cpu_c.o(.text)
    OS_TaskStatStkChk                        0x08001d25   Thumb Code    54  os_core.o(.text)
    OS_TaskStat                              0x08001d5b   Thumb Code   114  os_core.o(.text)
    OS_TaskIdle                              0x08001e01   Thumb Code    32  os_core.o(.text)
    OS_MemClr                                0x08001e57   Thumb Code    18  os_core.o(.text)
    OSInit                                   0x08001f19   Thumb Code    36  os_core.o(.text)
    OSIntEnter                               0x08001f3d   Thumb Code    28  os_core.o(.text)
    OSIntExit                                0x08001f73   Thumb Code   112  os_core.o(.text)
    OSSchedLock                              0x08001fe3   Thumb Code    50  os_core.o(.text)
    OS_Sched                                 0x08002015   Thumb Code    86  os_core.o(.text)
    OSSchedUnlock                            0x0800206b   Thumb Code    84  os_core.o(.text)
    OSStart                                  0x080020bf   Thumb Code    48  os_core.o(.text)
    OSStatInit                               0x080020ef   Thumb Code   198  os_core.o(.text)
    OSTimeTick                               0x080021b5   Thumb Code   200  os_core.o(.text)
    OSVersion                                0x0800227d   Thumb Code     6  os_core.o(.text)
    OS_Dummy                                 0x08002283   Thumb Code     2  os_core.o(.text)
    OS_MemCopy                               0x08002285   Thumb Code    20  os_core.o(.text)
    OS_StrCopy                               0x08002299   Thumb Code    28  os_core.o(.text)
    OS_StrLen                                0x080022b5   Thumb Code    20  os_core.o(.text)
    OS_TCBInit                               0x080022c9   Thumb Code   252  os_core.o(.text)
    OSTaskChangePrio                         0x080023e9   Thumb Code   270  os_task.o(.text)
    OSTaskCreate                             0x080024f7   Thumb Code   158  os_task.o(.text)
    OS_TaskStkClr                            0x08002595   Thumb Code    26  os_task.o(.text)
    OSTaskCreateExt                          0x080025af   Thumb Code   180  os_task.o(.text)
    OSTaskDel                                0x08002663   Thumb Code   288  os_task.o(.text)
    OSTaskDelReq                             0x08002783   Thumb Code   154  os_task.o(.text)
    OSTaskNameGet                            0x0800281d   Thumb Code   148  os_task.o(.text)
    OSTaskNameSet                            0x080028b1   Thumb Code   160  os_task.o(.text)
    OSTaskResume                             0x08002951   Thumb Code   156  os_task.o(.text)
    OSTaskStkChk                             0x080029ed   Thumb Code   150  os_task.o(.text)
    OSTaskSuspend                            0x08002a83   Thumb Code   168  os_task.o(.text)
    OSTaskQuery                              0x08002b2b   Thumb Code   100  os_task.o(.text)
    OSTimeDly                                0x08002ba9   Thumb Code    96  os_time.o(.text)
    OSTimeDlyHMSM                            0x08002c09   Thumb Code   160  os_time.o(.text)
    OSTimeDlyResume                          0x08002ca9   Thumb Code   158  os_time.o(.text)
    OSTimeGet                                0x08002d47   Thumb Code    24  os_time.o(.text)
    OSTimeSet                                0x08002d5f   Thumb Code    24  os_time.o(.text)
    __aeabi_memset                           0x08002d91   Thumb Code    14  memseta.o(.text)
    __aeabi_memset4                          0x08002d91   Thumb Code     0  memseta.o(.text)
    __aeabi_memset8                          0x08002d91   Thumb Code     0  memseta.o(.text)
    __aeabi_memclr                           0x08002d9f   Thumb Code     4  memseta.o(.text)
    __aeabi_memclr4                          0x08002d9f   Thumb Code     0  memseta.o(.text)
    __aeabi_memclr8                          0x08002d9f   Thumb Code     0  memseta.o(.text)
    _memset$wrapper                          0x08002da3   Thumb Code    18  memseta.o(.text)
    __aeabi_dadd                             0x08002db5   Thumb Code   322  dadd.o(.text)
    __aeabi_dsub                             0x08002ef7   Thumb Code     6  dadd.o(.text)
    __aeabi_drsub                            0x08002efd   Thumb Code     6  dadd.o(.text)
    __aeabi_dmul                             0x08002f03   Thumb Code   228  dmul.o(.text)
    __aeabi_ddiv                             0x08002fe7   Thumb Code   222  ddiv.o(.text)
    __aeabi_ui2f                             0x080030c5   Thumb Code    10  ffltui.o(.text)
    __aeabi_i2d                              0x080030cf   Thumb Code    34  dflti.o(.text)
    __aeabi_ui2d                             0x080030f1   Thumb Code    26  dfltui.o(.text)
    __aeabi_d2uiz                            0x0800310b   Thumb Code    50  dfixui.o(.text)
    __aeabi_f2d                              0x0800313d   Thumb Code    38  f2d.o(.text)
    __aeabi_cdcmpeq                          0x08003165   Thumb Code     0  cdcmple.o(.text)
    __aeabi_cdcmple                          0x08003165   Thumb Code    48  cdcmple.o(.text)
    __aeabi_d2f                              0x08003195   Thumb Code    56  d2f.o(.text)
    __aeabi_uidiv                            0x080031cd   Thumb Code     0  uidiv.o(.text)
    __aeabi_uidivmod                         0x080031cd   Thumb Code    44  uidiv.o(.text)
    __aeabi_llsl                             0x080031f9   Thumb Code    30  llshl.o(.text)
    _ll_shift_l                              0x080031f9   Thumb Code     0  llshl.o(.text)
    __aeabi_llsr                             0x08003217   Thumb Code    32  llushr.o(.text)
    _ll_ushift_r                             0x08003217   Thumb Code     0  llushr.o(.text)
    __aeabi_lasr                             0x08003237   Thumb Code    36  llsshr.o(.text)
    _ll_sshift_r                             0x08003237   Thumb Code     0  llsshr.o(.text)
    __I$use$fp                               0x0800325b   Thumb Code     0  iusefp.o(.text)
    _float_round                             0x0800325b   Thumb Code    18  fepilogue.o(.text)
    _float_epilogue                          0x0800326d   Thumb Code    92  fepilogue.o(.text)
    _double_round                            0x080032c9   Thumb Code    30  depilogue.o(.text)
    _double_epilogue                         0x080032e7   Thumb Code   156  depilogue.o(.text)
    __ARM_scalbn                             0x08003383   Thumb Code    46  dscalb.o(.text)
    scalbn                                   0x08003383   Thumb Code     0  dscalb.o(.text)
    __aeabi_cdrcmple                         0x080033b1   Thumb Code    48  cdrcmple.o(.text)
    __scatterload                            0x080033e1   Thumb Code    28  init.o(.text)
    __scatterload_rt2                        0x080033e1   Thumb Code     0  init.o(.text)
    _dsqrt                                   0x08003405   Thumb Code   162  dsqrt.o(.text)
    __0printf$1                              0x080034a9   Thumb Code    22  printf1.o(i.__0printf$1)
    __1printf$1                              0x080034a9   Thumb Code     0  printf1.o(i.__0printf$1)
    __2printf                                0x080034a9   Thumb Code     0  printf1.o(i.__0printf$1)
    __ARM_fpclassify                         0x080034c9   Thumb Code    40  fpclassify.o(i.__ARM_fpclassify)
    __kernel_poly                            0x080034f1   Thumb Code   170  poly.o(i.__kernel_poly)
    __mathlib_dbl_divzero                    0x0800359d   Thumb Code    12  dunder.o(i.__mathlib_dbl_divzero)
    __mathlib_dbl_infnan2                    0x080035ad   Thumb Code     4  dunder.o(i.__mathlib_dbl_infnan2)
    __mathlib_dbl_invalid                    0x080035b1   Thumb Code    12  dunder.o(i.__mathlib_dbl_invalid)
    __mathlib_dbl_overflow                   0x080035bd   Thumb Code    14  dunder.o(i.__mathlib_dbl_overflow)
    __mathlib_dbl_underflow                  0x080035cd   Thumb Code    10  dunder.o(i.__mathlib_dbl_underflow)
    __scatterload_copy                       0x080035dd   Thumb Code    14  handlers.o(i.__scatterload_copy)
    __scatterload_null                       0x080035eb   Thumb Code     2  handlers.o(i.__scatterload_null)
    __scatterload_zeroinit                   0x080035ed   Thumb Code    14  handlers.o(i.__scatterload_zeroinit)
    __set_errno                              0x080035fd   Thumb Code     6  errno.o(i.__set_errno)
    pow                                      0x0800375d   Thumb Code  2512  pow.o(i.pow)
    sqrt                                     0x08004135   Thumb Code    76  sqrt.o(i.sqrt)
    OSUnMapTbl                               0x08004180   Data         256  os_core.o(.constdata)
    __mathlib_zero                           0x08004308   Data           8  qnan.o(.constdata)
    Region$$Table$$Base                      0x08004310   Number         0  anon$$obj.o(Region$$Table)
    Region$$Table$$Limit                     0x08004330   Number         0  anon$$obj.o(Region$$Table)
    battery                                  0x20000000   Data           4  global_variable_struct.o(.data)
    flag                                     0x20000004   Data           1  global_variable_struct.o(.data)
    motor_pwm                                0x20000005   Data           4  global_variable_struct.o(.data)
    __stdout                                 0x2000000c   Data           4  usart.o(.data)
    __stdin                                  0x20000010   Data           4  usart.o(.data)
    SystemCoreClock                          0x20000014   Data           4  system_stm32f10x.o(.data)
    AHBPrescTable                            0x20000018   Data          16  system_stm32f10x.o(.data)
    OSCtxSwCtr                               0x2000003c   Data           4  os_core.o(.data)
    OSCPUUsage                               0x20000040   Data           1  os_core.o(.data)
    OSIdleCtrMax                             0x20000044   Data           4  os_core.o(.data)
    OSIdleCtrRun                             0x20000048   Data           4  os_core.o(.data)
    OSStatRdy                                0x2000004c   Data           1  os_core.o(.data)
    OSIntNesting                             0x2000004d   Data           1  os_core.o(.data)
    OSLockNesting                            0x2000004e   Data           1  os_core.o(.data)
    OSPrioCur                                0x2000004f   Data           1  os_core.o(.data)
    OSPrioHighRdy                            0x20000050   Data           1  os_core.o(.data)
    OSRdyGrp                                 0x20000051   Data           1  os_core.o(.data)
    OSRdyTbl                                 0x20000052   Data           4  os_core.o(.data)
    OSRunning                                0x20000056   Data           1  os_core.o(.data)
    OSTaskCtr                                0x20000057   Data           1  os_core.o(.data)
    OSIdleCtr                                0x20000058   Data           4  os_core.o(.data)
    OSTCBCur                                 0x2000005c   Data           4  os_core.o(.data)
    OSTCBFreeList                            0x20000060   Data           4  os_core.o(.data)
    OSTCBHighRdy                             0x20000064   Data           4  os_core.o(.data)
    OSTCBList                                0x20000068   Data           4  os_core.o(.data)
    OSTickStepState                          0x2000006c   Data           1  os_core.o(.data)
    OSTime                                   0x20000070   Data           4  os_core.o(.data)
    mpu                                      0x20000438   Data          56  global_variable_struct.o(.bss)
    kalman                                   0x20000470   Data         280  global_variable_struct.o(.bss)
    pid                                      0x20000588   Data          40  global_variable_struct.o(.bss)
    USART_DMA_InitStructure                  0x20000970   Data          44  usart.o(.bss)
    USART_TxBuffer                           0x2000099c   Data          80  usart.o(.bss)
    USART_RxBuffer                           0x200009ec   Data          80  usart.o(.bss)
    OSTaskStatStk                            0x20000a3c   Data         512  os_core.o(.bss)
    OSTaskIdleStk                            0x20000c3c   Data         512  os_core.o(.bss)
    OSTCBPrioTbl                             0x20000e3c   Data         128  os_core.o(.bss)
    OSTCBTbl                                 0x20000ebc   Data        1368  os_core.o(.bss)
    __initial_sp                             0x20001818   Data           0  startup_stm32f10x_hd.o(STACK)



==============================================================================

Memory Map of the image

  Image Entry point : 0x08000131

  Load Region LR_IROM1 (Base: 0x08000000, Size: 0x000043a8, Max: 0x00010000, ABSOLUTE)

    Execution Region ER_IROM1 (Base: 0x08000000, Size: 0x00004330, Max: 0x00010000, ABSOLUTE)

    Base Addr    Size         Type   Attr      Idx    E Section Name        Object

    0x08000000   0x00000130   Data   RO          392    RESET               startup_stm32f10x_hd.o
    0x08000130   0x00000000   Code   RO          850  * .ARM.Collect$$$$00000000  mc_w.l(entry.o)
    0x08000130   0x00000004   Code   RO         1171    .ARM.Collect$$$$00000001  mc_w.l(entry2.o)
    0x08000134   0x00000004   Code   RO         1174    .ARM.Collect$$$$00000004  mc_w.l(entry5.o)
    0x08000138   0x00000000   Code   RO         1176    .ARM.Collect$$$$00000008  mc_w.l(entry7b.o)
    0x08000138   0x00000000   Code   RO         1178    .ARM.Collect$$$$0000000A  mc_w.l(entry8b.o)
    0x08000138   0x00000008   Code   RO         1179    .ARM.Collect$$$$0000000B  mc_w.l(entry9a.o)
    0x08000140   0x00000000   Code   RO         1181    .ARM.Collect$$$$0000000D  mc_w.l(entry10a.o)
    0x08000140   0x00000000   Code   RO         1183    .ARM.Collect$$$$0000000F  mc_w.l(entry11a.o)
    0x08000140   0x00000004   Code   RO         1172    .ARM.Collect$$$$00002712  mc_w.l(entry2.o)
    0x08000144   0x000000a8   Code   RO            1    .text               app.o
    0x080001ec   0x00000154   Code   RO          188    .text               battery.o
    0x08000340   0x000000a8   Code   RO          225    .text               bsp.o
    0x080003e8   0x00000028   Code   RO          243    .text               main.o
    0x08000410   0x00000028   Code   RO          273    .text               stm32f10x_it.o
    0x08000438   0x00000030   Code   RO          307    .text               delay.o
    0x08000468   0x0000026c   Code   RO          342    .text               debug.o
    0x080006d4   0x00000150   Code   RO          360    .text               usart.o
    0x08000824   0x00000024   Code   RO          393    .text               startup_stm32f10x_hd.o
    0x08000848   0x000001e0   Code   RO          408    .text               system_stm32f10x.o
    0x08000a28   0x0000044e   Code   RO          457    .text               stm32f10x_adc.o
    0x08000e76   0x00000002   PAD
    0x08000e78   0x00000254   Code   RO          541    .text               stm32f10x_dma.o
    0x080010cc   0x0000035c   Code   RO          589    .text               stm32f10x_gpio.o
    0x08001428   0x000003a4   Code   RO          637    .text               stm32f10x_rcc.o
    0x080017cc   0x00000408   Code   RO          699    .text               stm32f10x_usart.o
    0x08001bd4   0x000000a4   Code   RO          723    .text               os_cpu_a.o
    0x08001c78   0x000000ac   Code   RO          726    .text               os_cpu_c.o
    0x08001d24   0x000006c4   Code   RO          754    .text               os_core.o
    0x080023e8   0x000007c0   Code   RO          810    .text               os_task.o
    0x08002ba8   0x000001e8   Code   RO          822    .text               os_time.o
    0x08002d90   0x00000024   Code   RO          853    .text               mc_w.l(memseta.o)
    0x08002db4   0x0000014e   Code   RO         1122    .text               mf_w.l(dadd.o)
    0x08002f02   0x000000e4   Code   RO         1124    .text               mf_w.l(dmul.o)
    0x08002fe6   0x000000de   Code   RO         1126    .text               mf_w.l(ddiv.o)
    0x080030c4   0x0000000a   Code   RO         1130    .text               mf_w.l(ffltui.o)
    0x080030ce   0x00000022   Code   RO         1132    .text               mf_w.l(dflti.o)
    0x080030f0   0x0000001a   Code   RO         1134    .text               mf_w.l(dfltui.o)
    0x0800310a   0x00000032   Code   RO         1136    .text               mf_w.l(dfixui.o)
    0x0800313c   0x00000026   Code   RO         1138    .text               mf_w.l(f2d.o)
    0x08003162   0x00000002   PAD
    0x08003164   0x00000030   Code   RO         1140    .text               mf_w.l(cdcmple.o)
    0x08003194   0x00000038   Code   RO         1142    .text               mf_w.l(d2f.o)
    0x080031cc   0x0000002c   Code   RO         1185    .text               mc_w.l(uidiv.o)
    0x080031f8   0x0000001e   Code   RO         1189    .text               mc_w.l(llshl.o)
    0x08003216   0x00000020   Code   RO         1191    .text               mc_w.l(llushr.o)
    0x08003236   0x00000024   Code   RO         1193    .text               mc_w.l(llsshr.o)
    0x0800325a   0x00000000   Code   RO         1202    .text               mc_w.l(iusefp.o)
    0x0800325a   0x0000006e   Code   RO         1203    .text               mf_w.l(fepilogue.o)
    0x080032c8   0x000000ba   Code   RO         1205    .text               mf_w.l(depilogue.o)
    0x08003382   0x0000002e   Code   RO         1207    .text               mf_w.l(dscalb.o)
    0x080033b0   0x00000030   Code   RO         1211    .text               mf_w.l(cdrcmple.o)
    0x080033e0   0x00000024   Code   RO         1213    .text               mc_w.l(init.o)
    0x08003404   0x000000a2   Code   RO         1215    .text               mf_w.l(dsqrt.o)
    0x080034a6   0x00000002   PAD
    0x080034a8   0x00000020   Code   RO          900    i.__0printf$1       mc_w.l(printf1.o)
    0x080034c8   0x00000028   Code   RO         1158    i.__ARM_fpclassify  m_ws.l(fpclassify.o)
    0x080034f0   0x000000aa   Code   RO         1160    i.__kernel_poly     m_ws.l(poly.o)
    0x0800359a   0x00000002   PAD
    0x0800359c   0x00000010   Code   RO         1144    i.__mathlib_dbl_divzero  m_ws.l(dunder.o)
    0x080035ac   0x00000004   Code   RO         1146    i.__mathlib_dbl_infnan2  m_ws.l(dunder.o)
    0x080035b0   0x0000000c   Code   RO         1147    i.__mathlib_dbl_invalid  m_ws.l(dunder.o)
    0x080035bc   0x0000000e   Code   RO         1148    i.__mathlib_dbl_overflow  m_ws.l(dunder.o)
    0x080035ca   0x00000002   PAD
    0x080035cc   0x00000010   Code   RO         1150    i.__mathlib_dbl_underflow  m_ws.l(dunder.o)
    0x080035dc   0x0000000e   Code   RO         1219    i.__scatterload_copy  mc_w.l(handlers.o)
    0x080035ea   0x00000002   Code   RO         1220    i.__scatterload_null  mc_w.l(handlers.o)
    0x080035ec   0x0000000e   Code   RO         1221    i.__scatterload_zeroinit  mc_w.l(handlers.o)
    0x080035fa   0x00000002   PAD
    0x080035fc   0x0000000c   Code   RO         1197    i.__set_errno       mc_w.l(errno.o)
    0x08003608   0x00000154   Code   RO          907    i._printf_core      mc_w.l(printf1.o)
    0x0800375c   0x000009d8   Code   RO          841    i.pow               m_ws.l(pow.o)
    0x08004134   0x0000004c   Code   RO         1164    i.sqrt              m_ws.l(sqrt.o)
    0x08004180   0x00000100   Data   RO          756    .constdata          os_core.o
    0x08004280   0x00000088   Data   RO          842    .constdata          m_ws.l(pow.o)
    0x08004308   0x00000008   Data   RO         1162    .constdata          m_ws.l(qnan.o)
    0x08004310   0x00000020   Data   RO         1217    Region$$Table       anon$$obj.o


    Execution Region RW_IRAM1 (Base: 0x20000000, Size: 0x00001818, Max: 0x00005000, ABSOLUTE)

    Base Addr    Size         Type   Attr      Idx    E Section Name        Object

    0x20000000   0x00000009   Data   RW          262    .data               global_variable_struct.o
    0x20000009   0x00000003   PAD
    0x2000000c   0x00000008   Data   RW          362    .data               usart.o
    0x20000014   0x00000014   Data   RW          409    .data               system_stm32f10x.o
    0x20000028   0x00000014   Data   RW          638    .data               stm32f10x_rcc.o
    0x2000003c   0x00000038   Data   RW          757    .data               os_core.o
    0x20000074   0x00000004   Data   RW         1198    .data               mc_w.l(errno.o)
    0x20000078   0x000003c0   Zero   RW          244    .bss                main.o
    0x20000438   0x00000178   Zero   RW          261    .bss                global_variable_struct.o
    0x200005b0   0x0000048c   Zero   RW          361    .bss                usart.o
    0x20000a3c   0x000009d8   Zero   RW          755    .bss                os_core.o
    0x20001414   0x00000004   PAD
    0x20001418   0x00000400   Zero   RW          390    STACK               startup_stm32f10x_hd.o


==============================================================================

Image component sizes


      Code (inc. data)   RO Data    RW Data    ZI Data      Debug   Object Name

       168         38          0          0          0     257325   app.o
       340         26          0          0          0       1060   battery.o
       168         16          0          0          0      15960   bsp.o
       620         24          0          0          0       1961   debug.o
        48          6          0          0          0        503   delay.o
         0          0          0          9        376       1248   global_variable_struct.o
        40         10          0          0        960        651   main.o
      1732        172        256         56       2520      13754   os_core.o
       164         32          0          0          0        296   os_cpu_a.o
       172          0          0          0          0      10302   os_cpu_c.o
      1984         68          0          0          0       7009   os_task.o
       488         26          0          0          0       1930   os_time.o
        36          8        304          0       1024        812   startup_stm32f10x_hd.o
      1102         26          0          0          0      10937   stm32f10x_adc.o
       596          8          0          0          0       4262   stm32f10x_dma.o
       860         38          0          0          0       5629   stm32f10x_gpio.o
        40          0          0          0          0       1270   stm32f10x_it.o
       932         36          0         20          0       8776   stm32f10x_rcc.o
      1032         22          0          0          0       8356   stm32f10x_usart.o
       480         38          0         20          0       1715   system_stm32f10x.o
       336         22          0          8       1164       3989   usart.o

    ----------------------------------------------------------------------
     11340        616        592        116       6048     357745   Object Totals
         0          0         32          0          0          0   (incl. Generated)
         2          0          0          3          4          0   (incl. Padding)

    ----------------------------------------------------------------------

      Code (inc. data)   RO Data    RW Data    ZI Data      Debug   Library Member Name

        62         10          0          0          0        340   dunder.o
        40          0          0          0          0         68   fpclassify.o
       170          0          0          0          0         96   poly.o
      2520        190        136          0          0        324   pow.o
         0          0          8          0          0          0   qnan.o
        76          0          0          0          0         84   sqrt.o
         0          0          0          0          0          0   entry.o
         0          0          0          0          0          0   entry10a.o
         0          0          0          0          0          0   entry11a.o
         8          4          0          0          0          0   entry2.o
         4          0          0          0          0          0   entry5.o
         0          0          0          0          0          0   entry7b.o
         0          0          0          0          0          0   entry8b.o
         8          4          0          0          0          0   entry9a.o
        12          6          0          4          0         68   errno.o
        30          0          0          0          0          0   handlers.o
        36          8          0          0          0         68   init.o
         0          0          0          0          0          0   iusefp.o
        30          0          0          0          0         68   llshl.o
        36          0          0          0          0         68   llsshr.o
        32          0          0          0          0         68   llushr.o
        36          0          0          0          0        108   memseta.o
       372         14          0          0          0        184   printf1.o
        44          0          0          0          0         80   uidiv.o
        48          0          0          0          0         68   cdcmple.o
        48          0          0          0          0         68   cdrcmple.o
        56          0          0          0          0         88   d2f.o
       334          0          0          0          0        148   dadd.o
       222          0          0          0          0        100   ddiv.o
       186          0          0          0          0        176   depilogue.o
        50          0          0          0          0         76   dfixui.o
        34          0          0          0          0         76   dflti.o
        26          0          0          0          0         76   dfltui.o
       228          0          0          0          0         96   dmul.o
        46          0          0          0          0         80   dscalb.o
       162          0          0          0          0        100   dsqrt.o
        38          0          0          0          0         68   f2d.o
       110          0          0          0          0        168   fepilogue.o
        10          0          0          0          0         68   ffltui.o

    ----------------------------------------------------------------------
      5124        236        144          4          0       3080   Library Totals
        10          0          0          0          0          0   (incl. Padding)

    ----------------------------------------------------------------------

      Code (inc. data)   RO Data    RW Data    ZI Data      Debug   Library Name

      2868        200        144          0          0        912   m_ws.l
       648         36          0          4          0        712   mc_w.l
      1598          0          0          0          0       1456   mf_w.l

    ----------------------------------------------------------------------
      5124        236        144          4          0       3080   Library Totals

    ----------------------------------------------------------------------

==============================================================================


      Code (inc. data)   RO Data    RW Data    ZI Data      Debug   

     16464        852        736        120       6048     357545   Grand Totals
     16464        852        736        120       6048     357545   ELF Image Totals
     16464        852        736        120          0          0   ROM Totals

==============================================================================

    Total RO  Size (Code + RO Data)                17200 (  16.80kB)
    Total RW  Size (RW Data + ZI Data)              6168 (   6.02kB)
    Total ROM Size (Code + RO Data + RW Data)      17320 (  16.91kB)

==============================================================================

